Archive member included to satisfy reference by file (symbol)

c:/program files (x86)/gnu tools arm embedded/6.2 2016q4/bin/../lib/gcc/arm-none-eabi/6.2.1/thumb/v7-m\libgcc.a(_arm_muldivdf3.o)
                              ./src/clib.o (__aeabi_dmul)
c:/program files (x86)/gnu tools arm embedded/6.2 2016q4/bin/../lib/gcc/arm-none-eabi/6.2.1/thumb/v7-m\libgcc.a(_arm_fixunsdfsi.o)
                              ./src/clib.o (__aeabi_d2uiz)
c:/program files (x86)/gnu tools arm embedded/6.2 2016q4/bin/../lib/gcc/arm-none-eabi/6.2.1/../../../../arm-none-eabi/lib/thumb/v7-m\libg_nano.a(lib_a-errno.o)
                              ./system/src/newlib/_sbrk.o (__errno)
c:/program files (x86)/gnu tools arm embedded/6.2 2016q4/bin/../lib/gcc/arm-none-eabi/6.2.1/../../../../arm-none-eabi/lib/thumb/v7-m\libg_nano.a(lib_a-impure.o)
                              c:/program files (x86)/gnu tools arm embedded/6.2 2016q4/bin/../lib/gcc/arm-none-eabi/6.2.1/../../../../arm-none-eabi/lib/thumb/v7-m\libg_nano.a(lib_a-errno.o) (_impure_ptr)
c:/program files (x86)/gnu tools arm embedded/6.2 2016q4/bin/../lib/gcc/arm-none-eabi/6.2.1/../../../../arm-none-eabi/lib/thumb/v7-m\libg_nano.a(lib_a-memset.o)
                              ./src/8285_download_protocol.o (memset)
c:/program files (x86)/gnu tools arm embedded/6.2 2016q4/bin/../lib/gcc/arm-none-eabi/6.2.1/../../../../arm-none-eabi/lib/thumb/v7-m\libg_nano.a(lib_a-strlen.o)
                              ./system/src/diag/Trace.o (strlen)
c:/program files (x86)/gnu tools arm embedded/6.2 2016q4/bin/../lib/gcc/arm-none-eabi/6.2.1/../../../../arm-none-eabi/lib/thumb/v7-m\libg_nano.a(lib_a-vsnprintf.o)
                              ./system/src/diag/Trace.o (vsnprintf)
c:/program files (x86)/gnu tools arm embedded/6.2 2016q4/bin/../lib/gcc/arm-none-eabi/6.2.1/../../../../arm-none-eabi/lib/thumb/v7-m\libg_nano.a(lib_a-nano-svfprintf.o)
                              c:/program files (x86)/gnu tools arm embedded/6.2 2016q4/bin/../lib/gcc/arm-none-eabi/6.2.1/../../../../arm-none-eabi/lib/thumb/v7-m\libg_nano.a(lib_a-vsnprintf.o) (_svfprintf_r)
c:/program files (x86)/gnu tools arm embedded/6.2 2016q4/bin/../lib/gcc/arm-none-eabi/6.2.1/../../../../arm-none-eabi/lib/thumb/v7-m\libg_nano.a(lib_a-nano-vfprintf_i.o)
                              c:/program files (x86)/gnu tools arm embedded/6.2 2016q4/bin/../lib/gcc/arm-none-eabi/6.2.1/../../../../arm-none-eabi/lib/thumb/v7-m\libg_nano.a(lib_a-nano-svfprintf.o) (_printf_i)
c:/program files (x86)/gnu tools arm embedded/6.2 2016q4/bin/../lib/gcc/arm-none-eabi/6.2.1/../../../../arm-none-eabi/lib/thumb/v7-m\libg_nano.a(lib_a-memchr-stub.o)
                              c:/program files (x86)/gnu tools arm embedded/6.2 2016q4/bin/../lib/gcc/arm-none-eabi/6.2.1/../../../../arm-none-eabi/lib/thumb/v7-m\libg_nano.a(lib_a-nano-svfprintf.o) (memchr)
c:/program files (x86)/gnu tools arm embedded/6.2 2016q4/bin/../lib/gcc/arm-none-eabi/6.2.1/../../../../arm-none-eabi/lib/thumb/v7-m\libg_nano.a(lib_a-memcpy-stub.o)
                              c:/program files (x86)/gnu tools arm embedded/6.2 2016q4/bin/../lib/gcc/arm-none-eabi/6.2.1/../../../../arm-none-eabi/lib/thumb/v7-m\libg_nano.a(lib_a-nano-svfprintf.o) (memcpy)
c:/program files (x86)/gnu tools arm embedded/6.2 2016q4/bin/../lib/gcc/arm-none-eabi/6.2.1/../../../../arm-none-eabi/lib/thumb/v7-m\libg_nano.a(lib_a-memmove.o)
                              c:/program files (x86)/gnu tools arm embedded/6.2 2016q4/bin/../lib/gcc/arm-none-eabi/6.2.1/../../../../arm-none-eabi/lib/thumb/v7-m\libg_nano.a(lib_a-nano-svfprintf.o) (memmove)
c:/program files (x86)/gnu tools arm embedded/6.2 2016q4/bin/../lib/gcc/arm-none-eabi/6.2.1/../../../../arm-none-eabi/lib/thumb/v7-m\libg_nano.a(lib_a-nano-freer.o)
                              c:/program files (x86)/gnu tools arm embedded/6.2 2016q4/bin/../lib/gcc/arm-none-eabi/6.2.1/../../../../arm-none-eabi/lib/thumb/v7-m\libg_nano.a(lib_a-nano-svfprintf.o) (_free_r)
c:/program files (x86)/gnu tools arm embedded/6.2 2016q4/bin/../lib/gcc/arm-none-eabi/6.2.1/../../../../arm-none-eabi/lib/thumb/v7-m\libg_nano.a(lib_a-nano-mallocr.o)
                              c:/program files (x86)/gnu tools arm embedded/6.2 2016q4/bin/../lib/gcc/arm-none-eabi/6.2.1/../../../../arm-none-eabi/lib/thumb/v7-m\libg_nano.a(lib_a-nano-svfprintf.o) (_malloc_r)
c:/program files (x86)/gnu tools arm embedded/6.2 2016q4/bin/../lib/gcc/arm-none-eabi/6.2.1/../../../../arm-none-eabi/lib/thumb/v7-m\libg_nano.a(lib_a-nano-reallocr.o)
                              c:/program files (x86)/gnu tools arm embedded/6.2 2016q4/bin/../lib/gcc/arm-none-eabi/6.2.1/../../../../arm-none-eabi/lib/thumb/v7-m\libg_nano.a(lib_a-nano-svfprintf.o) (_realloc_r)
c:/program files (x86)/gnu tools arm embedded/6.2 2016q4/bin/../lib/gcc/arm-none-eabi/6.2.1/../../../../arm-none-eabi/lib/thumb/v7-m\libg_nano.a(lib_a-sbrkr.o)
[...]
Memory Configuration

Name             Origin             Length             Attributes
RAM              0x20000000         0x0000c000         xrw
CCMRAM           0x00000000         0x00000000         xrw
FLASH            0x08000000         0x00040000         xr
FLASHB1          0x00000000         0x00000000         xr
EXTMEMB0         0x00000000         0x00000000         xr
EXTMEMB1         0x00000000         0x00000000         xr
EXTMEMB2         0x00000000         0x00000000         xr
EXTMEMB3         0x00000000         0x00000000         xr
MEMORY_ARRAY     0x00000000         0x00000000         xrw
*default*        0x00000000         0xffffffff

Linker script and memory map

LOAD ./system/src/stm32f1-stdperiph/misc.o
LOAD ./system/src/stm32f1-stdperiph/stm32f10x_dma.o
LOAD ./system/src/stm32f1-stdperiph/stm32f10x_gpio.o
LOAD ./system/src/stm32f1-stdperiph/stm32f10x_iwdg.o
LOAD ./system/src/stm32f1-stdperiph/stm32f10x_rcc.o
LOAD ./system/src/stm32f1-stdperiph/stm32f10x_sdio.o
LOAD ./system/src/stm32f1-stdperiph/stm32f10x_tim.o
LOAD ./system/src/stm32f1-stdperiph/stm32f10x_usart.o
LOAD ./system/src/stm32f1-stdperiph/stm32f10x_wwdg.o
LOAD ./system/src/newlib/_cxx.o
LOAD ./system/src/newlib/_exit.o
LOAD ./system/src/newlib/_sbrk.o
LOAD ./system/src/newlib/_startup.o
LOAD ./system/src/newlib/_syscalls.o
LOAD ./system/src/newlib/assert.o
LOAD ./system/src/diag/Trace.o
LOAD ./system/src/diag/trace_impl.o
LOAD ./system/src/cortexm/_initialize_hardware.o
LOAD ./system/src/cortexm/_reset_hardware.o
LOAD ./system/src/cortexm/exception_handlers.o
LOAD ./system/src/cmsis/system_stm32f10x.o
LOAD ./system/src/cmsis/vectors_stm32f10x.o
LOAD ./src/ff9/bsp_sdio_sdcard.o
LOAD ./src/ff9/cc936.o
LOAD ./src/ff9/diskio.o
LOAD ./src/ff9/ff.o
LOAD ./src/8285_download_protocol.o
LOAD ./src/Data_pool.o
LOAD ./src/_write.o
LOAD ./src/bsp_iwdg.o
LOAD ./src/bsp_time_delay.o
LOAD ./src/bsp_usart.o
LOAD ./src/bsp_wwdg.o
LOAD ./src/clib.o
LOAD ./src/main.o
LOAD c:/program files (x86)/gnu tools arm embedded/6.2 2016q4/bin/../lib/gcc/arm-none-eabi/6.2.1/../../../../arm-none-eabi/lib/thumb/v7-m\libstdc++_nano.a
LOAD c:/program files (x86)/gnu tools arm embedded/6.2 2016q4/bin/../lib/gcc/arm-none-eabi/6.2.1/../../../../arm-none-eabi/lib/thumb/v7-m\libm.a
START GROUP
LOAD c:/program files (x86)/gnu tools arm embedded/6.2 2016q4/bin/../lib/gcc/arm-none-eabi/6.2.1/thumb/v7-m\libgcc.a
LOAD c:/program files (x86)/gnu tools arm embedded/6.2 2016q4/bin/../lib/gcc/arm-none-eabi/6.2.1/../../../../arm-none-eabi/lib/thumb/v7-m\libg_nano.a
LOAD c:/program files (x86)/gnu tools arm embedded/6.2 2016q4/bin/../lib/gcc/arm-none-eabi/6.2.1/../../../../arm-none-eabi/lib/thumb/v7-m\libc_nano.a
END GROUP
START GROUP
LOAD c:/program files (x86)/gnu tools arm embedded/6.2 2016q4/bin/../lib/gcc/arm-none-eabi/6.2.1/thumb/v7-m\libgcc.a
LOAD c:/program files (x86)/gnu tools arm embedded/6.2 2016q4/bin/../lib/gcc/arm-none-eabi/6.2.1/../../../../arm-none-eabi/lib/thumb/v7-m\libc_nano.a
END GROUP
                0x2000c000                __stack = (ORIGIN (RAM) + LENGTH (RAM))
                0x2000c000                _estack = __stack
                0x00000400                __Main_Stack_Size = 0x400
                [!provide]                PROVIDE (_Main_Stack_Size, __Main_Stack_Size)
                0x2000bc00                __Main_Stack_Limit = (__stack - __Main_Stack_Size)
                [!provide]                PROVIDE (_Main_Stack_Limit, __Main_Stack_Limit)
                0x00000100                _Minimum_Stack_Size = 0x100
                0x200083c4                PROVIDE (_Heap_Begin, _end_noinit)
                0x2000bc00                PROVIDE (_Heap_Limit, (__stack - __Main_Stack_Size))

.isr_vector     0x08000000      0x428
 FILL mask 0xff
                0x08000000                __vectors_start = ABSOLUTE (.)
                0x08000000                __vectors_start__ = ABSOLUTE (.)
 *(.isr_vector)
 .isr_vector    0x08000000      0x1e4 ./system/src/cmsis/vectors_stm32f10x.o
                0x08000000                __isr_vectors
 *(.cfmconfig)
 *(.after_vectors .after_vectors.*)
 .after_vectors
                0x080001e4      0x114 ./system/src/newlib/_startup.o
                0x080001e4                _start
 .after_vectors
                0x080002f8      0x12c ./system/src/cortexm/exception_handlers.o
                0x080002f8                Reset_Handler
                0x080002fe                NMI_Handler
                0x08000302                HardFault_Handler
                0x08000316                HardFault_Handler_C
                0x08000374                MemManage_Handler
                0x08000378                BusFault_Handler
                0x0800038c                BusFault_Handler_C
                0x080003c0                UsageFault_Handler
                0x080003d4                UsageFault_Handler_C
                0x08000408                SVC_Handler
                0x0800040c                DebugMon_Handler
                0x08000410                PendSV_Handler
                0x08000414                SysTick_Handler
 .after_vectors
                0x08000424        0x4 ./system/src/cmsis/vectors_stm32f10x.o
                0x08000424                EXTI2_IRQHandler
                0x08000424                TIM8_TRG_COM_IRQHandler
                0x08000424                TIM8_CC_IRQHandler
                0x08000424                TIM1_CC_IRQHandler
                0x08000424                TIM6_IRQHandler
                0x08000424                PVD_IRQHandler
                0x08000424                CAN2_RX1_IRQHandler
                0x08000424                EXTI3_IRQHandler
                0x08000424                TIM8_TRG_COM_TIM14_IRQHandler
                0x08000424                TIM1_UP_TIM10_IRQHandler
                0x08000424                TIM8_UP_TIM13_IRQHandler
                0x08000424                EXTI0_IRQHandler
                0x08000424                I2C2_EV_IRQHandler
                0x08000424                CAN1_RX0_IRQHandler
                0x08000424                TIM1_UP_TIM16_IRQHandler
                0x08000424                CAN2_SCE_IRQHandler
                0x08000424                ADC1_2_IRQHandler
                0x08000424                SPI1_IRQHandler
                0x08000424                TAMPER_IRQHandler
                0x08000424                TIM6_DAC_IRQHandler
                0x08000424                TIM1_BRK_TIM9_IRQHandler
                0x08000424                CAN2_RX0_IRQHandler
                0x08000424                TIM8_UP_IRQHandler
                0x08000424                DMA2_Channel2_IRQHandler
                0x08000424                DMA1_Channel4_IRQHandler
                0x08000424                USART3_IRQHandler
                0x08000424                RTC_IRQHandler
                0x08000424                DMA1_Channel7_IRQHandler
                0x08000424                CAN1_RX1_IRQHandler
                0x08000424                UART5_IRQHandler
                0x08000424                ADC3_IRQHandler
                0x08000424                TIM4_IRQHandler
                0x08000424                DMA2_Channel1_IRQHandler
                0x08000424                I2C1_EV_IRQHandler
                0x08000424                DMA1_Channel6_IRQHandler
                0x08000424                UART4_IRQHandler
                0x08000424                DMA2_Channel4_IRQHandler
                0x08000424                TIM3_IRQHandler
                0x08000424                RCC_IRQHandler
                0x08000424                TIM8_BRK_TIM12_IRQHandler
                0x08000424                TIM1_TRG_COM_IRQHandler
                0x08000424                DMA1_Channel1_IRQHandler
                0x08000424                Default_Handler
                0x08000424                CEC_IRQHandler
                0x08000424                EXTI15_10_IRQHandler
                0x08000424                TIM14_IRQHandler
                0x08000424                TIM13_IRQHandler
                0x08000424                TIM12_IRQHandler
                0x08000424                TIM7_IRQHandler
                0x08000424                CAN2_TX_IRQHandler
                0x08000424                TIM5_IRQHandler
                0x08000424                EXTI9_5_IRQHandler
                0x08000424                ETH_WKUP_IRQHandler
                0x08000424                SPI2_IRQHandler
                0x08000424                CAN1_TX_IRQHandler
                0x08000424                DMA2_Channel5_IRQHandler
                0x08000424                DMA1_Channel5_IRQHandler
                0x08000424                EXTI4_IRQHandler
                0x08000424                USB_LP_CAN1_RX0_IRQHandler
                0x08000424                TIM1_TRG_COM_TIM17_IRQHandler
                0x08000424                USB_HP_CAN1_TX_IRQHandler
                0x08000424                DMA1_Channel3_IRQHandler
                0x08000424                FSMC_IRQHandler
                0x08000424                ETH_IRQHandler
                0x08000424                TIM1_UP_IRQHandler
                0x08000424                WWDG_IRQHandler
                0x08000424                OTG_FS_WKUP_IRQHandler
                0x08000424                TIM1_TRG_COM_TIM11_IRQHandler
                0x08000424                TIM1_BRK_IRQHandler
                0x08000424                EXTI1_IRQHandler
                0x08000424                RTCAlarm_IRQHandler
                0x08000424                DMA2_Channel4_5_IRQHandler
                0x08000424                I2C2_ER_IRQHandler
                0x08000424                DMA1_Channel2_IRQHandler
                0x08000424                TIM8_BRK_IRQHandler
                0x08000424                CAN1_SCE_IRQHandler
                0x08000424                FLASH_IRQHandler
                0x08000424                OTG_FS_IRQHandler
                0x08000424                SPI3_IRQHandler
                0x08000424                I2C1_ER_IRQHandler
                0x08000424                USBWakeUp_IRQHandler
                0x08000424                DMA2_Channel3_IRQHandler
                0x08000424                TIM1_BRK_TIM15_IRQHandler

.inits          0x08000428       0x28
                0x08000428                __data_regions_array_start = .
                0x08000428        0x4 LONG 0x8031de4 LOADADDR (.data)
                0x0800042c        0x4 LONG 0x20000000 ADDR (.data)
                0x08000430        0x4 LONG 0x200041c4 (ADDR (.data) + SIZEOF (.data))
                0x08000434        0x4 LONG 0x8031de4 LOADADDR (.data_CCMRAM)
                0x08000438        0x4 LONG 0x0 ADDR (.data_CCMRAM)
                0x0800043c        0x4 LONG 0x0 (ADDR (.data_CCMRAM) + SIZEOF (.data_CCMRAM))
                0x08000440                __data_regions_array_end = .
                0x08000440                __bss_regions_array_start = .
                0x08000440        0x4 LONG 0x200041c4 ADDR (.bss)
                0x08000444        0x4 LONG 0x200083c4 (ADDR (.bss) + SIZEOF (.bss))
                0x08000448        0x4 LONG 0x0 ADDR (.bss_CCMRAM)
                0x0800044c        0x4 LONG 0x0 (ADDR (.bss_CCMRAM) + SIZEOF (.bss_CCMRAM))
                0x08000450                __bss_regions_array_end = .
 *(.init)
 *(.fini)
                0x08000450                . = ALIGN (0x4)
                0x08000450                PROVIDE (__preinit_array_start, .)
 *(.preinit_array_sysinit .preinit_array_sysinit.*)
 *(.preinit_array_platform .preinit_array_platform.*)
 *(.preinit_array .preinit_array.*)
                0x08000450                PROVIDE (__preinit_array_end, .)
                0x08000450                . = ALIGN (0x4)
                0x08000450                PROVIDE (__init_array_start, .)
 *(SORT(.init_array.*))
 *(.init_array)
                0x08000450                PROVIDE (__init_array_end, .)
                0x08000450                . = ALIGN (0x4)
                0x08000450                PROVIDE (__fini_array_start, .)
 *(SORT(.fini_array.*))
 *(.fini_array)
                0x08000450                PROVIDE (__fini_array_end, .)

.flashtext
 *(.flashtext .flashtext.*)

.text           0x08000450    0x31993
 *(.text .text.*)
 .text.NVIC_PriorityGroupConfig
                0x08000450       0x40 ./system/src/stm32f1-stdperiph/misc.o
                0x08000450                NVIC_PriorityGroupConfig
 .text.NVIC_Init
                0x08000490       0x9c ./system/src/stm32f1-stdperiph/misc.o
                0x08000490                NVIC_Init
 .text.DMA_Init
                0x0800052c      0x168 ./system/src/stm32f1-stdperiph/stm32f10x_dma.o
                0x0800052c                DMA_Init
 .text.DMA_Cmd  0x08000694       0x8c ./system/src/stm32f1-stdperiph/stm32f10x_dma.o
                0x08000694                DMA_Cmd
 .text.DMA_GetFlagStatus
                0x08000720      0x170 ./system/src/stm32f1-stdperiph/stm32f10x_dma.o
                0x08000720                DMA_GetFlagStatus
 .text.DMA_ClearFlag
                0x08000890       0x40 ./system/src/stm32f1-stdperiph/stm32f10x_dma.o
                0x08000890                DMA_ClearFlag
 .text.GPIO_Init
                0x080008d0      0x130 ./system/src/stm32f1-stdperiph/stm32f10x_gpio.o
                0x080008d0                GPIO_Init
 .text.GPIO_SetBits
                0x08000a00       0x60 ./system/src/stm32f1-stdperiph/stm32f10x_gpio.o
                0x08000a00                GPIO_SetBits
 .text.GPIO_ResetBits
                0x08000a60       0x60 ./system/src/stm32f1-stdperiph/stm32f10x_gpio.o
                0x08000a60                GPIO_ResetBits
 .text.IWDG_WriteAccessCmd
                0x08000ac0       0x28 ./system/src/stm32f1-stdperiph/stm32f10x_iwdg.o
                0x08000ac0                IWDG_WriteAccessCmd
 .text.IWDG_SetPrescaler
                0x08000ae8       0x20 ./system/src/stm32f1-stdperiph/stm32f10x_iwdg.o
                0x08000ae8                IWDG_SetPrescaler
 .text.IWDG_SetReload
                0x08000b08       0x24 ./system/src/stm32f1-stdperiph/stm32f10x_iwdg.o
                0x08000b08                IWDG_SetReload
 .text.IWDG_ReloadCounter
                0x08000b2c       0x10 ./system/src/stm32f1-stdperiph/stm32f10x_iwdg.o
                0x08000b2c                IWDG_ReloadCounter
 .text.IWDG_Enable
                0x08000b3c       0x10 ./system/src/stm32f1-stdperiph/stm32f10x_iwdg.o
                0x08000b3c                IWDG_Enable
 .text.RCC_DeInit
                0x08000b4c       0x40 ./system/src/stm32f1-stdperiph/stm32f10x_rcc.o
                0x08000b4c                RCC_DeInit
 .text.RCC_HSEConfig
                0x08000b8c       0x5c ./system/src/stm32f1-stdperiph/stm32f10x_rcc.o
                0x08000b8c                RCC_HSEConfig
 .text.RCC_PLLConfig
                0x08000be8       0x98 ./system/src/stm32f1-stdperiph/stm32f10x_rcc.o
                0x08000be8                RCC_PLLConfig
 .text.RCC_PLLCmd
                0x08000c80       0x20 ./system/src/stm32f1-stdperiph/stm32f10x_rcc.o
                0x08000c80                RCC_PLLCmd
 .text.RCC_SYSCLKConfig
                0x08000ca0       0x2c ./system/src/stm32f1-stdperiph/stm32f10x_rcc.o
                0x08000ca0                RCC_SYSCLKConfig
 .text.RCC_GetSYSCLKSource
                0x08000ccc       0x10 ./system/src/stm32f1-stdperiph/stm32f10x_rcc.o
                0x08000ccc                RCC_GetSYSCLKSource
 .text.RCC_HCLKConfig
                0x08000cdc       0x48 ./system/src/stm32f1-stdperiph/stm32f10x_rcc.o
                0x08000cdc                RCC_HCLKConfig
 .text.RCC_PCLK1Config
                0x08000d24       0x40 ./system/src/stm32f1-stdperiph/stm32f10x_rcc.o
                0x08000d24                RCC_PCLK1Config
 .text.RCC_PCLK2Config
                0x08000d64       0x40 ./system/src/stm32f1-stdperiph/stm32f10x_rcc.o
                0x08000d64                RCC_PCLK2Config
 .text.RCC_LSICmd
                0x08000da4       0x20 ./system/src/stm32f1-stdperiph/stm32f10x_rcc.o
                0x08000da4                RCC_LSICmd
 .text.RCC_GetClocksFreq
                0x08000dc4       0xbc ./system/src/stm32f1-stdperiph/stm32f10x_rcc.o
                0x08000dc4                RCC_GetClocksFreq
 .text.RCC_AHBPeriphClockCmd
                0x08000e80       0x4c ./system/src/stm32f1-stdperiph/stm32f10x_rcc.o
                0x08000e80                RCC_AHBPeriphClockCmd
 .text.RCC_APB2PeriphClockCmd
                0x08000ecc       0x4c ./system/src/stm32f1-stdperiph/stm32f10x_rcc.o
                0x08000ecc                RCC_APB2PeriphClockCmd
 .text.RCC_APB1PeriphClockCmd
                0x08000f18       0x4c ./system/src/stm32f1-stdperiph/stm32f10x_rcc.o
                0x08000f18                RCC_APB1PeriphClockCmd
 .text.RCC_GetFlagStatus
                0x08000f64       0x74 ./system/src/stm32f1-stdperiph/stm32f10x_rcc.o
                0x08000f64                RCC_GetFlagStatus
 .text.RCC_WaitForHSEStartUp
                0x08000fd8       0x34 ./system/src/stm32f1-stdperiph/stm32f10x_rcc.o
                0x08000fd8                RCC_WaitForHSEStartUp
 .text.SDIO_DeInit
                0x0800100c       0x24 ./system/src/stm32f1-stdperiph/stm32f10x_sdio.o
                0x0800100c                SDIO_DeInit
 .text.SDIO_Init
                0x08001030       0x94 ./system/src/stm32f1-stdperiph/stm32f10x_sdio.o
                0x08001030                SDIO_Init
 .text.SDIO_ClockCmd
                0x080010c4       0x20 ./system/src/stm32f1-stdperiph/stm32f10x_sdio.o
                0x080010c4                SDIO_ClockCmd
 .text.SDIO_SetPowerState
                0x080010e4       0x2c ./system/src/stm32f1-stdperiph/stm32f10x_sdio.o
                0x080010e4                SDIO_SetPowerState
 .text.SDIO_GetPowerState
                0x08001110       0x10 ./system/src/stm32f1-stdperiph/stm32f10x_sdio.o
                0x08001110                SDIO_GetPowerState
 .text.SDIO_ITConfig
                0x08001120       0x48 ./system/src/stm32f1-stdperiph/stm32f10x_sdio.o
                0x08001120                SDIO_ITConfig
 .text.SDIO_DMACmd
                0x08001168       0x20 ./system/src/stm32f1-stdperiph/stm32f10x_sdio.o
                0x08001168                SDIO_DMACmd
 .text.SDIO_SendCommand
                0x08001188       0x88 ./system/src/stm32f1-stdperiph/stm32f10x_sdio.o
                0x08001188                SDIO_SendCommand
 .text.SDIO_GetCommandResponse
                0x08001210        0xc ./system/src/stm32f1-stdperiph/stm32f10x_sdio.o
                0x08001210                SDIO_GetCommandResponse
 .text.SDIO_GetResponse
                0x0800121c       0x38 ./system/src/stm32f1-stdperiph/stm32f10x_sdio.o
                0x0800121c                SDIO_GetResponse
 .text.SDIO_DataConfig
                0x08001254       0xc0 ./system/src/stm32f1-stdperiph/stm32f10x_sdio.o
                0x08001254                SDIO_DataConfig
 .text.SDIO_ReadData
                0x08001314        0xc ./system/src/stm32f1-stdperiph/stm32f10x_sdio.o
                0x08001314                SDIO_ReadData
 .text.SDIO_GetFlagStatus
                0x08001320       0xa4 ./system/src/stm32f1-stdperiph/stm32f10x_sdio.o
                0x08001320                SDIO_GetFlagStatus
 .text.SDIO_ClearFlag
                0x080013c4       0x28 ./system/src/stm32f1-stdperiph/stm32f10x_sdio.o
                0x080013c4                SDIO_ClearFlag
 .text.SDIO_ClearITPendingBit
                0x080013ec       0x28 ./system/src/stm32f1-stdperiph/stm32f10x_sdio.o
                0x080013ec                SDIO_ClearITPendingBit
 .text.TIM_TimeBaseInit
                0x08001414      0x15c ./system/src/stm32f1-stdperiph/stm32f10x_tim.o
                0x08001414                TIM_TimeBaseInit
 .text.TIM_Cmd  0x08001570       0xc8 ./system/src/stm32f1-stdperiph/stm32f10x_tim.o
                0x08001570                TIM_Cmd
 .text.TIM_ITConfig
                0x08001638       0xd8 ./system/src/stm32f1-stdperiph/stm32f10x_tim.o
                0x08001638                TIM_ITConfig
 .text.TIM_ClearFlag
                0x08001710       0xb8 ./system/src/stm32f1-stdperiph/stm32f10x_tim.o
                0x08001710                TIM_ClearFlag
 .text.TIM_GetITStatus
                0x080017c8       0xe0 ./system/src/stm32f1-stdperiph/stm32f10x_tim.o
                0x080017c8                TIM_GetITStatus
 .text.TIM_ClearITPendingBit
                0x080018a8       0xb8 ./system/src/stm32f1-stdperiph/stm32f10x_tim.o
                0x080018a8                TIM_ClearITPendingBit
 .text.USART_Init
                0x08001960      0x1b0 ./system/src/stm32f1-stdperiph/stm32f10x_usart.o
                0x08001960                USART_Init
 .text.USART_Cmd
                0x08001b10       0x68 ./system/src/stm32f1-stdperiph/stm32f10x_usart.o
                0x08001b10                USART_Cmd
 .text.USART_ITConfig
                0x08001b78       0xf0 ./system/src/stm32f1-stdperiph/stm32f10x_usart.o
                0x08001b78                USART_ITConfig
 .text.USART_SendData
                0x08001c68       0x58 ./system/src/stm32f1-stdperiph/stm32f10x_usart.o
                0x08001c68                USART_SendData
 .text.USART_ReceiveData
                0x08001cc0       0x44 ./system/src/stm32f1-stdperiph/stm32f10x_usart.o
                0x08001cc0                USART_ReceiveData
 .text.USART_GetFlagStatus
                0x08001d04       0xac ./system/src/stm32f1-stdperiph/stm32f10x_usart.o
                0x08001d04                USART_GetFlagStatus
 .text.USART_GetITStatus
                0x08001db0      0x100 ./system/src/stm32f1-stdperiph/stm32f10x_usart.o
                0x08001db0                USART_GetITStatus
 .text.USART_ClearITPendingBit
                0x08001eb0       0xa4 ./system/src/stm32f1-stdperiph/stm32f10x_usart.o
                0x08001eb0                USART_ClearITPendingBit
 .text._exit    0x08001f54        0x2 ./system/src/newlib/_exit.o
                0x08001f54                _exit
 *fill*         0x08001f56        0x2 
 .text.abort    0x08001f58       0x14 ./system/src/newlib/_exit.o
                0x08001f58                abort
 .text._sbrk    0x08001f6c       0x44 ./system/src/newlib/_sbrk.o
                0x08001f6c                _sbrk
 .text.__initialize_args
                0x08001fb0       0x10 ./system/src/newlib/_syscalls.o
                0x08001fb0                __initialize_args
 .text.assert_failed
                0x08001fc0       0x14 ./system/src/newlib/assert.o
                0x08001fc0                assert_failed
 .text.trace_printf
                0x08001fd4       0x30 ./system/src/diag/Trace.o
                0x08001fd4                trace_printf
 .text.trace_puts
                0x08002004       0x20 ./system/src/diag/Trace.o
                0x08002004                trace_puts
 .text._trace_write_semihosting_debug
                0x08002024       0x60 ./system/src/diag/trace_impl.o
 .text.trace_write
                0x08002084        0x8 ./system/src/diag/trace_impl.o
                0x08002084                trace_write
 .text.__initialize_hardware_early
                0x0800208c       0x18 ./system/src/cortexm/_initialize_hardware.o
                0x0800208c                __initialize_hardware_early
 .text.__initialize_hardware
                0x080020a4        0x8 ./system/src/cortexm/_initialize_hardware.o
                0x080020a4                __initialize_hardware
 .text.dumpExceptionStack
                0x080020ac       0xf4 ./system/src/cortexm/exception_handlers.o
                0x080020ac                dumpExceptionStack
 .text.isSemihosting
                0x080021a0       0x20 ./system/src/cortexm/exception_handlers.o
                0x080021a0                isSemihosting
 .text.SetSysClockTo72
                0x080021c0       0xc4 ./system/src/cmsis/system_stm32f10x.o
 .text.SetSysClock
                0x08002284        0x8 ./system/src/cmsis/system_stm32f10x.o
 .text.SystemInit
                0x0800228c       0x50 ./system/src/cmsis/system_stm32f10x.o
                0x0800228c                SystemInit
 .text.SystemCoreClockUpdate
                0x080022dc       0x94 ./system/src/cmsis/system_stm32f10x.o
                0x080022dc                SystemCoreClockUpdate
 .text.CmdResp1Error
                0x08002370       0x20 ./src/ff9/bsp_sdio_sdcard.o
 .text.GPIO_Configuration
                0x08002390       0x58 ./src/ff9/bsp_sdio_sdcard.o
 .text.CmdError
                0x080023e8       0x28 ./src/ff9/bsp_sdio_sdcard.o
 .text.CmdResp7Error
                0x08002410       0x48 ./src/ff9/bsp_sdio_sdcard.o
 .text.CmdResp3Error
                0x08002458       0x34 ./src/ff9/bsp_sdio_sdcard.o
 .text.CmdResp2Error
                0x0800248c       0x44 ./src/ff9/bsp_sdio_sdcard.o
 .text.CmdResp6Error
                0x080024d0       0x84 ./src/ff9/bsp_sdio_sdcard.o
 .text.FindSCR  0x08002554      0x168 ./src/ff9/bsp_sdio_sdcard.o
 .text.SDEnWideBus
                0x080026bc       0xf4 ./src/ff9/bsp_sdio_sdcard.o
 .text.SD_DMA_RxConfig
                0x080027b0       0x64 ./src/ff9/bsp_sdio_sdcard.o
 .text.SD_DMA_TxConfig
                0x08002814       0x64 ./src/ff9/bsp_sdio_sdcard.o
 .text.SD_DMAEndOfTransferStatus
                0x08002878       0x10 ./src/ff9/bsp_sdio_sdcard.o
 .text.NVIC_Configuration
                0x08002888       0x2e ./src/ff9/bsp_sdio_sdcard.o
                0x08002888                NVIC_Configuration
 *fill*         0x080028b6        0x2 
 .text.SD_PowerON
                0x080028b8      0x150 ./src/ff9/bsp_sdio_sdcard.o
                0x080028b8                SD_PowerON
 .text.SD_InitializeCards
                0x08002a08      0x110 ./src/ff9/bsp_sdio_sdcard.o
                0x08002a08                SD_InitializeCards
 .text.SD_GetCardInfo
                0x08002b18      0x284 ./src/ff9/bsp_sdio_sdcard.o
                0x08002b18                SD_GetCardInfo
 .text.SD_EnableWideBusOperation
                0x08002d9c       0x78 ./src/ff9/bsp_sdio_sdcard.o
                0x08002d9c                SD_EnableWideBusOperation
 .text.SD_SelectDeselect
                0x08002e14       0x2c ./src/ff9/bsp_sdio_sdcard.o
                0x08002e14                SD_SelectDeselect
 .text.SD_Init  0x08002e40       0x68 ./src/ff9/bsp_sdio_sdcard.o
                0x08002e40                SD_Init
 .text.SD_ReadBlock
                0x08002ea8       0xd0 ./src/ff9/bsp_sdio_sdcard.o
                0x08002ea8                SD_ReadBlock
 .text.SD_ReadMultiBlocks
                0x08002f78       0xd8 ./src/ff9/bsp_sdio_sdcard.o
                0x08002f78                SD_ReadMultiBlocks
 .text.SD_WaitReadOperation
                0x08003050       0x30 ./src/ff9/bsp_sdio_sdcard.o
                0x08003050                SD_WaitReadOperation
 .text.SD_WriteBlock
                0x08003080       0xcc ./src/ff9/bsp_sdio_sdcard.o
                0x08003080                SD_WriteBlock
 .text.SD_WriteMultiBlocks
                0x0800314c      0x134 ./src/ff9/bsp_sdio_sdcard.o
                0x0800314c                SD_WriteMultiBlocks
 .text.SD_WaitWriteOperation
                0x08003280       0x38 ./src/ff9/bsp_sdio_sdcard.o
                0x08003280                SD_WaitWriteOperation
 .text.SD_SendStatus
                0x080032b8       0x30 ./src/ff9/bsp_sdio_sdcard.o
                0x080032b8                SD_SendStatus
 .text.SD_GetState
                0x080032e8       0x22 ./src/ff9/bsp_sdio_sdcard.o
                0x080032e8                SD_GetState
 .text.SD_GetStatus
                0x0800330a       0x1a ./src/ff9/bsp_sdio_sdcard.o
                0x0800330a                SD_GetStatus
 .text.SD_ProcessIRQSrc
                0x08003324       0x58 ./src/ff9/bsp_sdio_sdcard.o
                0x08003324                SD_ProcessIRQSrc
 .text.ff_convert
                0x0800337c       0x50 ./src/ff9/cc936.o
                0x0800337c                ff_convert
 .text.ff_wtoupper
                0x080033cc       0x24 ./src/ff9/cc936.o
                0x080033cc                ff_wtoupper
 .text.disk_initialize
                0x080033f0       0x16 ./src/ff9/diskio.o
                0x080033f0                disk_initialize
 .text.disk_status
                0x08003406        0x4 ./src/ff9/diskio.o
                0x08003406                disk_status
 .text.disk_read
                0x0800340a       0x3c ./src/ff9/diskio.o
                0x0800340a                disk_read
 .text.disk_write
                0x08003446       0x3c ./src/ff9/diskio.o
                0x08003446                disk_write
 .text.disk_ioctl
                0x08003482        0x4 ./src/ff9/diskio.o
                0x08003482                disk_ioctl
 .text.get_fattime
                0x08003486        0x4 ./src/ff9/diskio.o
                0x08003486                get_fattime
 .text.mem_cpy  0x0800348a       0x14 ./src/ff9/ff.o
 .text.mem_set  0x0800349e       0x10 ./src/ff9/ff.o
 .text.mem_cmp  0x080034ae       0x22 ./src/ff9/ff.o
 .text.chk_chr  0x080034d0       0x12 ./src/ff9/ff.o
 *fill*         0x080034e2        0x2 
 .text.fit_lfn  0x080034e4       0x64 ./src/ff9/ff.o
 .text.sum_sfn  0x08003548       0x1c ./src/ff9/ff.o
 .text.move_window
                0x08003564       0x80 ./src/ff9/ff.o
 .text.check_fs
                0x080035e4       0x90 ./src/ff9/ff.o
 .text.validate
                0x08003674       0x2e ./src/ff9/ff.o
 *fill*         0x080036a2        0x2 
 .text.chk_mounted
                0x080036a4      0x338 ./src/ff9/ff.o
 .text.create_name
                0x080039dc      0x274 ./src/ff9/ff.o
 .text.cmp_lfn  0x08003c50       0x98 ./src/ff9/ff.o
 .text.sync     0x08003ce8       0xbc ./src/ff9/ff.o
 .text.clust2sect
                0x08003da4       0x18 ./src/ff9/ff.o
                0x08003da4                clust2sect
 .text.get_fat  0x08003dbc       0xe8 ./src/ff9/ff.o
                0x08003dbc                get_fat
 .text.dir_sdi  0x08003ea4       0x96 ./src/ff9/ff.o
 .text.put_fat  0x08003f3a      0x11c ./src/ff9/ff.o
                0x08003f3a                put_fat
 .text.create_chain
                0x08004056       0xb2 ./src/ff9/ff.o
 .text.dir_next
                0x08004108      0x11a ./src/ff9/ff.o
 .text.dir_find
                0x08004222       0xca ./src/ff9/ff.o
 .text.follow_path
                0x080042ec       0x8e ./src/ff9/ff.o
 .text.remove_chain
                0x0800437a       0x64 ./src/ff9/ff.o
 .text.gen_numname
                0x080043de       0x9e ./src/ff9/ff.o
                0x080043de                gen_numname
 .text.dir_register
                0x0800447c      0x174 ./src/ff9/ff.o
 .text.f_mount  0x080045f0       0x28 ./src/ff9/ff.o
                0x080045f0                f_mount
 .text.f_open   0x08004618      0x16e ./src/ff9/ff.o
                0x08004618                f_open
 .text.f_read   0x08004786      0x1ae ./src/ff9/ff.o
                0x08004786                f_read
 .text.f_write  0x08004934      0x1e8 ./src/ff9/ff.o
                0x08004934                f_write
 .text.f_sync   0x08004b1c       0xac ./src/ff9/ff.o
                0x08004b1c                f_sync
 .text.f_close  0x08004bc8       0x14 ./src/ff9/ff.o
                0x08004bc8                f_close
 .text.f_lseek  0x08004bdc      0x1aa ./src/ff9/ff.o
                0x08004bdc                f_lseek
 .text.Data_formatt_write
                0x08004d86      0x208 ./src/8285_download_protocol.o
                0x08004d86                Data_formatt_write
 *fill*         0x08004f8e        0x2 
 .text.Data_formatt_read
                0x08004f90       0x84 ./src/8285_download_protocol.o
                0x08004f90                Data_formatt_read
 .text.wait_rxdata_available
                0x08005014       0x2c ./src/8285_download_protocol.o
                0x08005014                wait_rxdata_available
 .text.device_sync
                0x08005040       0x9c ./src/8285_download_protocol.o
                0x08005040                device_sync
 .text.Change_baud_command
                0x080050dc       0x94 ./src/8285_download_protocol.o
                0x080050dc                Change_baud_command
 .text.Erasing_data_command
                0x08005170       0xf0 ./src/8285_download_protocol.o
                0x08005170                Erasing_data_command
 .text.stub_mem_finish
                0x08005260       0x80 ./src/8285_download_protocol.o
                0x08005260                stub_mem_finish
 .text.stub_mem_begin
                0x080052e0       0xb4 ./src/8285_download_protocol.o
                0x080052e0                stub_mem_begin
 .text.stub_mem_block
                0x08005394       0xa8 ./src/8285_download_protocol.o
                0x08005394                stub_mem_block
 .text.run_stub
                0x0800543c       0x28 ./src/8285_download_protocol.o
                0x0800543c                run_stub
 .text.checksum
                0x08005464       0x48 ./src/8285_download_protocol.o
                0x08005464                checksum
 .text.send_data_command
                0x080054ac      0x134 ./src/8285_download_protocol.o
                0x080054ac                send_data_command
 .text.download_bin_operate
                0x080055e0      0x118 ./src/8285_download_protocol.o
                0x080055e0                download_bin_operate
 .text.change_datacsv_info
                0x080056f8       0xac ./src/8285_download_protocol.o
                0x080056f8                change_datacsv_info
 .text.download_data_operate
                0x080057a4      0x1cc ./src/8285_download_protocol.o
                0x080057a4                download_data_operate
 .text.change_sign_info
                0x08005970       0x20 ./src/8285_download_protocol.o
                0x08005970                change_sign_info
 .text.download_sign_operate
                0x08005990       0x68 ./src/8285_download_protocol.o
                0x08005990                download_sign_operate
 .text.download_data_command
                0x080059f8       0x30 ./src/8285_download_protocol.o
                0x080059f8                download_data_command
 .text.update_light_status
                0x08005a28       0x50 ./src/8285_download_protocol.o
                0x08005a28                update_light_status
 .text.download_start
                0x08005a78       0xd0 ./src/8285_download_protocol.o
                0x08005a78                download_start
 .text.initDataPool
                0x08005b48       0x22 ./src/Data_pool.o
                0x08005b48                initDataPool
 .text.updateRing
                0x08005b6a        0xe ./src/Data_pool.o
                0x08005b6a                updateRing
 .text.write_one_data_to_datapool
                0x08005b78       0x26 ./src/Data_pool.o
                0x08005b78                write_one_data_to_datapool
 .text.read_one_data_to_datapool
                0x08005b9e       0x2c ./src/Data_pool.o
                0x08005b9e                read_one_data_to_datapool
 .text.read_more_data_to_datapool
                0x08005bca       0x26 ./src/Data_pool.o
                0x08005bca                read_more_data_to_datapool
 .text.iwdg_init
                0x08005bf0       0x32 ./src/bsp_iwdg.o
                0x08005bf0                iwdg_init
 .text.iwdg_reload
                0x08005c22        0x8 ./src/bsp_iwdg.o
                0x08005c22                iwdg_reload
 .text.TIM2_Configuration
                0x08005c2a       0x5a ./src/bsp_time_delay.o
                0x08005c2a                TIM2_Configuration
 .text.TIM2_NVIC_Configuration
                0x08005c84       0x30 ./src/bsp_time_delay.o
                0x08005c84                TIM2_NVIC_Configuration
 .text.TIM2_IRQHandler
                0x08005cb4       0xc8 ./src/bsp_time_delay.o
                0x08005cb4                TIM2_IRQHandler
 .text.delay_init
                0x08005d7c       0x14 ./src/bsp_time_delay.o
                0x08005d7c                delay_init
 .text.usart1_change_baud
                0x08005d90       0x44 ./src/bsp_usart.o
                0x08005d90                usart1_change_baud
 .text.usart1_gpio_init
                0x08005dd4       0x4c ./src/bsp_usart.o
                0x08005dd4                usart1_gpio_init
 .text.usart1_nvic_init
                0x08005e20       0x2e ./src/bsp_usart.o
                0x08005e20                usart1_nvic_init
 *fill*         0x08005e4e        0x2 
 .text.usart1_init
                0x08005e50       0x5c ./src/bsp_usart.o
                0x08005e50                usart1_init
 .text.usart1_write
                0x08005eac       0x2c ./src/bsp_usart.o
                0x08005eac                usart1_write
 .text.Debug_usart_gpio_init
                0x08005ed8       0x48 ./src/bsp_usart.o
                0x08005ed8                Debug_usart_gpio_init
 .text.Debug_usart_nvic_init
                0x08005f20       0x2a ./src/bsp_usart.o
                0x08005f20                Debug_usart_nvic_init
 *fill*         0x08005f4a        0x2 
 .text.Debug_usart_init
                0x08005f4c       0x5c ./src/bsp_usart.o
                0x08005f4c                Debug_usart_init
 .text.Debug_usart_write
                0x08005fa8       0x30 ./src/bsp_usart.o
                0x08005fa8                Debug_usart_write
 .text.USART1_IRQHandler
                0x08005fd8       0x34 ./src/bsp_usart.o
                0x08005fd8                USART1_IRQHandler
 .text.USART2_IRQHandler
                0x0800600c       0x3c ./src/bsp_usart.o
                0x0800600c                USART2_IRQHandler
 .text.hex_to_str
                0x08006048       0x24 ./src/clib.o
                0x08006048                hex_to_str
 .text.str_to_hex
                0x0800606c       0x6a ./src/clib.o
                0x0800606c                str_to_hex
 *fill*         0x080060d6        0x2 
 .text.system_clk_init
                0x080060d8       0x60 ./src/main.o
                0x080060d8                system_clk_init
 .text.light_init
                0x08006138       0x50 ./src/main.o
                0x08006138                light_init
 .text.main     0x08006188       0x70 ./src/main.o
                0x08006188                main
 .text.SDIO_IRQHandler
                0x080061f8        0x8 ./src/main.o
                0x080061f8                SDIO_IRQHandler
 .text.__errno  0x08006200        0xc c:/program files (x86)/gnu tools arm embedded/6.2 2016q4/bin/../lib/gcc/arm-none-eabi/6.2.1/../../../../arm-none-eabi/lib/thumb/v7-m\libg_nano.a(lib_a-errno.o)
                0x08006200                __errno
 .text.memset   0x0800620c       0x10 c:/program files (x86)/gnu tools arm embedded/6.2 2016q4/bin/../lib/gcc/arm-none-eabi/6.2.1/../../../../arm-none-eabi/lib/thumb/v7-m\libg_nano.a(lib_a-memset.o)
                0x0800620c                memset
 .text          0x0800621c       0x10 c:/program files (x86)/gnu tools arm embedded/6.2 2016q4/bin/../lib/gcc/arm-none-eabi/6.2.1/../../../../arm-none-eabi/lib/thumb/v7-m\libg_nano.a(lib_a-strlen.o)
                0x0800621c                strlen
 .text._vsnprintf_r
                0x0800622c       0x58 c:/program files (x86)/gnu tools arm embedded/6.2 2016q4/bin/../lib/gcc/arm-none-eabi/6.2.1/../../../../arm-none-eabi/lib/thumb/v7-m\libg_nano.a(lib_a-vsnprintf.o)
                0x0800622c                _vsniprintf_r
                0x0800622c                _vsnprintf_r
 .text.vsnprintf
                0x08006284       0x1c c:/program files (x86)/gnu tools arm embedded/6.2 2016q4/bin/../lib/gcc/arm-none-eabi/6.2.1/../../../../arm-none-eabi/lib/thumb/v7-m\libg_nano.a(lib_a-vsnprintf.o)
                0x08006284                vsniprintf
                0x08006284                vsnprintf
 .text.__ssputs_r
                0x080062a0       0xb6 c:/program files (x86)/gnu tools arm embedded/6.2 2016q4/bin/../lib/gcc/arm-none-eabi/6.2.1/../../../../arm-none-eabi/lib/thumb/v7-m\libg_nano.a(lib_a-nano-svfprintf.o)
                0x080062a0                __ssputs_r
 *fill*         0x08006356        0x2 
 .text._svfprintf_r
                0x08006358      0x1e8 c:/program files (x86)/gnu tools arm embedded/6.2 2016q4/bin/../lib/gcc/arm-none-eabi/6.2.1/../../../../arm-none-eabi/lib/thumb/v7-m\libg_nano.a(lib_a-nano-svfprintf.o)
                0x08006358                _svfiprintf_r
                0x08006358                _svfprintf_r
 .text._printf_common
                0x08006540       0xee c:/program files (x86)/gnu tools arm embedded/6.2 2016q4/bin/../lib/gcc/arm-none-eabi/6.2.1/../../../../arm-none-eabi/lib/thumb/v7-m\libg_nano.a(lib_a-nano-vfprintf_i.o)
                0x08006540                _printf_common
 *fill*         0x0800662e        0x2 
 .text._printf_i
                0x08006630      0x240 c:/program files (x86)/gnu tools arm embedded/6.2 2016q4/bin/../lib/gcc/arm-none-eabi/6.2.1/../../../../arm-none-eabi/lib/thumb/v7-m\libg_nano.a(lib_a-nano-vfprintf_i.o)
                0x08006630                _printf_i
 .text.memchr   0x08006870       0x1c c:/program files (x86)/gnu tools arm embedded/6.2 2016q4/bin/../lib/gcc/arm-none-eabi/6.2.1/../../../../arm-none-eabi/lib/thumb/v7-m\libg_nano.a(lib_a-memchr-stub.o)
                0x08006870                memchr
 .text.memcpy   0x0800688c       0x16 c:/program files (x86)/gnu tools arm embedded/6.2 2016q4/bin/../lib/gcc/arm-none-eabi/6.2.1/../../../../arm-none-eabi/lib/thumb/v7-m\libg_nano.a(lib_a-memcpy-stub.o)
                0x0800688c                memcpy
 .text.memmove  0x080068a2       0x34 c:/program files (x86)/gnu tools arm embedded/6.2 2016q4/bin/../lib/gcc/arm-none-eabi/6.2.1/../../../../arm-none-eabi/lib/thumb/v7-m\libg_nano.a(lib_a-memmove.o)
                0x080068a2                memmove
 *fill*         0x080068d6        0x2 
 .text._free_r  0x080068d8       0x98 c:/program files (x86)/gnu tools arm embedded/6.2 2016q4/bin/../lib/gcc/arm-none-eabi/6.2.1/../../../../arm-none-eabi/lib/thumb/v7-m\libg_nano.a(lib_a-nano-freer.o)
                0x080068d8                _free_r
 .text._malloc_r
                0x08006970       0xbc c:/program files (x86)/gnu tools arm embedded/6.2 2016q4/bin/../lib/gcc/arm-none-eabi/6.2.1/../../../../arm-none-eabi/lib/thumb/v7-m\libg_nano.a(lib_a-nano-mallocr.o)
                0x08006970                _malloc_r
 .text._realloc_r
                0x08006a2c       0x4c c:/program files (x86)/gnu tools arm embedded/6.2 2016q4/bin/../lib/gcc/arm-none-eabi/6.2.1/../../../../arm-none-eabi/lib/thumb/v7-m\libg_nano.a(lib_a-nano-reallocr.o)
                0x08006a2c                _realloc_r
 .text._sbrk_r  0x08006a78       0x20 c:/program files (x86)/gnu tools arm embedded/6.2 2016q4/bin/../lib/gcc/arm-none-eabi/6.2.1/../../../../arm-none-eabi/lib/thumb/v7-m\libg_nano.a(lib_a-sbrkr.o)
                0x08006a78                _sbrk_r
 .text.__malloc_lock
                0x08006a98        0x2 c:/program files (x86)/gnu tools arm embedded/6.2 2016q4/bin/../lib/gcc/arm-none-eabi/6.2.1/../../../../arm-none-eabi/lib/thumb/v7-m\libg_nano.a(lib_a-mlock.o)
                0x08006a98                __malloc_lock
 .text.__malloc_unlock
                0x08006a9a        0x2 c:/program files (x86)/gnu tools arm embedded/6.2 2016q4/bin/../lib/gcc/arm-none-eabi/6.2.1/../../../../arm-none-eabi/lib/thumb/v7-m\libg_nano.a(lib_a-mlock.o)
                0x08006a9a                __malloc_unlock
 .text._malloc_usable_size_r
                0x08006a9c       0x12 c:/program files (x86)/gnu tools arm embedded/6.2 2016q4/bin/../lib/gcc/arm-none-eabi/6.2.1/../../../../arm-none-eabi/lib/thumb/v7-m\libg_nano.a(lib_a-nano-msizer.o)
                0x08006a9c                _malloc_usable_size_r
 *(.rodata .rodata.* .constdata .constdata.*)
 *fill*         0x08006aae        0x2 
 .rodata.NVIC_PriorityGroupConfig.str1.4
                0x08006ab0       0x27 ./system/src/stm32f1-stdperiph/misc.o
 *fill*         0x08006ad7        0x1 
 .rodata.DMA_DeInit.str1.4
                0x08006ad8       0x30 ./system/src/stm32f1-stdperiph/stm32f10x_dma.o
 .rodata.GPIO_DeInit.str1.4
                0x08006b08       0x31 ./system/src/stm32f1-stdperiph/stm32f10x_gpio.o
 *fill*         0x08006b39        0x3 
 .rodata.IWDG_WriteAccessCmd.str1.4
                0x08006b3c       0x31 ./system/src/stm32f1-stdperiph/stm32f10x_iwdg.o
 *fill*         0x08006b6d        0x3 
 .rodata.RCC_HSEConfig.str1.4
                0x08006b70       0x30 ./system/src/stm32f1-stdperiph/stm32f10x_rcc.o
 .rodata.SDIO_Init.str1.4
                0x08006ba0       0x31 ./system/src/stm32f1-stdperiph/stm32f10x_sdio.o
 *fill*         0x08006bd1        0x3 
 .rodata.TIM_DeInit.str1.4
                0x08006bd4       0x30 ./system/src/stm32f1-stdperiph/stm32f10x_tim.o
 .rodata.USART_DeInit.str1.4
                0x08006c04       0x32 ./system/src/stm32f1-stdperiph/stm32f10x_usart.o
 *fill*         0x08006c36        0x2 
 .rodata.abort.str1.4
                0x08006c38       0x14 ./system/src/newlib/_exit.o
 .rodata.assert_failed.str1.4
                0x08006c4c       0x2b ./system/src/newlib/assert.o
 .rodata.trace_puts.str1.4
                0x08006c77       0x2b ./system/src/diag/Trace.o
                                  0x2 (size before relaxing)
 *fill*         0x08006c77        0x1 
 .rodata.dumpExceptionStack.str1.4
                0x08006c78      0x11a ./system/src/cortexm/exception_handlers.o
 *fill*         0x08006d92        0x2 
 .rodata.str1.4
                0x08006d94       0x2a ./system/src/cortexm/exception_handlers.o
 *fill*         0x08006dbe        0x2 
 .rodata.oem2uni
                0x08006dc0    0x15484 ./src/ff9/cc936.o
 .rodata.tbl_lower.3835
                0x0801c244      0x1e0 ./src/ff9/cc936.o
 .rodata.tbl_upper.3836
                0x0801c424      0x1e0 ./src/ff9/cc936.o
 .rodata.uni2oem
                0x0801c604    0x15484 ./src/ff9/cc936.o
 .rodata.LfnOfs
                0x08031a88        0xd ./src/ff9/ff.o
 *fill*         0x08031a95        0x3 
 .rodata.create_name.str1.4
                0x08031a98       0x13 ./src/ff9/ff.o
 *fill*         0x08031aab        0x1 
 .rodata        0x08031aac       0xb6 ./src/8285_download_protocol.o
 *fill*         0x08031b62        0x2 
 .rodata.Change_baud_command.str1.4
                0x08031b64       0x12 ./src/8285_download_protocol.o
 *fill*         0x08031b76        0x2 
 .rodata.device_sync.str1.4
                0x08031b78        0xb ./src/8285_download_protocol.o
 *fill*         0x08031b83        0x1 
 .rodata.download_bin_operate.str1.4
                0x08031b84       0xab ./src/8285_download_protocol.o
                                 0xaf (size before relaxing)
 *fill*         0x08031c2f        0x1 
 .rodata.download_data_operate.str1.4
                0x08031c30       0xeb ./src/8285_download_protocol.o
 *fill*         0x08031d1b        0x1 
 .rodata.download_sign_operate.str1.4
                0x08031d1c       0x40 ./src/8285_download_protocol.o
 .rodata.download_start.str1.4
                0x08031d5c       0x29 ./src/8285_download_protocol.o
 *fill*         0x08031d85        0x3 
 .rodata.wait_rxdata_available.str1.4
                0x08031d88       0x14 ./src/8285_download_protocol.o
 .rodata.main.str1.4
                0x08031d9c       0x14 ./src/main.o
 .rodata._svfprintf_r.str1.1
                0x08031db0       0x11 c:/program files (x86)/gnu tools arm embedded/6.2 2016q4/bin/../lib/gcc/arm-none-eabi/6.2.1/../../../../arm-none-eabi/lib/thumb/v7-m\libg_nano.a(lib_a-nano-svfprintf.o)
 .rodata._printf_i.str1.1
                0x08031dc1       0x22 c:/program files (x86)/gnu tools arm embedded/6.2 2016q4/bin/../lib/gcc/arm-none-eabi/6.2.1/../../../../arm-none-eabi/lib/thumb/v7-m\libg_nano.a(lib_a-nano-vfprintf_i.o)
 *(vtable)
 *(.eh_frame*)
 *(.glue_7)
 .glue_7        0x08031de3        0x0 linker stubs
 *(.glue_7t)
 .glue_7t       0x08031de3        0x0 linker stubs

.vfp11_veneer   0x08031de4        0x0
 .vfp11_veneer  0x08031de4        0x0 linker stubs

.v4_bx          0x08031de4        0x0
 .v4_bx         0x08031de4        0x0 linker stubs

.iplt           0x08031de4        0x0
 .iplt          0x08031de4        0x0 ./system/src/stm32f1-stdperiph/misc.o

.rel.dyn        0x08031de4        0x0
 .rel.iplt      0x08031de4        0x0 ./system/src/stm32f1-stdperiph/misc.o

.ARM.extab
 *(.ARM.extab* .gnu.linkonce.armextab.*)
                0x08031de4                . = ALIGN (0x4)
                0x08031de4                __exidx_start = .

.ARM.exidx
 *(.ARM.exidx* .gnu.linkonce.armexidx.*)
                0x08031de4                __exidx_end = .
                0x08031de4                . = ALIGN (0x4)
                0x08031de4                _etext = .
                0x08031de4                __etext = .

.data_CCMRAM    0x00000000        0x0 load address 0x08031de4
 FILL mask 0xff
 *(.data.CCMRAM .data.CCMRAM.*)
                0x00000000                . = ALIGN (0x4)
                0x08031de4                _sidata = LOADADDR (.data)

.data           0x20000000     0x41c4 load address 0x08031de4
 FILL mask 0xff
                0x20000000                _sdata = .
                0x20000000                __data_start__ = .
 *(.data_begin .data_begin.*)
 .data_begin    0x20000000        0x4 ./system/src/newlib/_startup.o
 *(.data .data.*)
 .data.ADCPrescTable
                0x20000004        0x4 ./system/src/stm32f1-stdperiph/stm32f10x_rcc.o
 .data.APBAHBPrescTable
                0x20000008       0x10 ./system/src/stm32f1-stdperiph/stm32f10x_rcc.o
 .data.argv.4243
                0x20000018        0x8 ./system/src/newlib/_syscalls.o
 .data.AHBPrescTable
                0x20000020       0x10 ./system/src/cmsis/system_stm32f10x.o
                0x20000020                AHBPrescTable
 .data.SystemCoreClock
                0x20000030        0x4 ./system/src/cmsis/system_stm32f10x.o
                0x20000030                SystemCoreClock
 .data.data_sector_data
                0x20000034      0xfff ./src/8285_download_protocol.o
                0x20000034                data_sector_data
 *fill*         0x20001033        0x1 ff
 .data.sign_sector_data
                0x20001034      0xfff ./src/8285_download_protocol.o
                0x20001034                sign_sector_data
 *fill*         0x20002033        0x1 ff
 .data.stub_data
                0x20002034      0x318 ./src/8285_download_protocol.o
                0x20002034                stub_data
 .data.stub_text_down
                0x2000234c      0x5f8 ./src/8285_download_protocol.o
                0x2000234c                stub_text_down
 .data.stub_text_up
                0x20002944     0x1818 ./src/8285_download_protocol.o
                0x20002944                stub_text_up
 .data._impure_ptr
                0x2000415c        0x4 c:/program files (x86)/gnu tools arm embedded/6.2 2016q4/bin/../lib/gcc/arm-none-eabi/6.2.1/../../../../arm-none-eabi/lib/thumb/v7-m\libg_nano.a(lib_a-impure.o)
                0x2000415c                _impure_ptr
 .data.impure_data
                0x20004160       0x60 c:/program files (x86)/gnu tools arm embedded/6.2 2016q4/bin/../lib/gcc/arm-none-eabi/6.2.1/../../../../arm-none-eabi/lib/thumb/v7-m\libg_nano.a(lib_a-impure.o)
 *(.data_end .data_end.*)
 .data_end      0x200041c0        0x4 ./system/src/newlib/_startup.o
                0x200041c4                . = ALIGN (0x4)
                0x200041c4                _edata = .
                0x200041c4                __data_end__ = .

.igot.plt       0x200041c4        0x0 load address 0x08035fa8
 .igot.plt      0x200041c4        0x0 ./system/src/stm32f1-stdperiph/misc.o

.bss_CCMRAM     0x00000000        0x0
 *(.bss.CCMRAM .bss.CCMRAM.*)

.bss            0x200041c4     0x4200
                0x200041c4                __bss_start__ = .
                0x200041c4                _sbss = .
 *(.bss_begin .bss_begin.*)
 .bss_begin     0x200041c4        0x4 ./system/src/newlib/_startup.o
 *(.bss .bss.*)
 .bss.current_heap_end.3927
                0x200041c8        0x4 ./system/src/newlib/_sbrk.o
 .bss.name.4242
                0x200041cc        0x1 ./system/src/newlib/_syscalls.o
 *fill*         0x200041cd        0x3 
 .bss.buf.5132  0x200041d0       0x80 ./system/src/diag/Trace.o
 .bss.CID_Tab   0x20004250       0x10 ./src/ff9/bsp_sdio_sdcard.o
 .bss.CSD_Tab   0x20004260       0x10 ./src/ff9/bsp_sdio_sdcard.o
 .bss.CardType  0x20004270        0x4 ./src/ff9/bsp_sdio_sdcard.o
 .bss.RCA       0x20004274        0x4 ./src/ff9/bsp_sdio_sdcard.o
 .bss.StopCondition
                0x20004278        0x4 ./src/ff9/bsp_sdio_sdcard.o
                0x20004278                StopCondition
 .bss.TransferEnd
                0x2000427c        0x4 ./src/ff9/bsp_sdio_sdcard.o
                0x2000427c                TransferEnd
 .bss.TransferError
                0x20004280        0x1 ./src/ff9/bsp_sdio_sdcard.o
                0x20004280                TransferError
 *fill*         0x20004281        0x3 
 .bss.FatFs     0x20004284        0x4 ./src/ff9/ff.o
 .bss.Fsid      0x20004288        0x2 ./src/ff9/ff.o
 .bss.nodata_flag
                0x2000428a        0x1 ./src/8285_download_protocol.o
                0x2000428a                nodata_flag
 *fill*         0x2000428b        0x1 
 .bss.origin_buf
                0x2000428c     0x4000 ./src/8285_download_protocol.o
                0x2000428c                origin_buf
 .bss.sync_flag
                0x2000828c        0x1 ./src/8285_download_protocol.o
                0x2000828c                sync_flag
 *fill*         0x2000828d        0x3 
 .bss.cnt_time  0x20008290        0x4 ./src/bsp_time_delay.o
                0x20008290                cnt_time
 .bss.data_cnt  0x20008294        0x4 ./src/bsp_time_delay.o
                0x20008294                data_cnt
 .bss.nodata_time
                0x20008298        0x4 ./src/bsp_time_delay.o
                0x20008298                nodata_time
 .bss.recv_time_out
                0x2000829c        0x4 ./src/bsp_time_delay.o
                0x2000829c                recv_time_out
 .bss.sync_time
                0x200082a0        0x4 ./src/bsp_time_delay.o
                0x200082a0                sync_time
 .bss.__malloc_free_list
                0x200082a4        0x4 c:/program files (x86)/gnu tools arm embedded/6.2 2016q4/bin/../lib/gcc/arm-none-eabi/6.2.1/../../../../arm-none-eabi/lib/thumb/v7-m\libg_nano.a(lib_a-nano-mallocr.o)
                0x200082a4                __malloc_free_list
 .bss.__malloc_sbrk_start
                0x200082a8        0x4 c:/program files (x86)/gnu tools arm embedded/6.2 2016q4/bin/../lib/gcc/arm-none-eabi/6.2.1/../../../../arm-none-eabi/lib/thumb/v7-m\libg_nano.a(lib_a-nano-mallocr.o)
                0x200082a8                __malloc_sbrk_start
 *(COMMON)
 COMMON         0x200082ac        0x4 ./system/src/newlib/_syscalls.o
                0x200082ac                errno
 COMMON         0x200082b0       0x94 ./src/ff9/bsp_sdio_sdcard.o
                0x200082b0                SDIO_CmdInitStructure
                0x200082c4                SDCardInfo
                0x20008314                SDIO_InitStructure
                0x2000832c                SDIO_DataInitStructure
 COMMON         0x20008344       0x78 ./src/8285_download_protocol.o
                0x20008344                stm32rx
 COMMON         0x200083bc        0x1 ./src/main.o
                0x200083bc                HSEStartUpStatus
 *(.bss_end .bss_end.*)
 *fill*         0x200083bd        0x3 
 .bss_end       0x200083c0        0x4 ./system/src/newlib/_startup.o
                0x200083c4                . = ALIGN (0x4)
                0x200083c4                __bss_end__ = .
                0x200083c4                _ebss = .

.noinit_CCMRAM
 *(.noinit.CCMRAM .noinit.CCMRAM.*)

.noinit         0x200083c4        0x0
                0x200083c4                _noinit = .
 *(.noinit .noinit.*)
                0x200083c4                . = ALIGN (0x4)
                0x200083c4                _end_noinit = .
                [!provide]                PROVIDE (end, _end_noinit)
                [!provide]                PROVIDE (_end, _end_noinit)
                [!provide]                PROVIDE (__end, _end_noinit)
                [!provide]                PROVIDE (__end__, _end_noinit)

._check_stack   0x200083c4      0x100
                0x200084c4                . = (. + _Minimum_Stack_Size)
 *fill*         0x200083c4      0x100 

.b1text
 *(.b1text)
 *(.b1rodata)
 *(.b1rodata.*)

.eb0text
 *(.eb0text)
 *(.eb0rodata)
 *(.eb0rodata.*)

.eb1text
 *(.eb1text)
 *(.eb1rodata)
 *(.eb1rodata.*)

.eb2text
 *(.eb2text)
 *(.eb2rodata)
 *(.eb2rodata.*)

.eb3text
 *(.eb3text)
 *(.eb3rodata)
 *(.eb3rodata.*)

.stab
 *(.stab)

.stabstr
 *(.stabstr)

.stab.excl
 *(.stab.excl)

.stab.exclstr
 *(.stab.exclstr)

.stab.index
 *(.stab.index)

.stab.indexstr
 *(.stab.indexstr)

.comment        0x00000000       0x6e
 *(.comment)
 .comment       0x00000000       0x6e ./system/src/stm32f1-stdperiph/misc.o
                                 0x6f (size before relaxing)
 .comment       0x0000006e       0x6f ./system/src/stm32f1-stdperiph/stm32f10x_dma.o
 .comment       0x0000006e       0x6f ./system/src/stm32f1-stdperiph/stm32f10x_gpio.o
 .comment       0x0000006e       0x6f ./system/src/stm32f1-stdperiph/stm32f10x_iwdg.o
 .comment       0x0000006e       0x6f ./system/src/stm32f1-stdperiph/stm32f10x_rcc.o
 .comment       0x0000006e       0x6f ./system/src/stm32f1-stdperiph/stm32f10x_sdio.o
 .comment       0x0000006e       0x6f ./system/src/stm32f1-stdperiph/stm32f10x_tim.o
 .comment       0x0000006e       0x6f ./system/src/stm32f1-stdperiph/stm32f10x_usart.o
 .comment       0x0000006e       0x6f ./system/src/newlib/_exit.o
 .comment       0x0000006e       0x6f ./system/src/newlib/_sbrk.o
 .comment       0x0000006e       0x6f ./system/src/newlib/_startup.o
 .comment       0x0000006e       0x6f ./system/src/newlib/_syscalls.o
 .comment       0x0000006e       0x6f ./system/src/newlib/assert.o
 .comment       0x0000006e       0x6f ./system/src/diag/Trace.o
 .comment       0x0000006e       0x6f ./system/src/diag/trace_impl.o
 .comment       0x0000006e       0x6f ./system/src/cortexm/_initialize_hardware.o
 .comment       0x0000006e       0x6f ./system/src/cortexm/exception_handlers.o
 .comment       0x0000006e       0x6f ./system/src/cmsis/system_stm32f10x.o
 .comment       0x0000006e       0x6f ./system/src/cmsis/vectors_stm32f10x.o
 .comment       0x0000006e       0x6f ./src/ff9/bsp_sdio_sdcard.o
 .comment       0x0000006e       0x6f ./src/ff9/cc936.o
 .comment       0x0000006e       0x6f ./src/ff9/diskio.o
 .comment       0x0000006e       0x6f ./src/ff9/ff.o
 .comment       0x0000006e       0x6f ./src/8285_download_protocol.o
 .comment       0x0000006e       0x6f ./src/Data_pool.o
 .comment       0x0000006e       0x6f ./src/bsp_iwdg.o
 .comment       0x0000006e       0x6f ./src/bsp_time_delay.o
 .comment       0x0000006e       0x6f ./src/bsp_usart.o
 .comment       0x0000006e       0x6f ./src/clib.o
 .comment       0x0000006e       0x6f ./src/main.o

.ARM.attributes
                0x00000000       0x31
 .ARM.attributes
                0x00000000       0x33 ./system/src/stm32f1-stdperiph/misc.o
 .ARM.attributes
                0x00000033       0x33 ./system/src/stm32f1-stdperiph/stm32f10x_dma.o
 .ARM.attributes
                0x00000066       0x33 ./system/src/stm32f1-stdperiph/stm32f10x_gpio.o
 .ARM.attributes
                0x00000099       0x33 ./system/src/stm32f1-stdperiph/stm32f10x_iwdg.o
 .ARM.attributes
                0x000000cc       0x33 ./system/src/stm32f1-stdperiph/stm32f10x_rcc.o
 .ARM.attributes
                0x000000ff       0x33 ./system/src/stm32f1-stdperiph/stm32f10x_sdio.o
 .ARM.attributes
                0x00000132       0x33 ./system/src/stm32f1-stdperiph/stm32f10x_tim.o
 .ARM.attributes
                0x00000165       0x33 ./system/src/stm32f1-stdperiph/stm32f10x_usart.o
 .ARM.attributes
                0x00000198       0x33 ./system/src/newlib/_exit.o
 .ARM.attributes
                0x000001cb       0x33 ./system/src/newlib/_sbrk.o
 .ARM.attributes
                0x000001fe       0x33 ./system/src/newlib/_startup.o
 .ARM.attributes
                0x00000231       0x33 ./system/src/newlib/_syscalls.o
 .ARM.attributes
                0x00000264       0x33 ./system/src/newlib/assert.o
 .ARM.attributes
                0x00000297       0x33 ./system/src/diag/Trace.o
 .ARM.attributes
                0x000002ca       0x33 ./system/src/diag/trace_impl.o
 .ARM.attributes
                0x000002fd       0x33 ./system/src/cortexm/_initialize_hardware.o
 .ARM.attributes
                0x00000330       0x33 ./system/src/cortexm/exception_handlers.o
 .ARM.attributes
                0x00000363       0x33 ./system/src/cmsis/system_stm32f10x.o
 .ARM.attributes
                0x00000396       0x33 ./system/src/cmsis/vectors_stm32f10x.o
 .ARM.attributes
                0x000003c9       0x33 ./src/ff9/bsp_sdio_sdcard.o
 .ARM.attributes
                0x000003fc       0x33 ./src/ff9/cc936.o
 .ARM.attributes
                0x0000042f       0x33 ./src/ff9/diskio.o
 .ARM.attributes
                0x00000462       0x33 ./src/ff9/ff.o
 .ARM.attributes
                0x00000495       0x33 ./src/8285_download_protocol.o
 .ARM.attributes
                0x000004c8       0x33 ./src/Data_pool.o
 .ARM.attributes
                0x000004fb       0x33 ./src/bsp_iwdg.o
 .ARM.attributes
                0x0000052e       0x33 ./src/bsp_time_delay.o
 .ARM.attributes
                0x00000561       0x33 ./src/bsp_usart.o
 .ARM.attributes
                0x00000594       0x33 ./src/clib.o
 .ARM.attributes
                0x000005c7       0x33 ./src/main.o
 .ARM.attributes
                0x000005fa       0x2d c:/program files (x86)/gnu tools arm embedded/6.2 2016q4/bin/../lib/gcc/arm-none-eabi/6.2.1/../../../../arm-none-eabi/lib/thumb/v7-m\libg_nano.a(lib_a-errno.o)
 .ARM.attributes
                0x00000627       0x2d c:/program files (x86)/gnu tools arm embedded/6.2 2016q4/bin/../lib/gcc/arm-none-eabi/6.2.1/../../../../arm-none-eabi/lib/thumb/v7-m\libg_nano.a(lib_a-impure.o)
 .ARM.attributes
                0x00000654       0x2d c:/program files (x86)/gnu tools arm embedded/6.2 2016q4/bin/../lib/gcc/arm-none-eabi/6.2.1/../../../../arm-none-eabi/lib/thumb/v7-m\libg_nano.a(lib_a-memset.o)
 .ARM.attributes
                0x00000681       0x17 c:/program files (x86)/gnu tools arm embedded/6.2 2016q4/bin/../lib/gcc/arm-none-eabi/6.2.1/../../../../arm-none-eabi/lib/thumb/v7-m\libg_nano.a(lib_a-strlen.o)
 .ARM.attributes
                0x00000698       0x2d c:/program files (x86)/gnu tools arm embedded/6.2 2016q4/bin/../lib/gcc/arm-none-eabi/6.2.1/../../../../arm-none-eabi/lib/thumb/v7-m\libg_nano.a(lib_a-vsnprintf.o)
 .ARM.attributes
                0x000006c5       0x2d c:/program files (x86)/gnu tools arm embedded/6.2 2016q4/bin/../lib/gcc/arm-none-eabi/6.2.1/../../../../arm-none-eabi/lib/thumb/v7-m\libg_nano.a(lib_a-nano-svfprintf.o)
 .ARM.attributes
                0x000006f2       0x2d c:/program files (x86)/gnu tools arm embedded/6.2 2016q4/bin/../lib/gcc/arm-none-eabi/6.2.1/../../../../arm-none-eabi/lib/thumb/v7-m\libg_nano.a(lib_a-nano-vfprintf_i.o)
 .ARM.attributes
                0x0000071f       0x2d c:/program files (x86)/gnu tools arm embedded/6.2 2016q4/bin/../lib/gcc/arm-none-eabi/6.2.1/../../../../arm-none-eabi/lib/thumb/v7-m\libg_nano.a(lib_a-memchr-stub.o)
 .ARM.attributes
                0x0000074c       0x2d c:/program files (x86)/gnu tools arm embedded/6.2 2016q4/bin/../lib/gcc/arm-none-eabi/6.2.1/../../../../arm-none-eabi/lib/thumb/v7-m\libg_nano.a(lib_a-memcpy-stub.o)
 .ARM.attributes
                0x00000779       0x2d c:/program files (x86)/gnu tools arm embedded/6.2 2016q4/bin/../lib/gcc/arm-none-eabi/6.2.1/../../../../arm-none-eabi/lib/thumb/v7-m\libg_nano.a(lib_a-memmove.o)
 .ARM.attributes
                0x000007a6       0x2d c:/program files (x86)/gnu tools arm embedded/6.2 2016q4/bin/../lib/gcc/arm-none-eabi/6.2.1/../../../../arm-none-eabi/lib/thumb/v7-m\libg_nano.a(lib_a-nano-freer.o)
 .ARM.attributes
                0x000007d3       0x2d c:/program files (x86)/gnu tools arm embedded/6.2 2016q4/bin/../lib/gcc/arm-none-eabi/6.2.1/../../../../arm-none-eabi/lib/thumb/v7-m\libg_nano.a(lib_a-nano-mallocr.o)
 .ARM.attributes
                0x00000800       0x2d c:/program files (x86)/gnu tools arm embedded/6.2 2016q4/bin/../lib/gcc/arm-none-eabi/6.2.1/../../../../arm-none-eabi/lib/thumb/v7-m\libg_nano.a(lib_a-nano-reallocr.o)
 .ARM.attributes
                0x0000082d       0x2d c:/program files (x86)/gnu tools arm embedded/6.2 2016q4/bin/../lib/gcc/arm-none-eabi/6.2.1/../../../../arm-none-eabi/lib/thumb/v7-m\libg_nano.a(lib_a-sbrkr.o)
 .ARM.attributes
                0x0000085a       0x2d c:/program files (x86)/gnu tools arm embedded/6.2 2016q4/bin/../lib/gcc/arm-none-eabi/6.2.1/../../../../arm-none-eabi/lib/thumb/v7-m\libg_nano.a(lib_a-mlock.o)
 .ARM.attributes
                0x00000887       0x2d c:/program files (x86)/gnu tools arm embedded/6.2 2016q4/bin/../lib/gcc/arm-none-eabi/6.2.1/../../../../arm-none-eabi/lib/thumb/v7-m\libg_nano.a(lib_a-nano-msizer.o)

.debug
 *(.debug)

.line
 *(.line)

.debug_srcinfo
 *(.debug_srcinfo)

.debug_sfnames
 *(.debug_sfnames)

.debug_aranges  0x00000000      0xf90
 *(.debug_aranges)
 .debug_aranges
                0x00000000       0x40 ./system/src/stm32f1-stdperiph/misc.o
 .debug_aranges
                0x00000040       0x70 ./system/src/stm32f1-stdperiph/stm32f10x_dma.o
 .debug_aranges
                0x000000b0       0xa8 ./system/src/stm32f1-stdperiph/stm32f10x_gpio.o
 .debug_aranges
                0x00000158       0x48 ./system/src/stm32f1-stdperiph/stm32f10x_iwdg.o
 .debug_aranges
                0x000001a0      0x118 ./system/src/stm32f1-stdperiph/stm32f10x_rcc.o
 .debug_aranges
                0x000002b8      0x108 ./system/src/stm32f1-stdperiph/stm32f10x_sdio.o
 .debug_aranges
                0x000003c0      0x2f0 ./system/src/stm32f1-stdperiph/stm32f10x_tim.o
 .debug_aranges
                0x000006b0      0x100 ./system/src/stm32f1-stdperiph/stm32f10x_usart.o
 .debug_aranges
                0x000007b0       0x28 ./system/src/newlib/_exit.o
 .debug_aranges
                0x000007d8       0x20 ./system/src/newlib/_sbrk.o
 .debug_aranges
                0x000007f8       0x40 ./system/src/newlib/_startup.o
 .debug_aranges
                0x00000838       0x30 ./system/src/newlib/_syscalls.o
 .debug_aranges
                0x00000868       0x28 ./system/src/newlib/assert.o
 .debug_aranges
                0x00000890       0x38 ./system/src/diag/Trace.o
 .debug_aranges
                0x000008c8       0x30 ./system/src/diag/trace_impl.o
 .debug_aranges
                0x000008f8       0x28 ./system/src/cortexm/_initialize_hardware.o
 .debug_aranges
                0x00000920       0x90 ./system/src/cortexm/exception_handlers.o
 .debug_aranges
                0x000009b0       0x38 ./system/src/cmsis/system_stm32f10x.o
 .debug_aranges
                0x000009e8       0x20 ./system/src/cmsis/vectors_stm32f10x.o
 .debug_aranges
                0x00000a08      0x148 ./src/ff9/bsp_sdio_sdcard.o
 .debug_aranges
                0x00000b50       0x28 ./src/ff9/cc936.o
 .debug_aranges
                0x00000b78       0x48 ./src/ff9/diskio.o
 .debug_aranges
                0x00000bc0      0x138 ./src/ff9/ff.o
 .debug_aranges
                0x00000cf8       0xb8 ./src/8285_download_protocol.o
 .debug_aranges
                0x00000db0       0x48 ./src/Data_pool.o
 .debug_aranges
                0x00000df8       0x28 ./src/bsp_iwdg.o
 .debug_aranges
                0x00000e20       0x48 ./src/bsp_time_delay.o
 .debug_aranges
                0x00000e68       0x80 ./src/bsp_usart.o
 .debug_aranges
                0x00000ee8       0x70 ./src/clib.o
 .debug_aranges
                0x00000f58       0x38 ./src/main.o

.debug_pubnames
 *(.debug_pubnames)

.debug_info     0x00000000    0x16ce4
 *(.debug_info .gnu.linkonce.wi.*)
 .debug_info    0x00000000      0x63a ./system/src/stm32f1-stdperiph/misc.o
 .debug_info    0x0000063a      0x6f7 ./system/src/stm32f1-stdperiph/stm32f10x_dma.o
 .debug_info    0x00000d31      0xbd6 ./system/src/stm32f1-stdperiph/stm32f10x_gpio.o
 .debug_info    0x00001907      0x269 ./system/src/stm32f1-stdperiph/stm32f10x_iwdg.o
 .debug_info    0x00001b70      0xc7b ./system/src/stm32f1-stdperiph/stm32f10x_rcc.o
 .debug_info    0x000027eb      0xb6f ./system/src/stm32f1-stdperiph/stm32f10x_sdio.o
 .debug_info    0x0000335a     0x3931 ./system/src/stm32f1-stdperiph/stm32f10x_tim.o
 .debug_info    0x00006c8b     0x128b ./system/src/stm32f1-stdperiph/stm32f10x_usart.o
 .debug_info    0x00007f16      0x952 ./system/src/newlib/_exit.o
 .debug_info    0x00008868      0x93e ./system/src/newlib/_sbrk.o
 .debug_info    0x000091a6      0x434 ./system/src/newlib/_startup.o
 .debug_info    0x000095da      0xa15 ./system/src/newlib/_syscalls.o
 .debug_info    0x00009fef      0x9fb ./system/src/newlib/assert.o
 .debug_info    0x0000a9ea      0xb26 ./system/src/diag/Trace.o
 .debug_info    0x0000b510      0x36c ./system/src/diag/trace_impl.o
 .debug_info    0x0000b87c      0x2bc ./system/src/cortexm/_initialize_hardware.o
 .debug_info    0x0000bb38     0x113b ./system/src/cortexm/exception_handlers.o
 .debug_info    0x0000cc73      0x49a ./system/src/cmsis/system_stm32f10x.o
 .debug_info    0x0000d10d       0xd1 ./system/src/cmsis/vectors_stm32f10x.o
 .debug_info    0x0000d1de     0x26ad ./src/ff9/bsp_sdio_sdcard.o
 .debug_info    0x0000f88b      0x1c6 ./src/ff9/cc936.o
 .debug_info    0x0000fa51      0x4f4 ./src/ff9/diskio.o
 .debug_info    0x0000ff45     0x1fb5 ./src/ff9/ff.o
 .debug_info    0x00011efa     0x1da2 ./src/8285_download_protocol.o
 .debug_info    0x00013c9c      0x330 ./src/Data_pool.o
 .debug_info    0x00013fcc      0x206 ./src/bsp_iwdg.o
 .debug_info    0x000141d2      0x964 ./src/bsp_time_delay.o
 .debug_info    0x00014b36      0xcb7 ./src/bsp_usart.o
 .debug_info    0x000157ed      0x3e9 ./src/clib.o
 .debug_info    0x00015bd6     0x110e ./src/main.o

.debug_abbrev   0x00000000     0x36b8
 *(.debug_abbrev)
 .debug_abbrev  0x00000000      0x192 ./system/src/stm32f1-stdperiph/misc.o
 .debug_abbrev  0x00000192      0x1b1 ./system/src/stm32f1-stdperiph/stm32f10x_dma.o
 .debug_abbrev  0x00000343      0x205 ./system/src/stm32f1-stdperiph/stm32f10x_gpio.o
 .debug_abbrev  0x00000548      0x141 ./system/src/stm32f1-stdperiph/stm32f10x_iwdg.o
 .debug_abbrev  0x00000689      0x209 ./system/src/stm32f1-stdperiph/stm32f10x_rcc.o
 .debug_abbrev  0x00000892      0x21a ./system/src/stm32f1-stdperiph/stm32f10x_sdio.o
 .debug_abbrev  0x00000aac      0x1e9 ./system/src/stm32f1-stdperiph/stm32f10x_tim.o
 .debug_abbrev  0x00000c95      0x1de ./system/src/stm32f1-stdperiph/stm32f10x_usart.o
 .debug_abbrev  0x00000e73      0x1f3 ./system/src/newlib/_exit.o
 .debug_abbrev  0x00001066      0x1fc ./system/src/newlib/_sbrk.o
 .debug_abbrev  0x00001262      0x1c4 ./system/src/newlib/_startup.o
 .debug_abbrev  0x00001426      0x234 ./system/src/newlib/_syscalls.o
 .debug_abbrev  0x0000165a      0x1f3 ./system/src/newlib/assert.o
 .debug_abbrev  0x0000184d      0x276 ./system/src/diag/Trace.o
 .debug_abbrev  0x00001ac3      0x1d3 ./system/src/diag/trace_impl.o
 .debug_abbrev  0x00001c96       0xea ./system/src/cortexm/_initialize_hardware.o
 .debug_abbrev  0x00001d80      0x329 ./system/src/cortexm/exception_handlers.o
 .debug_abbrev  0x000020a9      0x175 ./system/src/cmsis/system_stm32f10x.o
 .debug_abbrev  0x0000221e       0x9d ./system/src/cmsis/vectors_stm32f10x.o
 .debug_abbrev  0x000022bb      0x28c ./src/ff9/bsp_sdio_sdcard.o
 .debug_abbrev  0x00002547       0xbd ./src/ff9/cc936.o
 .debug_abbrev  0x00002604      0x139 ./src/ff9/diskio.o
 .debug_abbrev  0x0000273d      0x21c ./src/ff9/ff.o
 .debug_abbrev  0x00002959      0x322 ./src/8285_download_protocol.o
 .debug_abbrev  0x00002c7b      0x141 ./src/Data_pool.o
 .debug_abbrev  0x00002dbc      0x11a ./src/bsp_iwdg.o
 .debug_abbrev  0x00002ed6      0x1c9 ./src/bsp_time_delay.o
 .debug_abbrev  0x0000309f      0x23c ./src/bsp_usart.o
 .debug_abbrev  0x000032db       0xf8 ./src/clib.o
 .debug_abbrev  0x000033d3      0x2e5 ./src/main.o

.debug_line     0x00000000     0xbfac
 *(.debug_line)
 .debug_line    0x00000000      0x40d ./system/src/stm32f1-stdperiph/misc.o
 .debug_line    0x0000040d      0x870 ./system/src/stm32f1-stdperiph/stm32f10x_dma.o
 .debug_line    0x00000c7d      0x8ee ./system/src/stm32f1-stdperiph/stm32f10x_gpio.o
 .debug_line    0x0000156b      0x3cf ./system/src/stm32f1-stdperiph/stm32f10x_iwdg.o
 .debug_line    0x0000193a      0x84c ./system/src/stm32f1-stdperiph/stm32f10x_rcc.o
 .debug_line    0x00002186      0x809 ./system/src/stm32f1-stdperiph/stm32f10x_sdio.o
 .debug_line    0x0000298f     0x2585 ./system/src/stm32f1-stdperiph/stm32f10x_tim.o
 .debug_line    0x00004f14      0xae8 ./system/src/stm32f1-stdperiph/stm32f10x_usart.o
 .debug_line    0x000059fc      0x34f ./system/src/newlib/_exit.o
 .debug_line    0x00005d4b      0x304 ./system/src/newlib/_sbrk.o
 .debug_line    0x0000604f      0x3be ./system/src/newlib/_startup.o
 .debug_line    0x0000640d      0x41c ./system/src/newlib/_syscalls.o
 .debug_line    0x00006829      0x38a ./system/src/newlib/assert.o
 .debug_line    0x00006bb3      0x3bb ./system/src/diag/Trace.o
 .debug_line    0x00006f6e      0x635 ./system/src/diag/trace_impl.o
 .debug_line    0x000075a3      0x373 ./system/src/cortexm/_initialize_hardware.o
 .debug_line    0x00007916      0x6ec ./system/src/cortexm/exception_handlers.o
 .debug_line    0x00008002      0x3e7 ./system/src/cmsis/system_stm32f10x.o
 .debug_line    0x000083e9      0x103 ./system/src/cmsis/vectors_stm32f10x.o
 .debug_line    0x000084ec      0xa2e ./src/ff9/bsp_sdio_sdcard.o
 .debug_line    0x00008f1a       0xc0 ./src/ff9/cc936.o
 .debug_line    0x00008fda      0x3e7 ./src/ff9/diskio.o
 .debug_line    0x000093c1      0xadd ./src/ff9/ff.o
 .debug_line    0x00009e9e      0x7e2 ./src/8285_download_protocol.o
 .debug_line    0x0000a680      0x3df ./src/Data_pool.o
 .debug_line    0x0000aa5f      0x35c ./src/bsp_iwdg.o
 .debug_line    0x0000adbb      0x3ed ./src/bsp_time_delay.o
 .debug_line    0x0000b1a8      0x4af ./src/bsp_usart.o
 .debug_line    0x0000b657      0x27d ./src/clib.o
 .debug_line    0x0000b8d4      0x6d8 ./src/main.o

.debug_frame    0x00000000     0x2f7c
 *(.debug_frame)
 .debug_frame   0x00000000       0x90 ./system/src/stm32f1-stdperiph/misc.o
 .debug_frame   0x00000090      0x120 ./system/src/stm32f1-stdperiph/stm32f10x_dma.o
 .debug_frame   0x000001b0      0x1e8 ./system/src/stm32f1-stdperiph/stm32f10x_gpio.o
 .debug_frame   0x00000398       0x90 ./system/src/stm32f1-stdperiph/stm32f10x_iwdg.o
 .debug_frame   0x00000428      0x320 ./system/src/stm32f1-stdperiph/stm32f10x_rcc.o
 .debug_frame   0x00000748      0x29c ./system/src/stm32f1-stdperiph/stm32f10x_sdio.o
 .debug_frame   0x000009e4      0x9fc ./system/src/stm32f1-stdperiph/stm32f10x_tim.o
 .debug_frame   0x000013e0      0x320 ./system/src/stm32f1-stdperiph/stm32f10x_usart.o
 .debug_frame   0x00001700       0x38 ./system/src/newlib/_exit.o
 .debug_frame   0x00001738       0x28 ./system/src/newlib/_sbrk.o
 .debug_frame   0x00001760       0x7c ./system/src/newlib/_startup.o
 .debug_frame   0x000017dc       0x50 ./system/src/newlib/_syscalls.o
 .debug_frame   0x0000182c       0x40 ./system/src/newlib/assert.o
 .debug_frame   0x0000186c       0x94 ./system/src/diag/Trace.o
 .debug_frame   0x00001900       0x64 ./system/src/diag/trace_impl.o
 .debug_frame   0x00001964       0x40 ./system/src/cortexm/_initialize_hardware.o
 .debug_frame   0x000019a4      0x158 ./system/src/cortexm/exception_handlers.o
 .debug_frame   0x00001afc       0x6c ./system/src/cmsis/system_stm32f10x.o
 .debug_frame   0x00001b68       0x20 ./system/src/cmsis/vectors_stm32f10x.o
 .debug_frame   0x00001b88      0x430 ./src/ff9/bsp_sdio_sdcard.o
 .debug_frame   0x00001fb8       0x48 ./src/ff9/cc936.o
 .debug_frame   0x00002000       0x88 ./src/ff9/diskio.o
 .debug_frame   0x00002088      0x494 ./src/ff9/ff.o
 .debug_frame   0x0000251c      0x28c ./src/8285_download_protocol.o
 .debug_frame   0x000027a8       0xac ./src/Data_pool.o
 .debug_frame   0x00002854       0x40 ./src/bsp_iwdg.o
 .debug_frame   0x00002894       0xac ./src/bsp_time_delay.o
 .debug_frame   0x00002940      0x190 ./src/bsp_usart.o
 .debug_frame   0x00002ad0      0x120 ./src/clib.o
 .debug_frame   0x00002bf0       0x7c ./src/main.o
 .debug_frame   0x00002c6c       0x20 c:/program files (x86)/gnu tools arm embedded/6.2 2016q4/bin/../lib/gcc/arm-none-eabi/6.2.1/../../../../arm-none-eabi/lib/thumb/v7-m\libg_nano.a(lib_a-errno.o)
 .debug_frame   0x00002c8c       0x20 c:/program files (x86)/gnu tools arm embedded/6.2 2016q4/bin/../lib/gcc/arm-none-eabi/6.2.1/../../../../arm-none-eabi/lib/thumb/v7-m\libg_nano.a(lib_a-memset.o)
 .debug_frame   0x00002cac       0x4c c:/program files (x86)/gnu tools arm embedded/6.2 2016q4/bin/../lib/gcc/arm-none-eabi/6.2.1/../../../../arm-none-eabi/lib/thumb/v7-m\libg_nano.a(lib_a-vsnprintf.o)
 .debug_frame   0x00002cf8       0x90 c:/program files (x86)/gnu tools arm embedded/6.2 2016q4/bin/../lib/gcc/arm-none-eabi/6.2.1/../../../../arm-none-eabi/lib/thumb/v7-m\libg_nano.a(lib_a-nano-svfprintf.o)
 .debug_frame   0x00002d88       0x60 c:/program files (x86)/gnu tools arm embedded/6.2 2016q4/bin/../lib/gcc/arm-none-eabi/6.2.1/../../../../arm-none-eabi/lib/thumb/v7-m\libg_nano.a(lib_a-nano-vfprintf_i.o)
 .debug_frame   0x00002de8       0x28 c:/program files (x86)/gnu tools arm embedded/6.2 2016q4/bin/../lib/gcc/arm-none-eabi/6.2.1/../../../../arm-none-eabi/lib/thumb/v7-m\libg_nano.a(lib_a-memchr-stub.o)
 .debug_frame   0x00002e10       0x28 c:/program files (x86)/gnu tools arm embedded/6.2 2016q4/bin/../lib/gcc/arm-none-eabi/6.2.1/../../../../arm-none-eabi/lib/thumb/v7-m\libg_nano.a(lib_a-memcpy-stub.o)
 .debug_frame   0x00002e38       0x28 c:/program files (x86)/gnu tools arm embedded/6.2 2016q4/bin/../lib/gcc/arm-none-eabi/6.2.1/../../../../arm-none-eabi/lib/thumb/v7-m\libg_nano.a(lib_a-memmove.o)
 .debug_frame   0x00002e60       0x38 c:/program files (x86)/gnu tools arm embedded/6.2 2016q4/bin/../lib/gcc/arm-none-eabi/6.2.1/../../../../arm-none-eabi/lib/thumb/v7-m\libg_nano.a(lib_a-nano-freer.o)
 .debug_frame   0x00002e98       0x2c c:/program files (x86)/gnu tools arm embedded/6.2 2016q4/bin/../lib/gcc/arm-none-eabi/6.2.1/../../../../arm-none-eabi/lib/thumb/v7-m\libg_nano.a(lib_a-nano-mallocr.o)
 .debug_frame   0x00002ec4       0x3c c:/program files (x86)/gnu tools arm embedded/6.2 2016q4/bin/../lib/gcc/arm-none-eabi/6.2.1/../../../../arm-none-eabi/lib/thumb/v7-m\libg_nano.a(lib_a-nano-reallocr.o)
 .debug_frame   0x00002f00       0x2c c:/program files (x86)/gnu tools arm embedded/6.2 2016q4/bin/../lib/gcc/arm-none-eabi/6.2.1/../../../../arm-none-eabi/lib/thumb/v7-m\libg_nano.a(lib_a-sbrkr.o)
 .debug_frame   0x00002f2c       0x30 c:/program files (x86)/gnu tools arm embedded/6.2 2016q4/bin/../lib/gcc/arm-none-eabi/6.2.1/../../../../arm-none-eabi/lib/thumb/v7-m\libg_nano.a(lib_a-mlock.o)
 .debug_frame   0x00002f5c       0x20 c:/program files (x86)/gnu tools arm embedded/6.2 2016q4/bin/../lib/gcc/arm-none-eabi/6.2.1/../../../../arm-none-eabi/lib/thumb/v7-m\libg_nano.a(lib_a-nano-msizer.o)

.debug_str      0x00000000    0x5cbb4
 *(.debug_str)
 .debug_str     0x00000000    0x4e50b ./system/src/stm32f1-stdperiph/misc.o
                              0x4e694 (size before relaxing)
 .debug_str     0x0004e50b      0x6ef ./system/src/stm32f1-stdperiph/stm32f10x_dma.o
                              0x4eb3d (size before relaxing)
 .debug_str     0x0004ebfa      0x5c3 ./system/src/stm32f1-stdperiph/stm32f10x_gpio.o
                              0x4ea12 (size before relaxing)
 .debug_str     0x0004f1bd      0x183 ./system/src/stm32f1-stdperiph/stm32f10x_iwdg.o
                              0x4e554 (size before relaxing)
 .debug_str     0x0004f340      0xb4a ./system/src/stm32f1-stdperiph/stm32f10x_rcc.o
                              0x4efe1 (size before relaxing)
 .debug_str     0x0004fe8a      0x9c3 ./system/src/stm32f1-stdperiph/stm32f10x_sdio.o
                              0x4ee2d (size before relaxing)
 .debug_str     0x0005084d      0xc13 ./system/src/stm32f1-stdperiph/stm32f10x_tim.o
                              0x4f12d (size before relaxing)
 .debug_str     0x00051460      0x7f8 ./system/src/stm32f1-stdperiph/stm32f10x_usart.o
                              0x4ed4b (size before relaxing)
 .debug_str     0x00051c58     0x4c49 ./system/src/newlib/_exit.o
                               0x73d7 (size before relaxing)
 .debug_str     0x000568a1      0x4f5 ./system/src/newlib/_sbrk.o
                               0x67a2 (size before relaxing)
 .debug_str     0x00056d96      0x25b ./system/src/newlib/_startup.o
                               0x5f61 (size before relaxing)
 .debug_str     0x00056ff1      0xe2c ./system/src/newlib/_syscalls.o
                               0x761e (size before relaxing)
 .debug_str     0x00057e1d       0xd0 ./system/src/newlib/assert.o
                               0x7edc (size before relaxing)
 .debug_str     0x00057eed      0x883 ./system/src/diag/Trace.o
                               0x7bbd (size before relaxing)
 .debug_str     0x00058770      0x37b ./system/src/diag/trace_impl.o
                              0x523dc (size before relaxing)
 .debug_str     0x00058aeb       0x5e ./system/src/cortexm/_initialize_hardware.o
                              0x4e4fc (size before relaxing)
 .debug_str     0x00058b49      0x19d ./system/src/cortexm/exception_handlers.o
                              0x53574 (size before relaxing)
 .debug_str     0x00058ce6       0x96 ./system/src/cmsis/system_stm32f10x.o
                              0x4e596 (size before relaxing)
 .debug_str     0x00058d7c       0x57 ./system/src/cmsis/vectors_stm32f10x.o
                               0x3118 (size before relaxing)
 .debug_str     0x00058dd3     0x21ae ./src/ff9/bsp_sdio_sdcard.o
                              0x50bda (size before relaxing)
 .debug_str     0x0005af81      0x566 ./src/ff9/cc936.o
                               0x2b8b (size before relaxing)
 .debug_str     0x0005b4e7      0x20b ./src/ff9/diskio.o
                              0x4f501 (size before relaxing)
 .debug_str     0x0005b6f2      0xa4d ./src/ff9/ff.o
                               0x37f7 (size before relaxing)
 .debug_str     0x0005c13f      0x701 ./src/8285_download_protocol.o
                              0x4fd2f (size before relaxing)
 .debug_str     0x0005c840       0x6f ./src/Data_pool.o
                              0x4e50c (size before relaxing)
 .debug_str     0x0005c8af       0x2a ./src/bsp_iwdg.o
                              0x4e4f4 (size before relaxing)
 .debug_str     0x0005c8d9       0xaa ./src/bsp_time_delay.o
                              0x4ec25 (size before relaxing)
 .debug_str     0x0005c983       0xde ./src/bsp_usart.o
                              0x4eda4 (size before relaxing)
 .debug_str     0x0005ca61       0xdf ./src/clib.o
                               0x31b8 (size before relaxing)
 .debug_str     0x0005cb40       0x74 ./src/main.o
                              0x54ec0 (size before relaxing)

.debug_loc      0x00000000     0xbc39
 *(.debug_loc)
 .debug_loc     0x00000000      0x16a ./system/src/stm32f1-stdperiph/misc.o
 .debug_loc     0x0000016a      0x36d ./system/src/stm32f1-stdperiph/stm32f10x_dma.o
 .debug_loc     0x000004d7      0x8ae ./system/src/stm32f1-stdperiph/stm32f10x_gpio.o
 .debug_loc     0x00000d85       0xfa ./system/src/stm32f1-stdperiph/stm32f10x_iwdg.o
 .debug_loc     0x00000e7f      0x9cf ./system/src/stm32f1-stdperiph/stm32f10x_rcc.o
 .debug_loc     0x0000184e      0x448 ./system/src/stm32f1-stdperiph/stm32f10x_sdio.o
 .debug_loc     0x00001c96     0x2635 ./system/src/stm32f1-stdperiph/stm32f10x_tim.o
 .debug_loc     0x000042cb      0xc98 ./system/src/stm32f1-stdperiph/stm32f10x_usart.o
 .debug_loc     0x00004f63       0x85 ./system/src/newlib/_sbrk.o
 .debug_loc     0x00004fe8      0x19e ./system/src/newlib/_startup.o
 .debug_loc     0x00005186       0x63 ./system/src/newlib/_syscalls.o
 .debug_loc     0x000051e9      0x134 ./system/src/newlib/assert.o
 .debug_loc     0x0000531d       0xf6 ./system/src/diag/Trace.o
 .debug_loc     0x00005413      0x121 ./system/src/diag/trace_impl.o
 .debug_loc     0x00005534      0x291 ./system/src/cortexm/exception_handlers.o
 .debug_loc     0x000057c5       0xdf ./system/src/cmsis/system_stm32f10x.o
 .debug_loc     0x000058a4     0x1324 ./src/ff9/bsp_sdio_sdcard.o
 .debug_loc     0x00006bc8      0x18b ./src/ff9/cc936.o
 .debug_loc     0x00006d53      0x264 ./src/ff9/diskio.o
 .debug_loc     0x00006fb7     0x3358 ./src/ff9/ff.o
 .debug_loc     0x0000a30f      0xbcc ./src/8285_download_protocol.o
 .debug_loc     0x0000aedb      0x28d ./src/Data_pool.o
 .debug_loc     0x0000b168       0x58 ./src/bsp_time_delay.o
 .debug_loc     0x0000b1c0      0x2b3 ./src/bsp_usart.o
 .debug_loc     0x0000b473      0x76c ./src/clib.o
 .debug_loc     0x0000bbdf       0x5a ./src/main.o

.debug_macinfo
 *(.debug_macinfo)

.debug_weaknames
 *(.debug_weaknames)

.debug_funcnames
 *(.debug_funcnames)

.debug_typenames
 *(.debug_typenames)

.debug_varnames
 *(.debug_varnames)
OUTPUT(8285_flash_download_in_stm32.elf elf32-littlearm)

.debug_ranges   0x00000000      0xe58
 .debug_ranges  0x00000000       0x30 ./system/src/stm32f1-stdperiph/misc.o
 .debug_ranges  0x00000030       0x60 ./system/src/stm32f1-stdperiph/stm32f10x_dma.o
 .debug_ranges  0x00000090       0x98 ./system/src/stm32f1-stdperiph/stm32f10x_gpio.o
 .debug_ranges  0x00000128       0x38 ./system/src/stm32f1-stdperiph/stm32f10x_iwdg.o
 .debug_ranges  0x00000160      0x108 ./system/src/stm32f1-stdperiph/stm32f10x_rcc.o
 .debug_ranges  0x00000268       0xf8 ./system/src/stm32f1-stdperiph/stm32f10x_sdio.o
 .debug_ranges  0x00000360      0x2e0 ./system/src/stm32f1-stdperiph/stm32f10x_tim.o
 .debug_ranges  0x00000640       0xf0 ./system/src/stm32f1-stdperiph/stm32f10x_usart.o
 .debug_ranges  0x00000730       0x18 ./system/src/newlib/_exit.o
 .debug_ranges  0x00000748       0x10 ./system/src/newlib/_sbrk.o
 .debug_ranges  0x00000758       0x78 ./system/src/newlib/_startup.o
 .debug_ranges  0x000007d0       0x20 ./system/src/newlib/_syscalls.o
 .debug_ranges  0x000007f0       0x18 ./system/src/newlib/assert.o
 .debug_ranges  0x00000808       0x28 ./system/src/diag/Trace.o
 .debug_ranges  0x00000830       0x38 ./system/src/diag/trace_impl.o
 .debug_ranges  0x00000868       0x18 ./system/src/cortexm/_initialize_hardware.o
 .debug_ranges  0x00000880       0x80 ./system/src/cortexm/exception_handlers.o
 .debug_ranges  0x00000900       0x28 ./system/src/cmsis/system_stm32f10x.o
 .debug_ranges  0x00000928       0x10 ./system/src/cmsis/vectors_stm32f10x.o
 .debug_ranges  0x00000938      0x138 ./src/ff9/bsp_sdio_sdcard.o
 .debug_ranges  0x00000a70       0x18 ./src/ff9/cc936.o
 .debug_ranges  0x00000a88       0x38 ./src/ff9/diskio.o
 .debug_ranges  0x00000ac0      0x158 ./src/ff9/ff.o
 .debug_ranges  0x00000c18       0xc0 ./src/8285_download_protocol.o
 .debug_ranges  0x00000cd8       0x38 ./src/Data_pool.o
 .debug_ranges  0x00000d10       0x18 ./src/bsp_iwdg.o
 .debug_ranges  0x00000d28       0x38 ./src/bsp_time_delay.o
 .debug_ranges  0x00000d60       0x70 ./src/bsp_usart.o
 .debug_ranges  0x00000dd0       0x60 ./src/clib.o
 .debug_ranges  0x00000e30       0x28 ./src/main.o

.debug_macro    0x00000000    0x12dfc
 .debug_macro   0x00000000      0x171 ./system/src/stm32f1-stdperiph/misc.o
 .debug_macro   0x00000171      0x8c2 ./system/src/stm32f1-stdperiph/misc.o
 .debug_macro   0x00000a33       0x50 ./system/src/stm32f1-stdperiph/misc.o
 .debug_macro   0x00000a83      0x34e ./system/src/stm32f1-stdperiph/misc.o
 .debug_macro   0x00000dd1       0x35 ./system/src/stm32f1-stdperiph/misc.o
 .debug_macro   0x00000e06       0x34 ./system/src/stm32f1-stdperiph/misc.o
 .debug_macro   0x00000e3a      0xb8e ./system/src/stm32f1-stdperiph/misc.o
 .debug_macro   0x000019c8     0x7e6d ./system/src/stm32f1-stdperiph/misc.o
 .debug_macro   0x00009835      0x2e4 ./system/src/stm32f1-stdperiph/misc.o
 .debug_macro   0x00009b19      0x144 ./system/src/stm32f1-stdperiph/misc.o
 .debug_macro   0x00009c5d      0x3cf ./system/src/stm32f1-stdperiph/misc.o
 .debug_macro   0x0000a02c       0xc8 ./system/src/stm32f1-stdperiph/misc.o
 .debug_macro   0x0000a0f4      0x17a ./system/src/stm32f1-stdperiph/misc.o
 .debug_macro   0x0000a26e       0xac ./system/src/stm32f1-stdperiph/misc.o
 .debug_macro   0x0000a31a      0x3ad ./system/src/stm32f1-stdperiph/misc.o
 .debug_macro   0x0000a6c7       0x9d ./system/src/stm32f1-stdperiph/misc.o
 .debug_macro   0x0000a764      0x2cf ./system/src/stm32f1-stdperiph/misc.o
 .debug_macro   0x0000aa33      0x279 ./system/src/stm32f1-stdperiph/misc.o
 .debug_macro   0x0000acac      0x2ac ./system/src/stm32f1-stdperiph/misc.o
 .debug_macro   0x0000af58      0x2b4 ./system/src/stm32f1-stdperiph/misc.o
 .debug_macro   0x0000b20c       0x64 ./system/src/stm32f1-stdperiph/misc.o
 .debug_macro   0x0000b270       0x82 ./system/src/stm32f1-stdperiph/misc.o
 .debug_macro   0x0000b2f2      0x3e2 ./system/src/stm32f1-stdperiph/misc.o
 .debug_macro   0x0000b6d4       0x58 ./system/src/stm32f1-stdperiph/misc.o
 .debug_macro   0x0000b72c      0x344 ./system/src/stm32f1-stdperiph/misc.o
 .debug_macro   0x0000ba70      0x2c4 ./system/src/stm32f1-stdperiph/misc.o
 .debug_macro   0x0000bd34      0x711 ./system/src/stm32f1-stdperiph/misc.o
 .debug_macro   0x0000c445      0x222 ./system/src/stm32f1-stdperiph/misc.o
 .debug_macro   0x0000c667       0x34 ./system/src/stm32f1-stdperiph/misc.o
 .debug_macro   0x0000c69b       0x35 ./system/src/stm32f1-stdperiph/misc.o
 .debug_macro   0x0000c6d0       0x85 ./system/src/stm32f1-stdperiph/misc.o
 .debug_macro   0x0000c755      0x1bf ./system/src/stm32f1-stdperiph/stm32f10x_dma.o
 .debug_macro   0x0000c914       0x8b ./system/src/stm32f1-stdperiph/stm32f10x_dma.o
 .debug_macro   0x0000c99f      0x3a7 ./system/src/stm32f1-stdperiph/stm32f10x_dma.o
 .debug_macro   0x0000cd46      0x1b9 ./system/src/stm32f1-stdperiph/stm32f10x_gpio.o
 .debug_macro   0x0000ceff      0x2a6 ./system/src/stm32f1-stdperiph/stm32f10x_gpio.o
 .debug_macro   0x0000d1a5      0x177 ./system/src/stm32f1-stdperiph/stm32f10x_iwdg.o
 .debug_macro   0x0000d31c       0x5e ./system/src/stm32f1-stdperiph/stm32f10x_iwdg.o
 .debug_macro   0x0000d37a      0x287 ./system/src/stm32f1-stdperiph/stm32f10x_rcc.o
 .debug_macro   0x0000d601      0x3dc ./system/src/stm32f1-stdperiph/stm32f10x_rcc.o
 .debug_macro   0x0000d9dd      0x219 ./system/src/stm32f1-stdperiph/stm32f10x_sdio.o
 .debug_macro   0x0000dbf6      0x33e ./system/src/stm32f1-stdperiph/stm32f10x_sdio.o
 .debug_macro   0x0000df34      0x183 ./system/src/stm32f1-stdperiph/stm32f10x_tim.o
 .debug_macro   0x0000e0b7      0x70b ./system/src/stm32f1-stdperiph/stm32f10x_tim.o
 .debug_macro   0x0000e7c2      0x21f ./system/src/stm32f1-stdperiph/stm32f10x_usart.o
 .debug_macro   0x0000e9e1      0x21c ./system/src/stm32f1-stdperiph/stm32f10x_usart.o
 .debug_macro   0x0000ebfd      0x1a7 ./system/src/newlib/_exit.o
 .debug_macro   0x0000eda4       0x9c ./system/src/newlib/_exit.o
 .debug_macro   0x0000ee40      0x10e ./system/src/newlib/_exit.o
 .debug_macro   0x0000ef4e       0x8d ./system/src/newlib/_exit.o
 .debug_macro   0x0000efdb       0x43 ./system/src/newlib/_exit.o
 .debug_macro   0x0000f01e      0x30d ./system/src/newlib/_exit.o
 .debug_macro   0x0000f32b       0x35 ./system/src/newlib/_exit.o
 .debug_macro   0x0000f360      0x15c ./system/src/newlib/_sbrk.o
 .debug_macro   0x0000f4bc      0x174 ./system/src/newlib/_sbrk.o
 .debug_macro   0x0000f630       0x10 ./system/src/newlib/_sbrk.o
 .debug_macro   0x0000f640      0x23b ./system/src/newlib/_sbrk.o
 .debug_macro   0x0000f87b      0x166 ./system/src/newlib/_startup.o
 .debug_macro   0x0000f9e1      0x20a ./system/src/newlib/_syscalls.o
 .debug_macro   0x0000fbeb       0x1c ./system/src/newlib/_syscalls.o
 .debug_macro   0x0000fc07       0x10 ./system/src/newlib/_syscalls.o
 .debug_macro   0x0000fc17       0x10 ./system/src/newlib/_syscalls.o
 .debug_macro   0x0000fc27       0x10 ./system/src/newlib/_syscalls.o
 .debug_macro   0x0000fc37       0x35 ./system/src/newlib/_syscalls.o
 .debug_macro   0x0000fc6c      0x122 ./system/src/newlib/_syscalls.o
 .debug_macro   0x0000fd8e       0x88 ./system/src/newlib/_syscalls.o
 .debug_macro   0x0000fe16       0x2b ./system/src/newlib/_syscalls.o
 .debug_macro   0x0000fe41      0x118 ./system/src/newlib/_syscalls.o