Archive member included to satisfy reference by file (symbol)

c:/program files (x86)/gnu tools arm embedded/6.2 2016q4/bin/../lib/gcc/arm-none-eabi/6.2.1/thumb/v7-m\libgcc.a(_arm_muldivdf3.o)
                              ./src/clib.o (__aeabi_dmul)
c:/program files (x86)/gnu tools arm embedded/6.2 2016q4/bin/../lib/gcc/arm-none-eabi/6.2.1/thumb/v7-m\libgcc.a(_arm_fixunsdfsi.o)
                              ./src/clib.o (__aeabi_d2uiz)
c:/program files (x86)/gnu tools arm embedded/6.2 2016q4/bin/../lib/gcc/arm-none-eabi/6.2.1/../../../../arm-none-eabi/lib/thumb/v7-m\libg_nano.a(lib_a-errno.o)
                              ./system/src/newlib/_sbrk.o (__errno)
c:/program files (x86)/gnu tools arm embedded/6.2 2016q4/bin/../lib/gcc/arm-none-eabi/6.2.1/../../../../arm-none-eabi/lib/thumb/v7-m\libg_nano.a(lib_a-impure.o)
                              c:/program files (x86)/gnu tools arm embedded/6.2 2016q4/bin/../lib/gcc/arm-none-eabi/6.2.1/../../../../arm-none-eabi/lib/thumb/v7-m\libg_nano.a(lib_a-errno.o) (_impure_ptr)
c:/program files (x86)/gnu tools arm embedded/6.2 2016q4/bin/../lib/gcc/arm-none-eabi/6.2.1/../../../../arm-none-eabi/lib/thumb/v7-m\libg_nano.a(lib_a-memset.o)
                              ./src/8285_download_protocol.o (memset)
c:/program files (x86)/gnu tools arm embedded/6.2 2016q4/bin/../lib/gcc/arm-none-eabi/6.2.1/../../../../arm-none-eabi/lib/thumb/v7-m\libg_nano.a(lib_a-strcpy.o)
                              ./src/8285_download_protocol.o (strcpy)
c:/program files (x86)/gnu tools arm embedded/6.2 2016q4/bin/../lib/gcc/arm-none-eabi/6.2.1/../../../../arm-none-eabi/lib/thumb/v7-m\libg_nano.a(lib_a-strlen.o)
                              ./system/src/diag/Trace.o (strlen)
c:/program files (x86)/gnu tools arm embedded/6.2 2016q4/bin/../lib/gcc/arm-none-eabi/6.2.1/../../../../arm-none-eabi/lib/thumb/v7-m\libg_nano.a(lib_a-strstr.o)
                              ./src/8285_download_protocol.o (strstr)
c:/program files (x86)/gnu tools arm embedded/6.2 2016q4/bin/../lib/gcc/arm-none-eabi/6.2.1/../../../../arm-none-eabi/lib/thumb/v7-m\libg_nano.a(lib_a-vsnprintf.o)
                              ./system/src/diag/Trace.o (vsnprintf)
c:/program files (x86)/gnu tools arm embedded/6.2 2016q4/bin/../lib/gcc/arm-none-eabi/6.2.1/../../../../arm-none-eabi/lib/thumb/v7-m\libg_nano.a(lib_a-nano-svfprintf.o)
                              c:/program files (x86)/gnu tools arm embedded/6.2 2016q4/bin/../lib/gcc/arm-none-eabi/6.2.1/../../../../arm-none-eabi/lib/thumb/v7-m\libg_nano.a(lib_a-vsnprintf.o) (_svfprintf_r)
c:/program files (x86)/gnu tools arm embedded/6.2 2016q4/bin/../lib/gcc/arm-none-eabi/6.2.1/../../../../arm-none-eabi/lib/thumb/v7-m\libg_nano.a(lib_a-nano-vfprintf_i.o)
                              c:/program files (x86)/gnu tools arm embedded/6.2 2016q4/bin/../lib/gcc/arm-none-eabi/6.2.1/../../../../arm-none-eabi/lib/thumb/v7-m\libg_nano.a(lib_a-nano-svfprintf.o) (_printf_i)
c:/program files (x86)/gnu tools arm embedded/6.2 2016q4/bin/../lib/gcc/arm-none-eabi/6.2.1/../../../../arm-none-eabi/lib/thumb/v7-m\libg_nano.a(lib_a-memchr-stub.o)
                              c:/program files (x86)/gnu tools arm embedded/6.2 2016q4/bin/../lib/gcc/arm-none-eabi/6.2.1/../../../../arm-none-eabi/lib/thumb/v7-m\libg_nano.a(lib_a-nano-svfprintf.o) (memchr)
c:/program files (x86)/gnu tools arm embedded/6.2 2016q4/bin/../lib/gcc/arm-none-eabi/6.2.1/../../../../arm-none-eabi/lib/thumb/v7-m\libg_nano.a(lib_a-memcpy-stub.o)
                              c:/program files (x86)/gnu tools arm embedded/6.2 2016q4/bin/../lib/gcc/arm-none-eabi/6.2.1/../../../../arm-none-eabi/lib/thumb/v7-m\libg_nano.a(lib_a-nano-svfprintf.o) (memcpy)
c:/program files (x86)/gnu tools arm embedded/6.2 2016q4/bin/../lib/gcc/arm-none-eabi/6.2.1/../../../../arm-none-eabi/lib/thumb/v7-m\libg_nano.a(lib_a-memmove.o)
                              c:/program files (x86)/gnu tools arm embedded/6.2 2016q4/bin/../lib/gcc/arm-none-eabi/6.2.1/../../../../arm-none-eabi/lib/thumb/v7-m\libg_nano.a(lib_a-nano-svfprintf.o) (memmove)
c:/program files (x86)/gnu tools arm embedded/6.2 2016q4/bin/../lib/gcc/arm-none-eabi/6.2.1/../../../../arm-none-eabi/lib/thumb/v7-m\libg_nano.a(lib_a-nano-freer.o)
                              c:/program files (x86)/gnu tools arm embedded/6.2 2016q4/bin/../lib/gcc/arm-none-eabi/6.2.1/../../../../arm-none-eabi/lib/thumb/v7-m\libg_nano.a(lib_a-nano-svfprintf.o) (_free_r)
c:/program files (x86)/gnu tools arm embedded/6.2 2016q4/bin/../lib/gcc/arm-none-eabi/6.2.1/../../../../arm-none-eabi/lib/thumb/v7-m\libg_nano.a(lib_a-nano-mallocr.o)
                              c:/program files (x86)/gnu tools arm embedded/6.2 2016q4/bin/../lib/gcc/arm-none-eabi/6.2.1/../../../../arm-none-eabi/lib/thumb/v7-m\libg_nano.a(lib_a-nano-svfprintf.o) (_malloc_r)
[...]
Memory Configuration

Name             Origin             Length             Attributes
RAM              0x20000000         0x0000c000         xrw
CCMRAM           0x00000000         0x00000000         xrw
FLASH            0x08000000         0x00040000         xr
FLASHB1          0x00000000         0x00000000         xr
EXTMEMB0         0x00000000         0x00000000         xr
EXTMEMB1         0x00000000         0x00000000         xr
EXTMEMB2         0x00000000         0x00000000         xr
EXTMEMB3         0x00000000         0x00000000         xr
MEMORY_ARRAY     0x00000000         0x00000000         xrw
*default*        0x00000000         0xffffffff

Linker script and memory map

LOAD ./system/src/stm32f1-stdperiph/misc.o
LOAD ./system/src/stm32f1-stdperiph/stm32f10x_dma.o
LOAD ./system/src/stm32f1-stdperiph/stm32f10x_gpio.o
LOAD ./system/src/stm32f1-stdperiph/stm32f10x_iwdg.o
LOAD ./system/src/stm32f1-stdperiph/stm32f10x_rcc.o
LOAD ./system/src/stm32f1-stdperiph/stm32f10x_sdio.o
LOAD ./system/src/stm32f1-stdperiph/stm32f10x_tim.o
LOAD ./system/src/stm32f1-stdperiph/stm32f10x_usart.o
LOAD ./system/src/newlib/_cxx.o
LOAD ./system/src/newlib/_exit.o
LOAD ./system/src/newlib/_sbrk.o
LOAD ./system/src/newlib/_startup.o
LOAD ./system/src/newlib/_syscalls.o
LOAD ./system/src/newlib/assert.o
LOAD ./system/src/diag/Trace.o
LOAD ./system/src/diag/trace_impl.o
LOAD ./system/src/cortexm/_initialize_hardware.o
LOAD ./system/src/cortexm/_reset_hardware.o
LOAD ./system/src/cortexm/exception_handlers.o
LOAD ./system/src/cmsis/system_stm32f10x.o
LOAD ./system/src/cmsis/vectors_stm32f10x.o
LOAD ./src/ff9/bsp_sdio_sdcard.o
LOAD ./src/ff9/cc936.o
LOAD ./src/ff9/diskio.o
LOAD ./src/ff9/ff.o
LOAD ./src/8285_download_protocol.o
LOAD ./src/Data_pool.o
LOAD ./src/_write.o
LOAD ./src/bsp_iwdg.o
LOAD ./src/bsp_time_delay.o
LOAD ./src/bsp_usart.o
LOAD ./src/clib.o
LOAD ./src/download_data_array.o
LOAD ./src/main.o
LOAD c:/program files (x86)/gnu tools arm embedded/6.2 2016q4/bin/../lib/gcc/arm-none-eabi/6.2.1/../../../../arm-none-eabi/lib/thumb/v7-m\libstdc++_nano.a
LOAD c:/program files (x86)/gnu tools arm embedded/6.2 2016q4/bin/../lib/gcc/arm-none-eabi/6.2.1/../../../../arm-none-eabi/lib/thumb/v7-m\libm.a
START GROUP
LOAD c:/program files (x86)/gnu tools arm embedded/6.2 2016q4/bin/../lib/gcc/arm-none-eabi/6.2.1/thumb/v7-m\libgcc.a
LOAD c:/program files (x86)/gnu tools arm embedded/6.2 2016q4/bin/../lib/gcc/arm-none-eabi/6.2.1/../../../../arm-none-eabi/lib/thumb/v7-m\libg_nano.a
LOAD c:/program files (x86)/gnu tools arm embedded/6.2 2016q4/bin/../lib/gcc/arm-none-eabi/6.2.1/../../../../arm-none-eabi/lib/thumb/v7-m\libc_nano.a
END GROUP
START GROUP
LOAD c:/program files (x86)/gnu tools arm embedded/6.2 2016q4/bin/../lib/gcc/arm-none-eabi/6.2.1/thumb/v7-m\libgcc.a
LOAD c:/program files (x86)/gnu tools arm embedded/6.2 2016q4/bin/../lib/gcc/arm-none-eabi/6.2.1/../../../../arm-none-eabi/lib/thumb/v7-m\libc_nano.a
END GROUP
                0x2000c000                __stack = (ORIGIN (RAM) + LENGTH (RAM))
                0x2000c000                _estack = __stack
                0x00000400                __Main_Stack_Size = 0x400
                [!provide]                PROVIDE (_Main_Stack_Size, __Main_Stack_Size)
                0x2000bc00                __Main_Stack_Limit = (__stack - __Main_Stack_Size)
                [!provide]                PROVIDE (_Main_Stack_Limit, __Main_Stack_Limit)
                0x00000100                _Minimum_Stack_Size = 0x100
                0x200084d0                PROVIDE (_Heap_Begin, _end_noinit)
                0x2000bc00                PROVIDE (_Heap_Limit, (__stack - __Main_Stack_Size))

.isr_vector     0x08000000      0x428
 FILL mask 0xff
                0x08000000                __vectors_start = ABSOLUTE (.)
                0x08000000                __vectors_start__ = ABSOLUTE (.)
 *(.isr_vector)
 .isr_vector    0x08000000      0x1e4 ./system/src/cmsis/vectors_stm32f10x.o
                0x08000000                __isr_vectors
 *(.cfmconfig)
 *(.after_vectors .after_vectors.*)
 .after_vectors
                0x080001e4      0x114 ./system/src/newlib/_startup.o
                0x080001e4                _start
 .after_vectors
                0x080002f8      0x12c ./system/src/cortexm/exception_handlers.o
                0x080002f8                Reset_Handler
                0x080002fe                NMI_Handler
                0x08000302                HardFault_Handler
                0x08000316                HardFault_Handler_C
                0x08000374                MemManage_Handler
                0x08000378                BusFault_Handler
                0x0800038c                BusFault_Handler_C
                0x080003c0                UsageFault_Handler
                0x080003d4                UsageFault_Handler_C
                0x08000408                SVC_Handler
                0x0800040c                DebugMon_Handler
                0x08000410                PendSV_Handler
                0x08000414                SysTick_Handler
 .after_vectors
                0x08000424        0x4 ./system/src/cmsis/vectors_stm32f10x.o
                0x08000424                EXTI2_IRQHandler
                0x08000424                TIM8_TRG_COM_IRQHandler
                0x08000424                TIM8_CC_IRQHandler
                0x08000424                TIM1_CC_IRQHandler
                0x08000424                TIM6_IRQHandler
                0x08000424                PVD_IRQHandler
                0x08000424                CAN2_RX1_IRQHandler
                0x08000424                EXTI3_IRQHandler
                0x08000424                TIM8_TRG_COM_TIM14_IRQHandler
                0x08000424                TIM1_UP_TIM10_IRQHandler
                0x08000424                TIM8_UP_TIM13_IRQHandler
                0x08000424                EXTI0_IRQHandler
                0x08000424                I2C2_EV_IRQHandler
                0x08000424                CAN1_RX0_IRQHandler
                0x08000424                TIM1_UP_TIM16_IRQHandler
                0x08000424                CAN2_SCE_IRQHandler
                0x08000424                ADC1_2_IRQHandler
                0x08000424                SPI1_IRQHandler
                0x08000424                TAMPER_IRQHandler
                0x08000424                TIM6_DAC_IRQHandler
                0x08000424                TIM1_BRK_TIM9_IRQHandler
                0x08000424                CAN2_RX0_IRQHandler
                0x08000424                TIM8_UP_IRQHandler
                0x08000424                DMA2_Channel2_IRQHandler
                0x08000424                DMA1_Channel4_IRQHandler
                0x08000424                USART3_IRQHandler
                0x08000424                RTC_IRQHandler
                0x08000424                DMA1_Channel7_IRQHandler
                0x08000424                CAN1_RX1_IRQHandler
                0x08000424                UART5_IRQHandler
                0x08000424                ADC3_IRQHandler
                0x08000424                TIM4_IRQHandler
                0x08000424                DMA2_Channel1_IRQHandler
                0x08000424                I2C1_EV_IRQHandler
                0x08000424                DMA1_Channel6_IRQHandler
                0x08000424                UART4_IRQHandler
                0x08000424                DMA2_Channel4_IRQHandler
                0x08000424                TIM3_IRQHandler
                0x08000424                RCC_IRQHandler
                0x08000424                TIM8_BRK_TIM12_IRQHandler
                0x08000424                TIM1_TRG_COM_IRQHandler
                0x08000424                DMA1_Channel1_IRQHandler
                0x08000424                Default_Handler
                0x08000424                CEC_IRQHandler
                0x08000424                EXTI15_10_IRQHandler
                0x08000424                TIM14_IRQHandler
                0x08000424                TIM13_IRQHandler
                0x08000424                TIM12_IRQHandler
                0x08000424                TIM7_IRQHandler
                0x08000424                CAN2_TX_IRQHandler
                0x08000424                TIM5_IRQHandler
                0x08000424                EXTI9_5_IRQHandler
                0x08000424                ETH_WKUP_IRQHandler
                0x08000424                SPI2_IRQHandler
                0x08000424                CAN1_TX_IRQHandler
                0x08000424                DMA2_Channel5_IRQHandler
                0x08000424                DMA1_Channel5_IRQHandler
                0x08000424                EXTI4_IRQHandler
                0x08000424                USB_LP_CAN1_RX0_IRQHandler
                0x08000424                TIM1_TRG_COM_TIM17_IRQHandler
                0x08000424                USB_HP_CAN1_TX_IRQHandler
                0x08000424                DMA1_Channel3_IRQHandler
                0x08000424                FSMC_IRQHandler
                0x08000424                ETH_IRQHandler
                0x08000424                TIM1_UP_IRQHandler
                0x08000424                WWDG_IRQHandler
                0x08000424                OTG_FS_WKUP_IRQHandler
                0x08000424                TIM1_TRG_COM_TIM11_IRQHandler
                0x08000424                TIM1_BRK_IRQHandler
                0x08000424                EXTI1_IRQHandler
                0x08000424                RTCAlarm_IRQHandler
                0x08000424                DMA2_Channel4_5_IRQHandler
                0x08000424                I2C2_ER_IRQHandler
                0x08000424                DMA1_Channel2_IRQHandler
                0x08000424                TIM8_BRK_IRQHandler
                0x08000424                CAN1_SCE_IRQHandler
                0x08000424                FLASH_IRQHandler
                0x08000424                OTG_FS_IRQHandler
                0x08000424                SPI3_IRQHandler
                0x08000424                I2C1_ER_IRQHandler
                0x08000424                USBWakeUp_IRQHandler
                0x08000424                DMA2_Channel3_IRQHandler
                0x08000424                TIM1_BRK_TIM15_IRQHandler

.inits          0x08000428       0x28
                0x08000428                __data_regions_array_start = .
                0x08000428        0x4 LONG 0x8032b64 LOADADDR (.data)
                0x0800042c        0x4 LONG 0x20000000 ADDR (.data)
                0x08000430        0x4 LONG 0x200041c4 (ADDR (.data) + SIZEOF (.data))
                0x08000434        0x4 LONG 0x8032b64 LOADADDR (.data_CCMRAM)
                0x08000438        0x4 LONG 0x0 ADDR (.data_CCMRAM)
                0x0800043c        0x4 LONG 0x0 (ADDR (.data_CCMRAM) + SIZEOF (.data_CCMRAM))
                0x08000440                __data_regions_array_end = .
                0x08000440                __bss_regions_array_start = .
                0x08000440        0x4 LONG 0x200041c4 ADDR (.bss)
                0x08000444        0x4 LONG 0x200084d0 (ADDR (.bss) + SIZEOF (.bss))
                0x08000448        0x4 LONG 0x0 ADDR (.bss_CCMRAM)
                0x0800044c        0x4 LONG 0x0 (ADDR (.bss_CCMRAM) + SIZEOF (.bss_CCMRAM))
                0x08000450                __bss_regions_array_end = .
 *(.init)
 *(.fini)
                0x08000450                . = ALIGN (0x4)
                0x08000450                PROVIDE (__preinit_array_start, .)
 *(.preinit_array_sysinit .preinit_array_sysinit.*)
 *(.preinit_array_platform .preinit_array_platform.*)
 *(.preinit_array .preinit_array.*)
                0x08000450                PROVIDE (__preinit_array_end, .)
                0x08000450                . = ALIGN (0x4)
                0x08000450                PROVIDE (__init_array_start, .)
 *(SORT(.init_array.*))
 *(.init_array)
                0x08000450                PROVIDE (__init_array_end, .)
                0x08000450                . = ALIGN (0x4)
                0x08000450                PROVIDE (__fini_array_start, .)
 *(SORT(.fini_array.*))
 *(.fini_array)
                0x08000450                PROVIDE (__fini_array_end, .)

.flashtext
 *(.flashtext .flashtext.*)

.text           0x08000450    0x32713
 *(.text .text.*)
 .text.NVIC_PriorityGroupConfig
                0x08000450       0x40 ./system/src/stm32f1-stdperiph/misc.o
                0x08000450                NVIC_PriorityGroupConfig
 .text.NVIC_Init
                0x08000490       0x9c ./system/src/stm32f1-stdperiph/misc.o
                0x08000490                NVIC_Init
 .text.DMA_Init
                0x0800052c      0x168 ./system/src/stm32f1-stdperiph/stm32f10x_dma.o
                0x0800052c                DMA_Init
 .text.DMA_Cmd  0x08000694       0x8c ./system/src/stm32f1-stdperiph/stm32f10x_dma.o
                0x08000694                DMA_Cmd
 .text.DMA_GetFlagStatus
                0x08000720      0x170 ./system/src/stm32f1-stdperiph/stm32f10x_dma.o
                0x08000720                DMA_GetFlagStatus
 .text.DMA_ClearFlag
                0x08000890       0x40 ./system/src/stm32f1-stdperiph/stm32f10x_dma.o
                0x08000890                DMA_ClearFlag
 .text.GPIO_Init
                0x080008d0      0x130 ./system/src/stm32f1-stdperiph/stm32f10x_gpio.o
                0x080008d0                GPIO_Init
 .text.GPIO_ReadInputDataBit
                0x08000a00       0xb8 ./system/src/stm32f1-stdperiph/stm32f10x_gpio.o
                0x08000a00                GPIO_ReadInputDataBit
 .text.GPIO_SetBits
                0x08000ab8       0x60 ./system/src/stm32f1-stdperiph/stm32f10x_gpio.o
                0x08000ab8                GPIO_SetBits
 .text.GPIO_ResetBits
                0x08000b18       0x60 ./system/src/stm32f1-stdperiph/stm32f10x_gpio.o
                0x08000b18                GPIO_ResetBits
 .text.IWDG_WriteAccessCmd
                0x08000b78       0x28 ./system/src/stm32f1-stdperiph/stm32f10x_iwdg.o
                0x08000b78                IWDG_WriteAccessCmd
 .text.IWDG_SetPrescaler
                0x08000ba0       0x20 ./system/src/stm32f1-stdperiph/stm32f10x_iwdg.o
                0x08000ba0                IWDG_SetPrescaler
 .text.IWDG_SetReload
                0x08000bc0       0x24 ./system/src/stm32f1-stdperiph/stm32f10x_iwdg.o
                0x08000bc0                IWDG_SetReload
 .text.IWDG_ReloadCounter
                0x08000be4       0x10 ./system/src/stm32f1-stdperiph/stm32f10x_iwdg.o
                0x08000be4                IWDG_ReloadCounter
 .text.IWDG_Enable
                0x08000bf4       0x10 ./system/src/stm32f1-stdperiph/stm32f10x_iwdg.o
                0x08000bf4                IWDG_Enable
 .text.RCC_DeInit
                0x08000c04       0x40 ./system/src/stm32f1-stdperiph/stm32f10x_rcc.o
                0x08000c04                RCC_DeInit
 .text.RCC_HSEConfig
                0x08000c44       0x5c ./system/src/stm32f1-stdperiph/stm32f10x_rcc.o
                0x08000c44                RCC_HSEConfig
 .text.RCC_PLLConfig
                0x08000ca0       0x98 ./system/src/stm32f1-stdperiph/stm32f10x_rcc.o
                0x08000ca0                RCC_PLLConfig
 .text.RCC_PLLCmd
                0x08000d38       0x20 ./system/src/stm32f1-stdperiph/stm32f10x_rcc.o
                0x08000d38                RCC_PLLCmd
 .text.RCC_SYSCLKConfig
                0x08000d58       0x2c ./system/src/stm32f1-stdperiph/stm32f10x_rcc.o
                0x08000d58                RCC_SYSCLKConfig
 .text.RCC_GetSYSCLKSource
                0x08000d84       0x10 ./system/src/stm32f1-stdperiph/stm32f10x_rcc.o
                0x08000d84                RCC_GetSYSCLKSource
 .text.RCC_HCLKConfig
                0x08000d94       0x48 ./system/src/stm32f1-stdperiph/stm32f10x_rcc.o
                0x08000d94                RCC_HCLKConfig
 .text.RCC_PCLK1Config
                0x08000ddc       0x40 ./system/src/stm32f1-stdperiph/stm32f10x_rcc.o
                0x08000ddc                RCC_PCLK1Config
 .text.RCC_PCLK2Config
                0x08000e1c       0x40 ./system/src/stm32f1-stdperiph/stm32f10x_rcc.o
                0x08000e1c                RCC_PCLK2Config
 .text.RCC_LSICmd
                0x08000e5c       0x20 ./system/src/stm32f1-stdperiph/stm32f10x_rcc.o
                0x08000e5c                RCC_LSICmd
 .text.RCC_GetClocksFreq
                0x08000e7c       0xbc ./system/src/stm32f1-stdperiph/stm32f10x_rcc.o
                0x08000e7c                RCC_GetClocksFreq
 .text.RCC_AHBPeriphClockCmd
                0x08000f38       0x4c ./system/src/stm32f1-stdperiph/stm32f10x_rcc.o
                0x08000f38                RCC_AHBPeriphClockCmd
 .text.RCC_APB2PeriphClockCmd
                0x08000f84       0x4c ./system/src/stm32f1-stdperiph/stm32f10x_rcc.o
                0x08000f84                RCC_APB2PeriphClockCmd
 .text.RCC_APB1PeriphClockCmd
                0x08000fd0       0x4c ./system/src/stm32f1-stdperiph/stm32f10x_rcc.o
                0x08000fd0                RCC_APB1PeriphClockCmd
 .text.RCC_GetFlagStatus
                0x0800101c       0x74 ./system/src/stm32f1-stdperiph/stm32f10x_rcc.o
                0x0800101c                RCC_GetFlagStatus
 .text.RCC_WaitForHSEStartUp
                0x08001090       0x34 ./system/src/stm32f1-stdperiph/stm32f10x_rcc.o
                0x08001090                RCC_WaitForHSEStartUp
 .text.SDIO_DeInit
                0x080010c4       0x24 ./system/src/stm32f1-stdperiph/stm32f10x_sdio.o
                0x080010c4                SDIO_DeInit
 .text.SDIO_Init
                0x080010e8       0x94 ./system/src/stm32f1-stdperiph/stm32f10x_sdio.o
                0x080010e8                SDIO_Init
 .text.SDIO_ClockCmd
                0x0800117c       0x20 ./system/src/stm32f1-stdperiph/stm32f10x_sdio.o
                0x0800117c                SDIO_ClockCmd
 .text.SDIO_SetPowerState
                0x0800119c       0x2c ./system/src/stm32f1-stdperiph/stm32f10x_sdio.o
                0x0800119c                SDIO_SetPowerState
 .text.SDIO_GetPowerState
                0x080011c8       0x10 ./system/src/stm32f1-stdperiph/stm32f10x_sdio.o
                0x080011c8                SDIO_GetPowerState
 .text.SDIO_ITConfig
                0x080011d8       0x48 ./system/src/stm32f1-stdperiph/stm32f10x_sdio.o
                0x080011d8                SDIO_ITConfig
 .text.SDIO_DMACmd
                0x08001220       0x20 ./system/src/stm32f1-stdperiph/stm32f10x_sdio.o
                0x08001220                SDIO_DMACmd
 .text.SDIO_SendCommand
                0x08001240       0x88 ./system/src/stm32f1-stdperiph/stm32f10x_sdio.o
                0x08001240                SDIO_SendCommand
 .text.SDIO_GetCommandResponse
                0x080012c8        0xc ./system/src/stm32f1-stdperiph/stm32f10x_sdio.o
                0x080012c8                SDIO_GetCommandResponse
 .text.SDIO_GetResponse
                0x080012d4       0x38 ./system/src/stm32f1-stdperiph/stm32f10x_sdio.o
                0x080012d4                SDIO_GetResponse
 .text.SDIO_DataConfig
                0x0800130c       0xc0 ./system/src/stm32f1-stdperiph/stm32f10x_sdio.o
                0x0800130c                SDIO_DataConfig
 .text.SDIO_ReadData
                0x080013cc        0xc ./system/src/stm32f1-stdperiph/stm32f10x_sdio.o
                0x080013cc                SDIO_ReadData
 .text.SDIO_GetFlagStatus
                0x080013d8       0xa4 ./system/src/stm32f1-stdperiph/stm32f10x_sdio.o
                0x080013d8                SDIO_GetFlagStatus
 .text.SDIO_ClearFlag
                0x0800147c       0x28 ./system/src/stm32f1-stdperiph/stm32f10x_sdio.o
                0x0800147c                SDIO_ClearFlag
 .text.SDIO_ClearITPendingBit
                0x080014a4       0x28 ./system/src/stm32f1-stdperiph/stm32f10x_sdio.o
                0x080014a4                SDIO_ClearITPendingBit
 .text.TIM_TimeBaseInit
                0x080014cc      0x15c ./system/src/stm32f1-stdperiph/stm32f10x_tim.o
                0x080014cc                TIM_TimeBaseInit
 .text.TIM_Cmd  0x08001628       0xc8 ./system/src/stm32f1-stdperiph/stm32f10x_tim.o
                0x08001628                TIM_Cmd
 .text.TIM_ITConfig
                0x080016f0       0xd8 ./system/src/stm32f1-stdperiph/stm32f10x_tim.o
                0x080016f0                TIM_ITConfig
 .text.TIM_ClearFlag
                0x080017c8       0xb8 ./system/src/stm32f1-stdperiph/stm32f10x_tim.o
                0x080017c8                TIM_ClearFlag
 .text.TIM_GetITStatus
                0x08001880       0xe0 ./system/src/stm32f1-stdperiph/stm32f10x_tim.o
                0x08001880                TIM_GetITStatus
 .text.TIM_ClearITPendingBit
                0x08001960       0xb8 ./system/src/stm32f1-stdperiph/stm32f10x_tim.o
                0x08001960                TIM_ClearITPendingBit
 .text.USART_Init
                0x08001a18      0x1b0 ./system/src/stm32f1-stdperiph/stm32f10x_usart.o
                0x08001a18                USART_Init
 .text.USART_Cmd
                0x08001bc8       0x68 ./system/src/stm32f1-stdperiph/stm32f10x_usart.o
                0x08001bc8                USART_Cmd
 .text.USART_ITConfig
                0x08001c30       0xf0 ./system/src/stm32f1-stdperiph/stm32f10x_usart.o
                0x08001c30                USART_ITConfig
 .text.USART_SendData
                0x08001d20       0x58 ./system/src/stm32f1-stdperiph/stm32f10x_usart.o
                0x08001d20                USART_SendData
 .text.USART_ReceiveData
                0x08001d78       0x44 ./system/src/stm32f1-stdperiph/stm32f10x_usart.o
                0x08001d78                USART_ReceiveData
 .text.USART_GetFlagStatus
                0x08001dbc       0xac ./system/src/stm32f1-stdperiph/stm32f10x_usart.o
                0x08001dbc                USART_GetFlagStatus
 .text.USART_GetITStatus
                0x08001e68      0x100 ./system/src/stm32f1-stdperiph/stm32f10x_usart.o
                0x08001e68                USART_GetITStatus
 .text.USART_ClearITPendingBit
                0x08001f68       0xa4 ./system/src/stm32f1-stdperiph/stm32f10x_usart.o
                0x08001f68                USART_ClearITPendingBit
 .text._exit    0x0800200c        0x2 ./system/src/newlib/_exit.o
                0x0800200c                _exit
 *fill*         0x0800200e        0x2 
 .text.abort    0x08002010       0x14 ./system/src/newlib/_exit.o
                0x08002010                abort
 .text._sbrk    0x08002024       0x44 ./system/src/newlib/_sbrk.o
                0x08002024                _sbrk
 .text.__initialize_args
                0x08002068       0x10 ./system/src/newlib/_syscalls.o
                0x08002068                __initialize_args
 .text.assert_failed
                0x08002078       0x14 ./system/src/newlib/assert.o
                0x08002078                assert_failed
 .text.trace_printf
                0x0800208c       0x30 ./system/src/diag/Trace.o
                0x0800208c                trace_printf
 .text.trace_puts
                0x080020bc       0x20 ./system/src/diag/Trace.o
                0x080020bc                trace_puts
 .text._trace_write_semihosting_debug
                0x080020dc       0x60 ./system/src/diag/trace_impl.o
 .text.trace_write
                0x0800213c        0x8 ./system/src/diag/trace_impl.o
                0x0800213c                trace_write
 .text.__initialize_hardware_early
                0x08002144       0x18 ./system/src/cortexm/_initialize_hardware.o
                0x08002144                __initialize_hardware_early
 .text.__initialize_hardware
                0x0800215c        0x8 ./system/src/cortexm/_initialize_hardware.o
                0x0800215c                __initialize_hardware
 .text.dumpExceptionStack
                0x08002164       0xf4 ./system/src/cortexm/exception_handlers.o
                0x08002164                dumpExceptionStack
 .text.isSemihosting
                0x08002258       0x20 ./system/src/cortexm/exception_handlers.o
                0x08002258                isSemihosting
 .text.SetSysClockTo72
                0x08002278       0xc4 ./system/src/cmsis/system_stm32f10x.o
 .text.SetSysClock
                0x0800233c        0x8 ./system/src/cmsis/system_stm32f10x.o
 .text.SystemInit
                0x08002344       0x50 ./system/src/cmsis/system_stm32f10x.o
                0x08002344                SystemInit
 .text.SystemCoreClockUpdate
                0x08002394       0x94 ./system/src/cmsis/system_stm32f10x.o
                0x08002394                SystemCoreClockUpdate
 .text.CmdResp1Error
                0x08002428       0x20 ./src/ff9/bsp_sdio_sdcard.o
 .text.GPIO_Configuration
                0x08002448       0x58 ./src/ff9/bsp_sdio_sdcard.o
 .text.CmdError
                0x080024a0       0x28 ./src/ff9/bsp_sdio_sdcard.o
 .text.CmdResp7Error
                0x080024c8       0x48 ./src/ff9/bsp_sdio_sdcard.o
 .text.CmdResp3Error
                0x08002510       0x34 ./src/ff9/bsp_sdio_sdcard.o
 .text.CmdResp2Error
                0x08002544       0x44 ./src/ff9/bsp_sdio_sdcard.o
 .text.CmdResp6Error
                0x08002588       0x84 ./src/ff9/bsp_sdio_sdcard.o
 .text.FindSCR  0x0800260c      0x168 ./src/ff9/bsp_sdio_sdcard.o
 .text.SDEnWideBus
                0x08002774       0xf4 ./src/ff9/bsp_sdio_sdcard.o
 .text.SD_DMA_RxConfig
                0x08002868       0x64 ./src/ff9/bsp_sdio_sdcard.o
 .text.SD_DMA_TxConfig
                0x080028cc       0x64 ./src/ff9/bsp_sdio_sdcard.o
 .text.SD_DMAEndOfTransferStatus
                0x08002930       0x10 ./src/ff9/bsp_sdio_sdcard.o
 .text.NVIC_Configuration
                0x08002940       0x2e ./src/ff9/bsp_sdio_sdcard.o
                0x08002940                NVIC_Configuration
 *fill*         0x0800296e        0x2 
 .text.SD_PowerON
                0x08002970      0x150 ./src/ff9/bsp_sdio_sdcard.o
                0x08002970                SD_PowerON
 .text.SD_InitializeCards
                0x08002ac0      0x110 ./src/ff9/bsp_sdio_sdcard.o
                0x08002ac0                SD_InitializeCards
 .text.SD_GetCardInfo
                0x08002bd0      0x284 ./src/ff9/bsp_sdio_sdcard.o
                0x08002bd0                SD_GetCardInfo
 .text.SD_EnableWideBusOperation
                0x08002e54       0x78 ./src/ff9/bsp_sdio_sdcard.o
                0x08002e54                SD_EnableWideBusOperation
 .text.SD_SelectDeselect
                0x08002ecc       0x2c ./src/ff9/bsp_sdio_sdcard.o
                0x08002ecc                SD_SelectDeselect
 .text.SD_Init  0x08002ef8       0x68 ./src/ff9/bsp_sdio_sdcard.o
                0x08002ef8                SD_Init
 .text.SD_ReadBlock
                0x08002f60       0xd0 ./src/ff9/bsp_sdio_sdcard.o
                0x08002f60                SD_ReadBlock
 .text.SD_ReadMultiBlocks
                0x08003030       0xd8 ./src/ff9/bsp_sdio_sdcard.o
                0x08003030                SD_ReadMultiBlocks
 .text.SD_WaitReadOperation
                0x08003108       0x30 ./src/ff9/bsp_sdio_sdcard.o
                0x08003108                SD_WaitReadOperation
 .text.SD_WriteBlock
                0x08003138       0xcc ./src/ff9/bsp_sdio_sdcard.o
                0x08003138                SD_WriteBlock
 .text.SD_WriteMultiBlocks
                0x08003204      0x134 ./src/ff9/bsp_sdio_sdcard.o
                0x08003204                SD_WriteMultiBlocks
 .text.SD_WaitWriteOperation
                0x08003338       0x38 ./src/ff9/bsp_sdio_sdcard.o
                0x08003338                SD_WaitWriteOperation
 .text.SD_SendStatus
                0x08003370       0x30 ./src/ff9/bsp_sdio_sdcard.o
                0x08003370                SD_SendStatus
 .text.SD_GetState
                0x080033a0       0x22 ./src/ff9/bsp_sdio_sdcard.o
                0x080033a0                SD_GetState
 .text.SD_GetStatus
                0x080033c2       0x1a ./src/ff9/bsp_sdio_sdcard.o
                0x080033c2                SD_GetStatus
 .text.SD_ProcessIRQSrc
                0x080033dc       0x58 ./src/ff9/bsp_sdio_sdcard.o
                0x080033dc                SD_ProcessIRQSrc
 .text.ff_convert
                0x08003434       0x50 ./src/ff9/cc936.o
                0x08003434                ff_convert
 .text.ff_wtoupper
                0x08003484       0x24 ./src/ff9/cc936.o
                0x08003484                ff_wtoupper
 .text.disk_initialize
                0x080034a8       0x16 ./src/ff9/diskio.o
                0x080034a8                disk_initialize
 .text.disk_status
                0x080034be        0x4 ./src/ff9/diskio.o
                0x080034be                disk_status
 .text.disk_read
                0x080034c2       0x3c ./src/ff9/diskio.o
                0x080034c2                disk_read
 .text.disk_write
                0x080034fe       0x3c ./src/ff9/diskio.o
                0x080034fe                disk_write
 .text.disk_ioctl
                0x0800353a        0x4 ./src/ff9/diskio.o
                0x0800353a                disk_ioctl
 .text.get_fattime
                0x0800353e        0x4 ./src/ff9/diskio.o
                0x0800353e                get_fattime
 .text.mem_cpy  0x08003542       0x14 ./src/ff9/ff.o
 .text.mem_set  0x08003556       0x10 ./src/ff9/ff.o
 .text.mem_cmp  0x08003566       0x22 ./src/ff9/ff.o
 .text.chk_chr  0x08003588       0x12 ./src/ff9/ff.o
 *fill*         0x0800359a        0x2 
 .text.pick_lfn
                0x0800359c       0x74 ./src/ff9/ff.o
 .text.fit_lfn  0x08003610       0x64 ./src/ff9/ff.o
 .text.sum_sfn  0x08003674       0x1c ./src/ff9/ff.o
 .text.move_window
                0x08003690       0x80 ./src/ff9/ff.o
 .text.check_fs
                0x08003710       0x90 ./src/ff9/ff.o
 .text.validate
                0x080037a0       0x2e ./src/ff9/ff.o
 *fill*         0x080037ce        0x2 
 .text.chk_mounted
                0x080037d0      0x33c ./src/ff9/ff.o
 .text.get_fileinfo
                0x08003b0c      0x114 ./src/ff9/ff.o
 .text.create_name
                0x08003c20      0x2d8 ./src/ff9/ff.o
 .text.cmp_lfn  0x08003ef8       0x98 ./src/ff9/ff.o
 .text.sync     0x08003f90       0xbc ./src/ff9/ff.o
 .text.clust2sect
                0x0800404c       0x18 ./src/ff9/ff.o
                0x0800404c                clust2sect
 .text.get_fat  0x08004064       0xea ./src/ff9/ff.o
                0x08004064                get_fat
 .text.dir_sdi  0x0800414e       0x96 ./src/ff9/ff.o
 .text.put_fat  0x080041e4      0x11c ./src/ff9/ff.o
                0x080041e4                put_fat
 .text.create_chain
                0x08004300       0xb2 ./src/ff9/ff.o
 .text.dir_next
                0x080043b2      0x11a ./src/ff9/ff.o
 .text.dir_find
                0x080044cc       0xca ./src/ff9/ff.o
 .text.follow_path
                0x08004596       0xb2 ./src/ff9/ff.o
 .text.dir_read
                0x08004648       0xa0 ./src/ff9/ff.o
 .text.remove_chain
                0x080046e8       0x64 ./src/ff9/ff.o
 .text.gen_numname
                0x0800474c       0x9e ./src/ff9/ff.o
                0x0800474c                gen_numname
 *fill*         0x080047ea        0x2 
 .text.dir_register
                0x080047ec      0x180 ./src/ff9/ff.o
 .text.f_mount  0x0800496c       0x28 ./src/ff9/ff.o
                0x0800496c                f_mount
 .text.f_open   0x08004994      0x16e ./src/ff9/ff.o
                0x08004994                f_open
 .text.f_read   0x08004b02      0x1ae ./src/ff9/ff.o
                0x08004b02                f_read
 .text.f_write  0x08004cb0      0x1e8 ./src/ff9/ff.o
                0x08004cb0                f_write
 .text.f_sync   0x08004e98       0xac ./src/ff9/ff.o
                0x08004e98                f_sync
 .text.f_close  0x08004f44       0x14 ./src/ff9/ff.o
                0x08004f44                f_close
 .text.f_getcwd
                0x08004f58      0x138 ./src/ff9/ff.o
                0x08004f58                f_getcwd
 .text.f_lseek  0x08005090      0x1aa ./src/ff9/ff.o
                0x08005090                f_lseek
 .text.f_opendir
                0x0800523a       0x76 ./src/ff9/ff.o
                0x0800523a                f_opendir
 .text.f_readdir
                0x080052b0       0x6a ./src/ff9/ff.o
                0x080052b0                f_readdir
 .text.Data_formatt_write
                0x0800531a      0x208 ./src/8285_download_protocol.o
                0x0800531a                Data_formatt_write
 *fill*         0x08005522        0x2 
 .text.Data_formatt_read
                0x08005524       0xbc ./src/8285_download_protocol.o
                0x08005524                Data_formatt_read
 .text.wait_rxdata_available
                0x080055e0       0x2c ./src/8285_download_protocol.o
                0x080055e0                wait_rxdata_available
 .text.wait_baud_change
                0x0800560c       0x18 ./src/8285_download_protocol.o
                0x0800560c                wait_baud_change
 .text.device_sync
                0x08005624       0x94 ./src/8285_download_protocol.o
                0x08005624                device_sync
 .text.Change_baud_command
                0x080056b8       0xa8 ./src/8285_download_protocol.o
                0x080056b8                Change_baud_command
 .text.Erasing_data_command
                0x08005760       0xf0 ./src/8285_download_protocol.o
                0x08005760                Erasing_data_command
 .text.stub_mem_finish
                0x08005850       0x80 ./src/8285_download_protocol.o
                0x08005850                stub_mem_finish
 .text.stub_mem_begin
                0x080058d0       0xb4 ./src/8285_download_protocol.o
                0x080058d0                stub_mem_begin
 .text.stub_mem_block
                0x08005984       0xa8 ./src/8285_download_protocol.o
                0x08005984                stub_mem_block
 .text.run_stub
                0x08005a2c       0x46 ./src/8285_download_protocol.o
                0x08005a2c                run_stub
 *fill*         0x08005a72        0x2 
 .text.checksum
                0x08005a74       0x48 ./src/8285_download_protocol.o
                0x08005a74                checksum
 .text.send_data_command
                0x08005abc      0x118 ./src/8285_download_protocol.o
                0x08005abc                send_data_command
 .text.check_file_from_filedir
                0x08005bd4      0x14c ./src/8285_download_protocol.o
                0x08005bd4                check_file_from_filedir
 .text.download_bin_operate
                0x08005d20      0x138 ./src/8285_download_protocol.o
                0x08005d20                download_bin_operate
 .text.change_datacsv_info
                0x08005e58       0xac ./src/8285_download_protocol.o
                0x08005e58                change_datacsv_info
 .text.change_sign_info
                0x08005f04       0x20 ./src/8285_download_protocol.o
                0x08005f04                change_sign_info
 .text.download_sign_operate
                0x08005f24       0x68 ./src/8285_download_protocol.o
                0x08005f24                download_sign_operate
 .text.SDcard_log_write
                0x08005f8c       0xf0 ./src/8285_download_protocol.o
                0x08005f8c                SDcard_log_write
 .text.download_data_operate
                0x0800607c      0x218 ./src/8285_download_protocol.o
                0x0800607c                download_data_operate
 .text.download_data_command
                0x08006294       0x30 ./src/8285_download_protocol.o
                0x08006294                download_data_command
 .text.update_light_status
                0x080062c4        0xc ./src/8285_download_protocol.o
                0x080062c4                update_light_status
 .text.rst_8266
                0x080062d0       0x64 ./src/8285_download_protocol.o
                0x080062d0                rst_8266
 .text.download_start
                0x08006334      0x180 ./src/8285_download_protocol.o
                0x08006334                download_start
 .text.initDataPool
                0x080064b4       0x22 ./src/Data_pool.o
                0x080064b4                initDataPool
 .text.updateRing
                0x080064d6        0xe ./src/Data_pool.o
                0x080064d6                updateRing
 .text.write_one_data_to_datapool
                0x080064e4       0x26 ./src/Data_pool.o
                0x080064e4                write_one_data_to_datapool
 .text.read_one_data_to_datapool
                0x0800650a       0x2c ./src/Data_pool.o
                0x0800650a                read_one_data_to_datapool
 .text.read_more_data_to_datapool
                0x08006536       0x26 ./src/Data_pool.o
                0x08006536                read_more_data_to_datapool
 .text.iwdg_init
                0x0800655c       0x32 ./src/bsp_iwdg.o
                0x0800655c                iwdg_init
 .text.iwdg_reload
                0x0800658e        0x8 ./src/bsp_iwdg.o
                0x0800658e                iwdg_reload
 .text.TIM2_Configuration
                0x08006596       0x5a ./src/bsp_time_delay.o
                0x08006596                TIM2_Configuration
 .text.TIM2_NVIC_Configuration
                0x080065f0       0x30 ./src/bsp_time_delay.o
                0x080065f0                TIM2_NVIC_Configuration
 .text.change_light_status
                0x08006620       0xac ./src/bsp_time_delay.o
                0x08006620                change_light_status
 .text.TIM2_IRQHandler
                0x080066cc       0xc8 ./src/bsp_time_delay.o
                0x080066cc                TIM2_IRQHandler
 .text.tim_init
                0x08006794       0x14 ./src/bsp_time_delay.o
                0x08006794                tim_init
 .text.usart1_change_baud
                0x080067a8       0x44 ./src/bsp_usart.o
                0x080067a8                usart1_change_baud
 .text.usart1_gpio_init
                0x080067ec       0x4c ./src/bsp_usart.o
                0x080067ec                usart1_gpio_init
 .text.usart1_nvic_init
                0x08006838       0x2e ./src/bsp_usart.o
                0x08006838                usart1_nvic_init
 *fill*         0x08006866        0x2 
 .text.usart1_init
                0x08006868       0x58 ./src/bsp_usart.o
                0x08006868                usart1_init
 .text.usart1_write
                0x080068c0       0x44 ./src/bsp_usart.o
                0x080068c0                usart1_write
 .text.Debug_usart_gpio_init
                0x08006904       0x48 ./src/bsp_usart.o
                0x08006904                Debug_usart_gpio_init
 .text.Debug_usart_nvic_init
                0x0800694c       0x2a ./src/bsp_usart.o
                0x0800694c                Debug_usart_nvic_init
 *fill*         0x08006976        0x2 
 .text.Debug_usart_init
                0x08006978       0x5c ./src/bsp_usart.o
                0x08006978                Debug_usart_init
 .text.Debug_usart_write
                0x080069d4       0x44 ./src/bsp_usart.o
                0x080069d4                Debug_usart_write
 .text.USART1_IRQHandler
                0x08006a18       0x34 ./src/bsp_usart.o
                0x08006a18                USART1_IRQHandler
 .text.USART2_IRQHandler
                0x08006a4c       0x3c ./src/bsp_usart.o
                0x08006a4c                USART2_IRQHandler
 .text.hex_to_str
                0x08006a88       0x24 ./src/clib.o
                0x08006a88                hex_to_str
 .text.more_hex_to_str
                0x08006aac       0x4c ./src/clib.o
                0x08006aac                more_hex_to_str
 .text.str_to_hex
                0x08006af8       0x6a ./src/clib.o
                0x08006af8                str_to_hex
 *fill*         0x08006b62        0x2 
 .text.system_clk_init
                0x08006b64       0x60 ./src/main.o
                0x08006b64                system_clk_init
 .text.light_pin_init
                0x08006bc4       0x50 ./src/main.o
                0x08006bc4                light_pin_init
 .text.is_download_pin_init
                0x08006c14       0x34 ./src/main.o
                0x08006c14                is_download_pin_init
 .text.rst_pin_init
                0x08006c48       0x3c ./src/main.o
                0x08006c48                rst_pin_init
 .text.isdata_pin_init
                0x08006c84       0x30 ./src/main.o
                0x08006c84                isdata_pin_init
 .text.main     0x08006cb4      0x168 ./src/main.o
                0x08006cb4                main
 .text.SDIO_IRQHandler
                0x08006e1c        0x8 ./src/main.o
                0x08006e1c                SDIO_IRQHandler
 .text.__errno  0x08006e24        0xc c:/program files (x86)/gnu tools arm embedded/6.2 2016q4/bin/../lib/gcc/arm-none-eabi/6.2.1/../../../../arm-none-eabi/lib/thumb/v7-m\libg_nano.a(lib_a-errno.o)
                0x08006e24                __errno
 .text.memset   0x08006e30       0x10 c:/program files (x86)/gnu tools arm embedded/6.2 2016q4/bin/../lib/gcc/arm-none-eabi/6.2.1/../../../../arm-none-eabi/lib/thumb/v7-m\libg_nano.a(lib_a-memset.o)
                0x08006e30                memset
 .text.strcpy   0x08006e40       0x10 c:/program files (x86)/gnu tools arm embedded/6.2 2016q4/bin/../lib/gcc/arm-none-eabi/6.2.1/../../../../arm-none-eabi/lib/thumb/v7-m\libg_nano.a(lib_a-strcpy.o)
                0x08006e40                strcpy
 .text          0x08006e50       0x10 c:/program files (x86)/gnu tools arm embedded/6.2 2016q4/bin/../lib/gcc/arm-none-eabi/6.2.1/../../../../arm-none-eabi/lib/thumb/v7-m\libg_nano.a(lib_a-strlen.o)
                0x08006e50                strlen
 .text.strstr   0x08006e60       0x36 c:/program files (x86)/gnu tools arm embedded/6.2 2016q4/bin/../lib/gcc/arm-none-eabi/6.2.1/../../../../arm-none-eabi/lib/thumb/v7-m\libg_nano.a(lib_a-strstr.o)
                0x08006e60                strstr
 .text._vsnprintf_r
                0x08006e96       0x58 c:/program files (x86)/gnu tools arm embedded/6.2 2016q4/bin/../lib/gcc/arm-none-eabi/6.2.1/../../../../arm-none-eabi/lib/thumb/v7-m\libg_nano.a(lib_a-vsnprintf.o)
                0x08006e96                _vsniprintf_r
                0x08006e96                _vsnprintf_r
 *fill*         0x08006eee        0x2 
 .text.vsnprintf
                0x08006ef0       0x1c c:/program files (x86)/gnu tools arm embedded/6.2 2016q4/bin/../lib/gcc/arm-none-eabi/6.2.1/../../../../arm-none-eabi/lib/thumb/v7-m\libg_nano.a(lib_a-vsnprintf.o)
                0x08006ef0                vsniprintf
                0x08006ef0                vsnprintf
 .text.__ssputs_r
                0x08006f0c       0xb6 c:/program files (x86)/gnu tools arm embedded/6.2 2016q4/bin/../lib/gcc/arm-none-eabi/6.2.1/../../../../arm-none-eabi/lib/thumb/v7-m\libg_nano.a(lib_a-nano-svfprintf.o)
                0x08006f0c                __ssputs_r
 *fill*         0x08006fc2        0x2 
 .text._svfprintf_r
                0x08006fc4      0x1e8 c:/program files (x86)/gnu tools arm embedded/6.2 2016q4/bin/../lib/gcc/arm-none-eabi/6.2.1/../../../../arm-none-eabi/lib/thumb/v7-m\libg_nano.a(lib_a-nano-svfprintf.o)
                0x08006fc4                _svfiprintf_r
                0x08006fc4                _svfprintf_r
 .text._printf_common
                0x080071ac       0xee c:/program files (x86)/gnu tools arm embedded/6.2 2016q4/bin/../lib/gcc/arm-none-eabi/6.2.1/../../../../arm-none-eabi/lib/thumb/v7-m\libg_nano.a(lib_a-nano-vfprintf_i.o)
                0x080071ac                _printf_common
 *fill*         0x0800729a        0x2 
 .text._printf_i
                0x0800729c      0x240 c:/program files (x86)/gnu tools arm embedded/6.2 2016q4/bin/../lib/gcc/arm-none-eabi/6.2.1/../../../../arm-none-eabi/lib/thumb/v7-m\libg_nano.a(lib_a-nano-vfprintf_i.o)
                0x0800729c                _printf_i
 .text.memchr   0x080074dc       0x1c c:/program files (x86)/gnu tools arm embedded/6.2 2016q4/bin/../lib/gcc/arm-none-eabi/6.2.1/../../../../arm-none-eabi/lib/thumb/v7-m\libg_nano.a(lib_a-memchr-stub.o)
                0x080074dc                memchr
 .text.memcpy   0x080074f8       0x16 c:/program files (x86)/gnu tools arm embedded/6.2 2016q4/bin/../lib/gcc/arm-none-eabi/6.2.1/../../../../arm-none-eabi/lib/thumb/v7-m\libg_nano.a(lib_a-memcpy-stub.o)
                0x080074f8                memcpy
 .text.memmove  0x0800750e       0x34 c:/program files (x86)/gnu tools arm embedded/6.2 2016q4/bin/../lib/gcc/arm-none-eabi/6.2.1/../../../../arm-none-eabi/lib/thumb/v7-m\libg_nano.a(lib_a-memmove.o)
                0x0800750e                memmove
 *fill*         0x08007542        0x2 
 .text._free_r  0x08007544       0x98 c:/program files (x86)/gnu tools arm embedded/6.2 2016q4/bin/../lib/gcc/arm-none-eabi/6.2.1/../../../../arm-none-eabi/lib/thumb/v7-m\libg_nano.a(lib_a-nano-freer.o)
                0x08007544                _free_r
 .text._malloc_r
                0x080075dc       0xbc c:/program files (x86)/gnu tools arm embedded/6.2 2016q4/bin/../lib/gcc/arm-none-eabi/6.2.1/../../../../arm-none-eabi/lib/thumb/v7-m\libg_nano.a(lib_a-nano-mallocr.o)
                0x080075dc                _malloc_r
 .text._realloc_r
                0x08007698       0x4c c:/program files (x86)/gnu tools arm embedded/6.2 2016q4/bin/../lib/gcc/arm-none-eabi/6.2.1/../../../../arm-none-eabi/lib/thumb/v7-m\libg_nano.a(lib_a-nano-reallocr.o)
                0x08007698                _realloc_r
 .text._sbrk_r  0x080076e4       0x20 c:/program files (x86)/gnu tools arm embedded/6.2 2016q4/bin/../lib/gcc/arm-none-eabi/6.2.1/../../../../arm-none-eabi/lib/thumb/v7-m\libg_nano.a(lib_a-sbrkr.o)
                0x080076e4                _sbrk_r
 .text.__malloc_lock
                0x08007704        0x2 c:/program files (x86)/gnu tools arm embedded/6.2 2016q4/bin/../lib/gcc/arm-none-eabi/6.2.1/../../../../arm-none-eabi/lib/thumb/v7-m\libg_nano.a(lib_a-mlock.o)
                0x08007704                __malloc_lock
 .text.__malloc_unlock
                0x08007706        0x2 c:/program files (x86)/gnu tools arm embedded/6.2 2016q4/bin/../lib/gcc/arm-none-eabi/6.2.1/../../../../arm-none-eabi/lib/thumb/v7-m\libg_nano.a(lib_a-mlock.o)
                0x08007706                __malloc_unlock
 .text._malloc_usable_size_r
                0x08007708       0x12 c:/program files (x86)/gnu tools arm embedded/6.2 2016q4/bin/../lib/gcc/arm-none-eabi/6.2.1/../../../../arm-none-eabi/lib/thumb/v7-m\libg_nano.a(lib_a-nano-msizer.o)
                0x08007708                _malloc_usable_size_r
 *(.rodata .rodata.* .constdata .constdata.*)
 *fill*         0x0800771a        0x2 
 .rodata.NVIC_PriorityGroupConfig.str1.4
                0x0800771c       0x27 ./system/src/stm32f1-stdperiph/misc.o
 *fill*         0x08007743        0x1 
 .rodata.DMA_DeInit.str1.4
                0x08007744       0x30 ./system/src/stm32f1-stdperiph/stm32f10x_dma.o
 .rodata.GPIO_DeInit.str1.4
                0x08007774       0x31 ./system/src/stm32f1-stdperiph/stm32f10x_gpio.o
 *fill*         0x080077a5        0x3 
 .rodata.IWDG_WriteAccessCmd.str1.4
                0x080077a8       0x31 ./system/src/stm32f1-stdperiph/stm32f10x_iwdg.o
 *fill*         0x080077d9        0x3 
 .rodata.RCC_HSEConfig.str1.4
                0x080077dc       0x30 ./system/src/stm32f1-stdperiph/stm32f10x_rcc.o
 .rodata.SDIO_Init.str1.4
                0x0800780c       0x31 ./system/src/stm32f1-stdperiph/stm32f10x_sdio.o
 *fill*         0x0800783d        0x3 
 .rodata.TIM_DeInit.str1.4
                0x08007840       0x30 ./system/src/stm32f1-stdperiph/stm32f10x_tim.o
 .rodata.USART_DeInit.str1.4
                0x08007870       0x32 ./system/src/stm32f1-stdperiph/stm32f10x_usart.o
 *fill*         0x080078a2        0x2 
 .rodata.abort.str1.4
                0x080078a4       0x14 ./system/src/newlib/_exit.o
 .rodata.assert_failed.str1.4
                0x080078b8       0x2b ./system/src/newlib/assert.o
 .rodata.trace_puts.str1.4
                0x080078e3       0x2b ./system/src/diag/Trace.o
                                  0x2 (size before relaxing)
 *fill*         0x080078e3        0x1 
 .rodata.dumpExceptionStack.str1.4
                0x080078e4      0x11a ./system/src/cortexm/exception_handlers.o
 *fill*         0x080079fe        0x2 
 .rodata.str1.4
                0x08007a00       0x2a ./system/src/cortexm/exception_handlers.o
 *fill*         0x08007a2a        0x2 
 .rodata.oem2uni
                0x08007a2c    0x15484 ./src/ff9/cc936.o
 .rodata.tbl_lower.3836
                0x0801ceb0      0x1e0 ./src/ff9/cc936.o
 .rodata.tbl_upper.3837
                0x0801d090      0x1e0 ./src/ff9/cc936.o
 .rodata.uni2oem
                0x0801d270    0x15484 ./src/ff9/cc936.o
 .rodata.LfnOfs
                0x080326f4        0xd ./src/ff9/ff.o
 *fill*         0x08032701        0x3 
 .rodata.create_name.str1.4
                0x08032704       0x13 ./src/ff9/ff.o
 *fill*         0x08032717        0x1 
 .rodata        0x08032718       0xb6 ./src/8285_download_protocol.o
 *fill*         0x080327ce        0x2 
 .rodata.Change_baud_command.str1.4
                0x080327d0       0x12 ./src/8285_download_protocol.o
 *fill*         0x080327e2        0x2 
 .rodata.Data_formatt_read.str1.4
                0x080327e4        0x6 ./src/8285_download_protocol.o
                                  0xb (size before relaxing)
 *fill*         0x080327ea        0x2 
 .rodata.SDcard_log_write.str1.4
                0x080327ec       0x37 ./src/8285_download_protocol.o
 *fill*         0x08032823        0x1 
 .rodata.check_file_from_filedir.str1.4
                0x08032824       0x37 ./src/8285_download_protocol.o
 *fill*         0x0803285b        0x1 
 .rodata.device_sync.str1.4
                0x0803285c        0xb ./src/8285_download_protocol.o
 *fill*         0x08032867        0x1 
 .rodata.download_bin_operate.str1.4
                0x08032868       0x87 ./src/8285_download_protocol.o
 *fill*         0x080328ef        0x1 
 .rodata.download_data_operate.str1.4
                0x080328f0       0xe7 ./src/8285_download_protocol.o
 *fill*         0x080329d7        0x1 
 .rodata.download_sign_operate.str1.4
                0x080329d8       0x40 ./src/8285_download_protocol.o
 .rodata.download_start.str1.4
                0x08032a18       0x61 ./src/8285_download_protocol.o
 *fill*         0x08032a79        0x3 
 .rodata.rst_8266.str1.4
                0x08032a7c       0x17 ./src/8285_download_protocol.o
 *fill*         0x08032a93        0x1 
 .rodata.TIM2_IRQHandler.str1.4
                0x08032a94       0x10 ./src/bsp_time_delay.o
 .rodata.main.str1.4
                0x08032aa4       0x8c ./src/main.o
                                 0x90 (size before relaxing)
 .rodata._svfprintf_r.str1.1
                0x08032b30       0x11 c:/program files (x86)/gnu tools arm embedded/6.2 2016q4/bin/../lib/gcc/arm-none-eabi/6.2.1/../../../../arm-none-eabi/lib/thumb/v7-m\libg_nano.a(lib_a-nano-svfprintf.o)
 .rodata._printf_i.str1.1
                0x08032b41       0x22 c:/program files (x86)/gnu tools arm embedded/6.2 2016q4/bin/../lib/gcc/arm-none-eabi/6.2.1/../../../../arm-none-eabi/lib/thumb/v7-m\libg_nano.a(lib_a-nano-vfprintf_i.o)
 *(vtable)
 *(.eh_frame*)
 *(.glue_7)
 .glue_7        0x08032b63        0x0 linker stubs
 *(.glue_7t)
 .glue_7t       0x08032b63        0x0 linker stubs

.vfp11_veneer   0x08032b64        0x0
 .vfp11_veneer  0x08032b64        0x0 linker stubs

.v4_bx          0x08032b64        0x0
 .v4_bx         0x08032b64        0x0 linker stubs

.iplt           0x08032b64        0x0
 .iplt          0x08032b64        0x0 ./system/src/stm32f1-stdperiph/misc.o

.rel.dyn        0x08032b64        0x0
 .rel.iplt      0x08032b64        0x0 ./system/src/stm32f1-stdperiph/misc.o

.ARM.extab
 *(.ARM.extab* .gnu.linkonce.armextab.*)
                0x08032b64                . = ALIGN (0x4)
                0x08032b64                __exidx_start = .

.ARM.exidx
 *(.ARM.exidx* .gnu.linkonce.armexidx.*)
                0x08032b64                __exidx_end = .
                0x08032b64                . = ALIGN (0x4)
                0x08032b64                _etext = .
                0x08032b64                __etext = .

.data_CCMRAM    0x00000000        0x0 load address 0x08032b64
 FILL mask 0xff
 *(.data.CCMRAM .data.CCMRAM.*)
                0x00000000                . = ALIGN (0x4)
                0x08032b64                _sidata = LOADADDR (.data)

.data           0x20000000     0x41c4 load address 0x08032b64
 FILL mask 0xff
                0x20000000                _sdata = .
                0x20000000                __data_start__ = .
 *(.data_begin .data_begin.*)
 .data_begin    0x20000000        0x4 ./system/src/newlib/_startup.o
 *(.data .data.*)
 .data.ADCPrescTable
                0x20000004        0x4 ./system/src/stm32f1-stdperiph/stm32f10x_rcc.o
 .data.APBAHBPrescTable
                0x20000008       0x10 ./system/src/stm32f1-stdperiph/stm32f10x_rcc.o
 .data.argv.4243
                0x20000018        0x8 ./system/src/newlib/_syscalls.o
 .data.AHBPrescTable
                0x20000020       0x10 ./system/src/cmsis/system_stm32f10x.o
                0x20000020                AHBPrescTable
 .data.SystemCoreClock
                0x20000030        0x4 ./system/src/cmsis/system_stm32f10x.o
                0x20000030                SystemCoreClock
 .data.data_sector_data
                0x20000034      0xfff ./src/download_data_array.o
                0x20000034                data_sector_data
 *fill*         0x20001033        0x1 ff
 .data.sign_sector_data
                0x20001034      0xfff ./src/download_data_array.o
                0x20001034                sign_sector_data
 *fill*         0x20002033        0x1 ff
 .data.stub_data
                0x20002034      0x318 ./src/download_data_array.o
                0x20002034                stub_data
 .data.stub_text_down
                0x2000234c      0x5f8 ./src/download_data_array.o
                0x2000234c                stub_text_down
 .data.stub_text_up
                0x20002944     0x1818 ./src/download_data_array.o
                0x20002944                stub_text_up
 .data._impure_ptr
                0x2000415c        0x4 c:/program files (x86)/gnu tools arm embedded/6.2 2016q4/bin/../lib/gcc/arm-none-eabi/6.2.1/../../../../arm-none-eabi/lib/thumb/v7-m\libg_nano.a(lib_a-impure.o)
                0x2000415c                _impure_ptr
 .data.impure_data
                0x20004160       0x60 c:/program files (x86)/gnu tools arm embedded/6.2 2016q4/bin/../lib/gcc/arm-none-eabi/6.2.1/../../../../arm-none-eabi/lib/thumb/v7-m\libg_nano.a(lib_a-impure.o)
 *(.data_end .data_end.*)
 .data_end      0x200041c0        0x4 ./system/src/newlib/_startup.o
                0x200041c4                . = ALIGN (0x4)
                0x200041c4                _edata = .
                0x200041c4                __data_end__ = .

.igot.plt       0x200041c4        0x0 load address 0x08036d28
 .igot.plt      0x200041c4        0x0 ./system/src/stm32f1-stdperiph/misc.o

.bss_CCMRAM     0x00000000        0x0
 *(.bss.CCMRAM .bss.CCMRAM.*)

.bss            0x200041c4     0x430c
                0x200041c4                __bss_start__ = .
                0x200041c4                _sbss = .
 *(.bss_begin .bss_begin.*)
 .bss_begin     0x200041c4        0x4 ./system/src/newlib/_startup.o
 *(.bss .bss.*)
 .bss.current_heap_end.3927
                0x200041c8        0x4 ./system/src/newlib/_sbrk.o
 .bss.name.4242
                0x200041cc        0x1 ./system/src/newlib/_syscalls.o
 *fill*         0x200041cd        0x3 
 .bss.buf.5132  0x200041d0       0x80 ./system/src/diag/Trace.o
 .bss.CID_Tab   0x20004250       0x10 ./src/ff9/bsp_sdio_sdcard.o
 .bss.CSD_Tab   0x20004260       0x10 ./src/ff9/bsp_sdio_sdcard.o
 .bss.CardType  0x20004270        0x4 ./src/ff9/bsp_sdio_sdcard.o
 .bss.RCA       0x20004274        0x4 ./src/ff9/bsp_sdio_sdcard.o
 .bss.StopCondition
                0x20004278        0x4 ./src/ff9/bsp_sdio_sdcard.o
                0x20004278                StopCondition
 .bss.TransferEnd
                0x2000427c        0x4 ./src/ff9/bsp_sdio_sdcard.o
                0x2000427c                TransferEnd
 .bss.TransferError
                0x20004280        0x1 ./src/ff9/bsp_sdio_sdcard.o
                0x20004280                TransferError
 .bss.CurrVol   0x20004281        0x1 ./src/ff9/ff.o
 *fill*         0x20004282        0x2 
 .bss.FatFs     0x20004284        0x4 ./src/ff9/ff.o
 .bss.Fsid      0x20004288        0x2 ./src/ff9/ff.o
 *fill*         0x2000428a        0x2 
 .bss.bin_file_name
                0x2000428c       0x82 ./src/8285_download_protocol.o
                0x2000428c                bin_file_name
 *fill*         0x2000430e        0x2 
 .bss.data_file_name
                0x20004310       0x82 ./src/8285_download_protocol.o
                0x20004310                data_file_name
 *fill*         0x20004392        0x2 
 .bss.origin_buf
                0x20004394     0x4000 ./src/8285_download_protocol.o
                0x20004394                origin_buf
 .bss.recv_over_flag
                0x20008394        0x1 ./src/8285_download_protocol.o
                0x20008394                recv_over_flag
 .bss.rst_flag  0x20008395        0x1 ./src/8285_download_protocol.o
 *fill*         0x20008396        0x2 
 .bss.send_time
                0x20008398        0x4 ./src/8285_download_protocol.o
                0x20008398                send_time
 .bss.sync_error_cnt
                0x2000839c        0x1 ./src/8285_download_protocol.o
                0x2000839c                sync_error_cnt
 .bss.sync_flag
                0x2000839d        0x1 ./src/8285_download_protocol.o
                0x2000839d                sync_flag
 .bss.update_status
                0x2000839e        0x1 ./src/8285_download_protocol.o
                0x2000839e                update_status
 .bss.wait_baud_flag
                0x2000839f        0x1 ./src/8285_download_protocol.o
                0x2000839f                wait_baud_flag
 .bss.cnt_time  0x200083a0        0x4 ./src/bsp_time_delay.o
                0x200083a0                cnt_time
 .bss.recv_time_out
                0x200083a4        0x4 ./src/bsp_time_delay.o
                0x200083a4                recv_time_out
 .bss.usart_send_timeout
                0x200083a8        0x4 ./src/bsp_usart.o
                0x200083a8                usart_send_timeout
 .bss.__malloc_free_list
                0x200083ac        0x4 c:/program files (x86)/gnu tools arm embedded/6.2 2016q4/bin/../lib/gcc/arm-none-eabi/6.2.1/../../../../arm-none-eabi/lib/thumb/v7-m\libg_nano.a(lib_a-nano-mallocr.o)
                0x200083ac                __malloc_free_list
 .bss.__malloc_sbrk_start
                0x200083b0        0x4 c:/program files (x86)/gnu tools arm embedded/6.2 2016q4/bin/../lib/gcc/arm-none-eabi/6.2.1/../../../../arm-none-eabi/lib/thumb/v7-m\libg_nano.a(lib_a-nano-mallocr.o)
                0x200083b0                __malloc_sbrk_start
 *(COMMON)
 COMMON         0x200083b4        0x4 ./system/src/newlib/_syscalls.o
                0x200083b4                errno
 COMMON         0x200083b8       0x94 ./src/ff9/bsp_sdio_sdcard.o
                0x200083b8                SDIO_CmdInitStructure
                0x200083cc                SDCardInfo
                0x2000841c                SDIO_InitStructure
                0x20008434                SDIO_DataInitStructure
 COMMON         0x2000844c       0x7c ./src/8285_download_protocol.o
                0x2000844c                nodata_flag
                0x20008450                stm32rx
 COMMON         0x200084c8        0x1 ./src/main.o
                0x200084c8                HSEStartUpStatus
 *(.bss_end .bss_end.*)
 *fill*         0x200084c9        0x3 
 .bss_end       0x200084cc        0x4 ./system/src/newlib/_startup.o
                0x200084d0                . = ALIGN (0x4)
                0x200084d0                __bss_end__ = .
                0x200084d0                _ebss = .

.noinit_CCMRAM
 *(.noinit.CCMRAM .noinit.CCMRAM.*)

.noinit         0x200084d0        0x0
                0x200084d0                _noinit = .
 *(.noinit .noinit.*)
                0x200084d0                . = ALIGN (0x4)
                0x200084d0                _end_noinit = .
                [!provide]                PROVIDE (end, _end_noinit)
                [!provide]                PROVIDE (_end, _end_noinit)
                [!provide]                PROVIDE (__end, _end_noinit)
                [!provide]                PROVIDE (__end__, _end_noinit)

._check_stack   0x200084d0      0x100
                0x200085d0                . = (. + _Minimum_Stack_Size)
 *fill*         0x200084d0      0x100 

.b1text
 *(.b1text)
 *(.b1rodata)
 *(.b1rodata.*)

.eb0text
 *(.eb0text)
 *(.eb0rodata)
 *(.eb0rodata.*)

.eb1text
 *(.eb1text)
 *(.eb1rodata)
 *(.eb1rodata.*)

.eb2text
 *(.eb2text)
 *(.eb2rodata)
 *(.eb2rodata.*)

.eb3text
 *(.eb3text)
 *(.eb3rodata)
 *(.eb3rodata.*)

.stab
 *(.stab)

.stabstr
 *(.stabstr)

.stab.excl
 *(.stab.excl)

.stab.exclstr
 *(.stab.exclstr)

.stab.index
 *(.stab.index)

.stab.indexstr
 *(.stab.indexstr)

.comment        0x00000000       0x6e
 *(.comment)
 .comment       0x00000000       0x6e ./system/src/stm32f1-stdperiph/misc.o
                                 0x6f (size before relaxing)
 .comment       0x0000006e       0x6f ./system/src/stm32f1-stdperiph/stm32f10x_dma.o
 .comment       0x0000006e       0x6f ./system/src/stm32f1-stdperiph/stm32f10x_gpio.o
 .comment       0x0000006e       0x6f ./system/src/stm32f1-stdperiph/stm32f10x_iwdg.o
 .comment       0x0000006e       0x6f ./system/src/stm32f1-stdperiph/stm32f10x_rcc.o
 .comment       0x0000006e       0x6f ./system/src/stm32f1-stdperiph/stm32f10x_sdio.o
 .comment       0x0000006e       0x6f ./system/src/stm32f1-stdperiph/stm32f10x_tim.o
 .comment       0x0000006e       0x6f ./system/src/stm32f1-stdperiph/stm32f10x_usart.o
 .comment       0x0000006e       0x6f ./system/src/newlib/_exit.o
 .comment       0x0000006e       0x6f ./system/src/newlib/_sbrk.o
 .comment       0x0000006e       0x6f ./system/src/newlib/_startup.o
 .comment       0x0000006e       0x6f ./system/src/newlib/_syscalls.o
 .comment       0x0000006e       0x6f ./system/src/newlib/assert.o
 .comment       0x0000006e       0x6f ./system/src/diag/Trace.o
 .comment       0x0000006e       0x6f ./system/src/diag/trace_impl.o
 .comment       0x0000006e       0x6f ./system/src/cortexm/_initialize_hardware.o
 .comment       0x0000006e       0x6f ./system/src/cortexm/exception_handlers.o
 .comment       0x0000006e       0x6f ./system/src/cmsis/system_stm32f10x.o
 .comment       0x0000006e       0x6f ./system/src/cmsis/vectors_stm32f10x.o
 .comment       0x0000006e       0x6f ./src/ff9/bsp_sdio_sdcard.o
 .comment       0x0000006e       0x6f ./src/ff9/cc936.o
 .comment       0x0000006e       0x6f ./src/ff9/diskio.o
 .comment       0x0000006e       0x6f ./src/ff9/ff.o
 .comment       0x0000006e       0x6f ./src/8285_download_protocol.o
 .comment       0x0000006e       0x6f ./src/Data_pool.o
 .comment       0x0000006e       0x6f ./src/bsp_iwdg.o
 .comment       0x0000006e       0x6f ./src/bsp_time_delay.o
 .comment       0x0000006e       0x6f ./src/bsp_usart.o
 .comment       0x0000006e       0x6f ./src/clib.o
 .comment       0x0000006e       0x6f ./src/download_data_array.o
 .comment       0x0000006e       0x6f ./src/main.o

.ARM.attributes
                0x00000000       0x31
 .ARM.attributes
                0x00000000       0x33 ./system/src/stm32f1-stdperiph/misc.o
 .ARM.attributes
                0x00000033       0x33 ./system/src/stm32f1-stdperiph/stm32f10x_dma.o
 .ARM.attributes
                0x00000066       0x33 ./system/src/stm32f1-stdperiph/stm32f10x_gpio.o
 .ARM.attributes
                0x00000099       0x33 ./system/src/stm32f1-stdperiph/stm32f10x_iwdg.o
 .ARM.attributes
                0x000000cc       0x33 ./system/src/stm32f1-stdperiph/stm32f10x_rcc.o
 .ARM.attributes
                0x000000ff       0x33 ./system/src/stm32f1-stdperiph/stm32f10x_sdio.o
 .ARM.attributes
                0x00000132       0x33 ./system/src/stm32f1-stdperiph/stm32f10x_tim.o
 .ARM.attributes
                0x00000165       0x33 ./system/src/stm32f1-stdperiph/stm32f10x_usart.o
 .ARM.attributes
                0x00000198       0x33 ./system/src/newlib/_exit.o
 .ARM.attributes
                0x000001cb       0x33 ./system/src/newlib/_sbrk.o
 .ARM.attributes
                0x000001fe       0x33 ./system/src/newlib/_startup.o
 .ARM.attributes
                0x00000231       0x33 ./system/src/newlib/_syscalls.o
 .ARM.attributes
                0x00000264       0x33 ./system/src/newlib/assert.o
 .ARM.attributes
                0x00000297       0x33 ./system/src/diag/Trace.o
 .ARM.attributes
                0x000002ca       0x33 ./system/src/diag/trace_impl.o
 .ARM.attributes
                0x000002fd       0x33 ./system/src/cortexm/_initialize_hardware.o
 .ARM.attributes
                0x00000330       0x33 ./system/src/cortexm/exception_handlers.o
 .ARM.attributes
                0x00000363       0x33 ./system/src/cmsis/system_stm32f10x.o
 .ARM.attributes
                0x00000396       0x33 ./system/src/cmsis/vectors_stm32f10x.o
 .ARM.attributes
                0x000003c9       0x33 ./src/ff9/bsp_sdio_sdcard.o
 .ARM.attributes
                0x000003fc       0x33 ./src/ff9/cc936.o
 .ARM.attributes
                0x0000042f       0x33 ./src/ff9/diskio.o
 .ARM.attributes
                0x00000462       0x33 ./src/ff9/ff.o
 .ARM.attributes
                0x00000495       0x33 ./src/8285_download_protocol.o
 .ARM.attributes
                0x000004c8       0x33 ./src/Data_pool.o
 .ARM.attributes
                0x000004fb       0x33 ./src/bsp_iwdg.o
 .ARM.attributes
                0x0000052e       0x33 ./src/bsp_time_delay.o
 .ARM.attributes
                0x00000561       0x33 ./src/bsp_usart.o
 .ARM.attributes
                0x00000594       0x33 ./src/clib.o
 .ARM.attributes
                0x000005c7       0x33 ./src/download_data_array.o
 .ARM.attributes
                0x000005fa       0x33 ./src/main.o
 .ARM.attributes
                0x0000062d       0x2d c:/program files (x86)/gnu tools arm embedded/6.2 2016q4/bin/../lib/gcc/arm-none-eabi/6.2.1/../../../../arm-none-eabi/lib/thumb/v7-m\libg_nano.a(lib_a-errno.o)
 .ARM.attributes
                0x0000065a       0x2d c:/program files (x86)/gnu tools arm embedded/6.2 2016q4/bin/../lib/gcc/arm-none-eabi/6.2.1/../../../../arm-none-eabi/lib/thumb/v7-m\libg_nano.a(lib_a-impure.o)
 .ARM.attributes
                0x00000687       0x2d c:/program files (x86)/gnu tools arm embedded/6.2 2016q4/bin/../lib/gcc/arm-none-eabi/6.2.1/../../../../arm-none-eabi/lib/thumb/v7-m\libg_nano.a(lib_a-memset.o)
 .ARM.attributes
                0x000006b4       0x2d c:/program files (x86)/gnu tools arm embedded/6.2 2016q4/bin/../lib/gcc/arm-none-eabi/6.2.1/../../../../arm-none-eabi/lib/thumb/v7-m\libg_nano.a(lib_a-strcpy.o)
 .ARM.attributes
                0x000006e1       0x17 c:/program files (x86)/gnu tools arm embedded/6.2 2016q4/bin/../lib/gcc/arm-none-eabi/6.2.1/../../../../arm-none-eabi/lib/thumb/v7-m\libg_nano.a(lib_a-strlen.o)
 .ARM.attributes
                0x000006f8       0x2d c:/program files (x86)/gnu tools arm embedded/6.2 2016q4/bin/../lib/gcc/arm-none-eabi/6.2.1/../../../../arm-none-eabi/lib/thumb/v7-m\libg_nano.a(lib_a-strstr.o)
 .ARM.attributes
                0x00000725       0x2d c:/program files (x86)/gnu tools arm embedded/6.2 2016q4/bin/../lib/gcc/arm-none-eabi/6.2.1/../../../../arm-none-eabi/lib/thumb/v7-m\libg_nano.a(lib_a-vsnprintf.o)
 .ARM.attributes
                0x00000752       0x2d c:/program files (x86)/gnu tools arm embedded/6.2 2016q4/bin/../lib/gcc/arm-none-eabi/6.2.1/../../../../arm-none-eabi/lib/thumb/v7-m\libg_nano.a(lib_a-nano-svfprintf.o)
 .ARM.attributes
                0x0000077f       0x2d c:/program files (x86)/gnu tools arm embedded/6.2 2016q4/bin/../lib/gcc/arm-none-eabi/6.2.1/../../../../arm-none-eabi/lib/thumb/v7-m\libg_nano.a(lib_a-nano-vfprintf_i.o)
 .ARM.attributes
                0x000007ac       0x2d c:/program files (x86)/gnu tools arm embedded/6.2 2016q4/bin/../lib/gcc/arm-none-eabi/6.2.1/../../../../arm-none-eabi/lib/thumb/v7-m\libg_nano.a(lib_a-memchr-stub.o)
 .ARM.attributes
                0x000007d9       0x2d c:/program files (x86)/gnu tools arm embedded/6.2 2016q4/bin/../lib/gcc/arm-none-eabi/6.2.1/../../../../arm-none-eabi/lib/thumb/v7-m\libg_nano.a(lib_a-memcpy-stub.o)
 .ARM.attributes
                0x00000806       0x2d c:/program files (x86)/gnu tools arm embedded/6.2 2016q4/bin/../lib/gcc/arm-none-eabi/6.2.1/../../../../arm-none-eabi/lib/thumb/v7-m\libg_nano.a(lib_a-memmove.o)
 .ARM.attributes
                0x00000833       0x2d c:/program files (x86)/gnu tools arm embedded/6.2 2016q4/bin/../lib/gcc/arm-none-eabi/6.2.1/../../../../arm-none-eabi/lib/thumb/v7-m\libg_nano.a(lib_a-nano-freer.o)
 .ARM.attributes
                0x00000860       0x2d c:/program files (x86)/gnu tools arm embedded/6.2 2016q4/bin/../lib/gcc/arm-none-eabi/6.2.1/../../../../arm-none-eabi/lib/thumb/v7-m\libg_nano.a(lib_a-nano-mallocr.o)
 .ARM.attributes
                0x0000088d       0x2d c:/program files (x86)/gnu tools arm embedded/6.2 2016q4/bin/../lib/gcc/arm-none-eabi/6.2.1/../../../../arm-none-eabi/lib/thumb/v7-m\libg_nano.a(lib_a-nano-reallocr.o)
 .ARM.attributes
                0x000008ba       0x2d c:/program files (x86)/gnu tools arm embedded/6.2 2016q4/bin/../lib/gcc/arm-none-eabi/6.2.1/../../../../arm-none-eabi/lib/thumb/v7-m\libg_nano.a(lib_a-sbrkr.o)
 .ARM.attributes
                0x000008e7       0x2d c:/program files (x86)/gnu tools arm embedded/6.2 2016q4/bin/../lib/gcc/arm-none-eabi/6.2.1/../../../../arm-none-eabi/lib/thumb/v7-m\libg_nano.a(lib_a-mlock.o)
 .ARM.attributes
                0x00000914       0x2d c:/program files (x86)/gnu tools arm embedded/6.2 2016q4/bin/../lib/gcc/arm-none-eabi/6.2.1/../../../../arm-none-eabi/lib/thumb/v7-m\libg_nano.a(lib_a-nano-msizer.o)

.debug
 *(.debug)

.line
 *(.line)

.debug_srcinfo
 *(.debug_srcinfo)

.debug_sfnames
 *(.debug_sfnames)

.debug_aranges  0x00000000     0x1010
 *(.debug_aranges)
 .debug_aranges
                0x00000000       0x40 ./system/src/stm32f1-stdperiph/misc.o
 .debug_aranges
                0x00000040       0x70 ./system/src/stm32f1-stdperiph/stm32f10x_dma.o
 .debug_aranges
                0x000000b0       0xa8 ./system/src/stm32f1-stdperiph/stm32f10x_gpio.o
 .debug_aranges
                0x00000158       0x48 ./system/src/stm32f1-stdperiph/stm32f10x_iwdg.o
 .debug_aranges
                0x000001a0      0x118 ./system/src/stm32f1-stdperiph/stm32f10x_rcc.o
 .debug_aranges
                0x000002b8      0x108 ./system/src/stm32f1-stdperiph/stm32f10x_sdio.o
 .debug_aranges
                0x000003c0      0x2f0 ./system/src/stm32f1-stdperiph/stm32f10x_tim.o
 .debug_aranges
                0x000006b0      0x100 ./system/src/stm32f1-stdperiph/stm32f10x_usart.o
 .debug_aranges
                0x000007b0       0x28 ./system/src/newlib/_exit.o
 .debug_aranges
                0x000007d8       0x20 ./system/src/newlib/_sbrk.o
 .debug_aranges
                0x000007f8       0x40 ./system/src/newlib/_startup.o
 .debug_aranges
                0x00000838       0x30 ./system/src/newlib/_syscalls.o
 .debug_aranges
                0x00000868       0x28 ./system/src/newlib/assert.o
 .debug_aranges
                0x00000890       0x38 ./system/src/diag/Trace.o
 .debug_aranges
                0x000008c8       0x30 ./system/src/diag/trace_impl.o
 .debug_aranges
                0x000008f8       0x28 ./system/src/cortexm/_initialize_hardware.o
 .debug_aranges
                0x00000920       0x90 ./system/src/cortexm/exception_handlers.o
 .debug_aranges
                0x000009b0       0x38 ./system/src/cmsis/system_stm32f10x.o
 .debug_aranges
                0x000009e8       0x20 ./system/src/cmsis/vectors_stm32f10x.o
 .debug_aranges
                0x00000a08      0x148 ./src/ff9/bsp_sdio_sdcard.o
 .debug_aranges
                0x00000b50       0x28 ./src/ff9/cc936.o
 .debug_aranges
                0x00000b78       0x48 ./src/ff9/diskio.o
 .debug_aranges
                0x00000bc0      0x150 ./src/ff9/ff.o
 .debug_aranges
                0x00000d10       0xd8 ./src/8285_download_protocol.o
 .debug_aranges
                0x00000de8       0x48 ./src/Data_pool.o
 .debug_aranges
                0x00000e30       0x28 ./src/bsp_iwdg.o
 .debug_aranges
                0x00000e58       0x50 ./src/bsp_time_delay.o
 .debug_aranges
                0x00000ea8       0x80 ./src/bsp_usart.o
 .debug_aranges
                0x00000f28       0x78 ./src/clib.o
 .debug_aranges
                0x00000fa0       0x18 ./src/download_data_array.o
 .debug_aranges
                0x00000fb8       0x58 ./src/main.o

.debug_pubnames
 *(.debug_pubnames)

.debug_info     0x00000000    0x19b6b
 *(.debug_info .gnu.linkonce.wi.*)
 .debug_info    0x00000000      0x63a ./system/src/stm32f1-stdperiph/misc.o
 .debug_info    0x0000063a      0x6f7 ./system/src/stm32f1-stdperiph/stm32f10x_dma.o
 .debug_info    0x00000d31      0xbd6 ./system/src/stm32f1-stdperiph/stm32f10x_gpio.o
 .debug_info    0x00001907      0x269 ./system/src/stm32f1-stdperiph/stm32f10x_iwdg.o
 .debug_info    0x00001b70      0xc7b ./system/src/stm32f1-stdperiph/stm32f10x_rcc.o
 .debug_info    0x000027eb      0xb6f ./system/src/stm32f1-stdperiph/stm32f10x_sdio.o
 .debug_info    0x0000335a     0x3931 ./system/src/stm32f1-stdperiph/stm32f10x_tim.o
 .debug_info    0x00006c8b     0x128b ./system/src/stm32f1-stdperiph/stm32f10x_usart.o
 .debug_info    0x00007f16      0x952 ./system/src/newlib/_exit.o
 .debug_info    0x00008868      0x93e ./system/src/newlib/_sbrk.o
 .debug_info    0x000091a6      0x434 ./system/src/newlib/_startup.o
 .debug_info    0x000095da      0xa15 ./system/src/newlib/_syscalls.o
 .debug_info    0x00009fef      0x9fb ./system/src/newlib/assert.o
 .debug_info    0x0000a9ea      0xb26 ./system/src/diag/Trace.o
 .debug_info    0x0000b510      0x36c ./system/src/diag/trace_impl.o
 .debug_info    0x0000b87c      0x2bc ./system/src/cortexm/_initialize_hardware.o
 .debug_info    0x0000bb38     0x113b ./system/src/cortexm/exception_handlers.o
 .debug_info    0x0000cc73      0x49a ./system/src/cmsis/system_stm32f10x.o
 .debug_info    0x0000d10d       0xd1 ./system/src/cmsis/vectors_stm32f10x.o
 .debug_info    0x0000d1de     0x26ad ./src/ff9/bsp_sdio_sdcard.o
 .debug_info    0x0000f88b      0x1c6 ./src/ff9/cc936.o
 .debug_info    0x0000fa51      0x4f4 ./src/ff9/diskio.o
 .debug_info    0x0000ff45     0x2205 ./src/ff9/ff.o
 .debug_info    0x0001214a     0x2fe9 ./src/8285_download_protocol.o
 .debug_info    0x00015133      0x330 ./src/Data_pool.o
 .debug_info    0x00015463      0x206 ./src/bsp_iwdg.o
 .debug_info    0x00015669     0x1426 ./src/bsp_time_delay.o
 .debug_info    0x00016a8f     0x15d1 ./src/bsp_usart.o
 .debug_info    0x00018060      0x45e ./src/clib.o
 .debug_info    0x000184be      0x16a ./src/download_data_array.o
 .debug_info    0x00018628     0x1543 ./src/main.o

.debug_abbrev   0x00000000     0x39d9
 *(.debug_abbrev)
 .debug_abbrev  0x00000000      0x192 ./system/src/stm32f1-stdperiph/misc.o
 .debug_abbrev  0x00000192      0x1b1 ./system/src/stm32f1-stdperiph/stm32f10x_dma.o
 .debug_abbrev  0x00000343      0x205 ./system/src/stm32f1-stdperiph/stm32f10x_gpio.o
 .debug_abbrev  0x00000548      0x141 ./system/src/stm32f1-stdperiph/stm32f10x_iwdg.o
 .debug_abbrev  0x00000689      0x209 ./system/src/stm32f1-stdperiph/stm32f10x_rcc.o
 .debug_abbrev  0x00000892      0x21a ./system/src/stm32f1-stdperiph/stm32f10x_sdio.o
 .debug_abbrev  0x00000aac      0x1e9 ./system/src/stm32f1-stdperiph/stm32f10x_tim.o
 .debug_abbrev  0x00000c95      0x1de ./system/src/stm32f1-stdperiph/stm32f10x_usart.o
 .debug_abbrev  0x00000e73      0x1f3 ./system/src/newlib/_exit.o
 .debug_abbrev  0x00001066      0x1fc ./system/src/newlib/_sbrk.o
 .debug_abbrev  0x00001262      0x1c4 ./system/src/newlib/_startup.o
 .debug_abbrev  0x00001426      0x234 ./system/src/newlib/_syscalls.o
 .debug_abbrev  0x0000165a      0x1f3 ./system/src/newlib/assert.o
 .debug_abbrev  0x0000184d      0x276 ./system/src/diag/Trace.o
 .debug_abbrev  0x00001ac3      0x1d3 ./system/src/diag/trace_impl.o
 .debug_abbrev  0x00001c96       0xea ./system/src/cortexm/_initialize_hardware.o
 .debug_abbrev  0x00001d80      0x329 ./system/src/cortexm/exception_handlers.o
 .debug_abbrev  0x000020a9      0x175 ./system/src/cmsis/system_stm32f10x.o
 .debug_abbrev  0x0000221e       0x9d ./system/src/cmsis/vectors_stm32f10x.o
 .debug_abbrev  0x000022bb      0x28c ./src/ff9/bsp_sdio_sdcard.o
 .debug_abbrev  0x00002547       0xbd ./src/ff9/cc936.o
 .debug_abbrev  0x00002604      0x139 ./src/ff9/diskio.o
 .debug_abbrev  0x0000273d      0x21c ./src/ff9/ff.o
 .debug_abbrev  0x00002959      0x39d ./src/8285_download_protocol.o
 .debug_abbrev  0x00002cf6      0x141 ./src/Data_pool.o
 .debug_abbrev  0x00002e37      0x11a ./src/bsp_iwdg.o
 .debug_abbrev  0x00002f51      0x2a0 ./src/bsp_time_delay.o
 .debug_abbrev  0x000031f1      0x303 ./src/bsp_usart.o
 .debug_abbrev  0x000034f4      0x132 ./src/clib.o
 .debug_abbrev  0x00003626       0x8b ./src/download_data_array.o
 .debug_abbrev  0x000036b1      0x328 ./src/main.o

.debug_line     0x00000000     0xccbe
 *(.debug_line)
 .debug_line    0x00000000      0x40d ./system/src/stm32f1-stdperiph/misc.o
 .debug_line    0x0000040d      0x870 ./system/src/stm32f1-stdperiph/stm32f10x_dma.o
 .debug_line    0x00000c7d      0x8ee ./system/src/stm32f1-stdperiph/stm32f10x_gpio.o
 .debug_line    0x0000156b      0x3cf ./system/src/stm32f1-stdperiph/stm32f10x_iwdg.o
 .debug_line    0x0000193a      0x84c ./system/src/stm32f1-stdperiph/stm32f10x_rcc.o
 .debug_line    0x00002186      0x809 ./system/src/stm32f1-stdperiph/stm32f10x_sdio.o
 .debug_line    0x0000298f     0x2585 ./system/src/stm32f1-stdperiph/stm32f10x_tim.o
 .debug_line    0x00004f14      0xae8 ./system/src/stm32f1-stdperiph/stm32f10x_usart.o
 .debug_line    0x000059fc      0x34f ./system/src/newlib/_exit.o
 .debug_line    0x00005d4b      0x304 ./system/src/newlib/_sbrk.o
 .debug_line    0x0000604f      0x3be ./system/src/newlib/_startup.o
 .debug_line    0x0000640d      0x41c ./system/src/newlib/_syscalls.o
 .debug_line    0x00006829      0x38a ./system/src/newlib/assert.o
 .debug_line    0x00006bb3      0x3bb ./system/src/diag/Trace.o
 .debug_line    0x00006f6e      0x635 ./system/src/diag/trace_impl.o
 .debug_line    0x000075a3      0x373 ./system/src/cortexm/_initialize_hardware.o
 .debug_line    0x00007916      0x6ec ./system/src/cortexm/exception_handlers.o
 .debug_line    0x00008002      0x3e7 ./system/src/cmsis/system_stm32f10x.o
 .debug_line    0x000083e9      0x103 ./system/src/cmsis/vectors_stm32f10x.o
 .debug_line    0x000084ec      0xa2e ./src/ff9/bsp_sdio_sdcard.o
 .debug_line    0x00008f1a       0xc0 ./src/ff9/cc936.o
 .debug_line    0x00008fda      0x3e7 ./src/ff9/diskio.o
 .debug_line    0x000093c1      0xbb4 ./src/ff9/ff.o
 .debug_line    0x00009f75      0xad9 ./src/8285_download_protocol.o
 .debug_line    0x0000aa4e      0x3df ./src/Data_pool.o
 .debug_line    0x0000ae2d      0x35c ./src/bsp_iwdg.o
 .debug_line    0x0000b189      0x67d ./src/bsp_time_delay.o
 .debug_line    0x0000b806      0x708 ./src/bsp_usart.o
 .debug_line    0x0000bf0e      0x2aa ./src/clib.o
 .debug_line    0x0000c1b8      0x348 ./src/download_data_array.o
 .debug_line    0x0000c500      0x7be ./src/main.o

.debug_frame    0x00000000     0x3138
 *(.debug_frame)
 .debug_frame   0x00000000       0x90 ./system/src/stm32f1-stdperiph/misc.o
 .debug_frame   0x00000090      0x120 ./system/src/stm32f1-stdperiph/stm32f10x_dma.o
 .debug_frame   0x000001b0      0x1e8 ./system/src/stm32f1-stdperiph/stm32f10x_gpio.o
 .debug_frame   0x00000398       0x90 ./system/src/stm32f1-stdperiph/stm32f10x_iwdg.o
 .debug_frame   0x00000428      0x320 ./system/src/stm32f1-stdperiph/stm32f10x_rcc.o
 .debug_frame   0x00000748      0x29c ./system/src/stm32f1-stdperiph/stm32f10x_sdio.o
 .debug_frame   0x000009e4      0x9fc ./system/src/stm32f1-stdperiph/stm32f10x_tim.o
 .debug_frame   0x000013e0      0x320 ./system/src/stm32f1-stdperiph/stm32f10x_usart.o
 .debug_frame   0x00001700       0x38 ./system/src/newlib/_exit.o
 .debug_frame   0x00001738       0x28 ./system/src/newlib/_sbrk.o
 .debug_frame   0x00001760       0x7c ./system/src/newlib/_startup.o
 .debug_frame   0x000017dc       0x50 ./system/src/newlib/_syscalls.o
 .debug_frame   0x0000182c       0x40 ./system/src/newlib/assert.o
 .debug_frame   0x0000186c       0x94 ./system/src/diag/Trace.o
 .debug_frame   0x00001900       0x64 ./system/src/diag/trace_impl.o
 .debug_frame   0x00001964       0x40 ./system/src/cortexm/_initialize_hardware.o
 .debug_frame   0x000019a4      0x158 ./system/src/cortexm/exception_handlers.o
 .debug_frame   0x00001afc       0x6c ./system/src/cmsis/system_stm32f10x.o
 .debug_frame   0x00001b68       0x20 ./system/src/cmsis/vectors_stm32f10x.o
 .debug_frame   0x00001b88      0x430 ./src/ff9/bsp_sdio_sdcard.o
 .debug_frame   0x00001fb8       0x48 ./src/ff9/cc936.o
 .debug_frame   0x00002000       0x88 ./src/ff9/diskio.o
 .debug_frame   0x00002088      0x4ec ./src/ff9/ff.o
 .debug_frame   0x00002574      0x2f8 ./src/8285_download_protocol.o
 .debug_frame   0x0000286c       0xac ./src/Data_pool.o
 .debug_frame   0x00002918       0x40 ./src/bsp_iwdg.o
 .debug_frame   0x00002958       0xc4 ./src/bsp_time_delay.o
 .debug_frame   0x00002a1c      0x190 ./src/bsp_usart.o
 .debug_frame   0x00002bac      0x144 ./src/clib.o
 .debug_frame   0x00002cf0       0xe8 ./src/main.o
 .debug_frame   0x00002dd8       0x20 c:/program files (x86)/gnu tools arm embedded/6.2 2016q4/bin/../lib/gcc/arm-none-eabi/6.2.1/../../../../arm-none-eabi/lib/thumb/v7-m\libg_nano.a(lib_a-errno.o)
 .debug_frame   0x00002df8       0x20 c:/program files (x86)/gnu tools arm embedded/6.2 2016q4/bin/../lib/gcc/arm-none-eabi/6.2.1/../../../../arm-none-eabi/lib/thumb/v7-m\libg_nano.a(lib_a-memset.o)
 .debug_frame   0x00002e18       0x20 c:/program files (x86)/gnu tools arm embedded/6.2 2016q4/bin/../lib/gcc/arm-none-eabi/6.2.1/../../../../arm-none-eabi/lib/thumb/v7-m\libg_nano.a(lib_a-strcpy.o)
 .debug_frame   0x00002e38       0x30 c:/program files (x86)/gnu tools arm embedded/6.2 2016q4/bin/../lib/gcc/arm-none-eabi/6.2.1/../../../../arm-none-eabi/lib/thumb/v7-m\libg_nano.a(lib_a-strstr.o)
 .debug_frame   0x00002e68       0x4c c:/program files (x86)/gnu tools arm embedded/6.2 2016q4/bin/../lib/gcc/arm-none-eabi/6.2.1/../../../../arm-none-eabi/lib/thumb/v7-m\libg_nano.a(lib_a-vsnprintf.o)
 .debug_frame   0x00002eb4       0x90 c:/program files (x86)/gnu tools arm embedded/6.2 2016q4/bin/../lib/gcc/arm-none-eabi/6.2.1/../../../../arm-none-eabi/lib/thumb/v7-m\libg_nano.a(lib_a-nano-svfprintf.o)
 .debug_frame   0x00002f44       0x60 c:/program files (x86)/gnu tools arm embedded/6.2 2016q4/bin/../lib/gcc/arm-none-eabi/6.2.1/../../../../arm-none-eabi/lib/thumb/v7-m\libg_nano.a(lib_a-nano-vfprintf_i.o)
 .debug_frame   0x00002fa4       0x28 c:/program files (x86)/gnu tools arm embedded/6.2 2016q4/bin/../lib/gcc/arm-none-eabi/6.2.1/../../../../arm-none-eabi/lib/thumb/v7-m\libg_nano.a(lib_a-memchr-stub.o)
 .debug_frame   0x00002fcc       0x28 c:/program files (x86)/gnu tools arm embedded/6.2 2016q4/bin/../lib/gcc/arm-none-eabi/6.2.1/../../../../arm-none-eabi/lib/thumb/v7-m\libg_nano.a(lib_a-memcpy-stub.o)
 .debug_frame   0x00002ff4       0x28 c:/program files (x86)/gnu tools arm embedded/6.2 2016q4/bin/../lib/gcc/arm-none-eabi/6.2.1/../../../../arm-none-eabi/lib/thumb/v7-m\libg_nano.a(lib_a-memmove.o)
 .debug_frame   0x0000301c       0x38 c:/program files (x86)/gnu tools arm embedded/6.2 2016q4/bin/../lib/gcc/arm-none-eabi/6.2.1/../../../../arm-none-eabi/lib/thumb/v7-m\libg_nano.a(lib_a-nano-freer.o)
 .debug_frame   0x00003054       0x2c c:/program files (x86)/gnu tools arm embedded/6.2 2016q4/bin/../lib/gcc/arm-none-eabi/6.2.1/../../../../arm-none-eabi/lib/thumb/v7-m\libg_nano.a(lib_a-nano-mallocr.o)
 .debug_frame   0x00003080       0x3c c:/program files (x86)/gnu tools arm embedded/6.2 2016q4/bin/../lib/gcc/arm-none-eabi/6.2.1/../../../../arm-none-eabi/lib/thumb/v7-m\libg_nano.a(lib_a-nano-reallocr.o)
 .debug_frame   0x000030bc       0x2c c:/program files (x86)/gnu tools arm embedded/6.2 2016q4/bin/../lib/gcc/arm-none-eabi/6.2.1/../../../../arm-none-eabi/lib/thumb/v7-m\libg_nano.a(lib_a-sbrkr.o)
 .debug_frame   0x000030e8       0x30 c:/program files (x86)/gnu tools arm embedded/6.2 2016q4/bin/../lib/gcc/arm-none-eabi/6.2.1/../../../../arm-none-eabi/lib/thumb/v7-m\libg_nano.a(lib_a-mlock.o)
 .debug_frame   0x00003118       0x20 c:/program files (x86)/gnu tools arm embedded/6.2 2016q4/bin/../lib/gcc/arm-none-eabi/6.2.1/../../../../arm-none-eabi/lib/thumb/v7-m\libg_nano.a(lib_a-nano-msizer.o)

.debug_str      0x00000000    0x5cd0b
 *(.debug_str)
 .debug_str     0x00000000    0x4e4ec ./system/src/stm32f1-stdperiph/misc.o
                              0x4e675 (size before relaxing)
 .debug_str     0x0004e4ec      0x6ef ./system/src/stm32f1-stdperiph/stm32f10x_dma.o
                              0x4eb1e (size before relaxing)
 .debug_str     0x0004ebdb      0x5c3 ./system/src/stm32f1-stdperiph/stm32f10x_gpio.o
                              0x4e9f3 (size before relaxing)
 .debug_str     0x0004f19e      0x111 ./system/src/stm32f1-stdperiph/stm32f10x_iwdg.o
                              0x4e520 (size before relaxing)
 .debug_str     0x0004f2af      0xb4a ./system/src/stm32f1-stdperiph/stm32f10x_rcc.o
                              0x4efc2 (size before relaxing)
 .debug_str     0x0004fdf9      0x9c3 ./system/src/stm32f1-stdperiph/stm32f10x_sdio.o
                              0x4ee0e (size before relaxing)
 .debug_str     0x000507bc      0xc13 ./system/src/stm32f1-stdperiph/stm32f10x_tim.o
                              0x4f10e (size before relaxing)
 .debug_str     0x000513cf      0x7f8 ./system/src/stm32f1-stdperiph/stm32f10x_usart.o
                              0x4ed2c (size before relaxing)
 .debug_str     0x00051bc7     0x4c49 ./system/src/newlib/_exit.o
                               0x73b8 (size before relaxing)
 .debug_str     0x00056810      0x4f5 ./system/src/newlib/_sbrk.o
                               0x6783 (size before relaxing)
 .debug_str     0x00056d05      0x25b ./system/src/newlib/_startup.o
                               0x5f42 (size before relaxing)
 .debug_str     0x00056f60      0xe2c ./system/src/newlib/_syscalls.o
                               0x75ff (size before relaxing)
 .debug_str     0x00057d8c       0xd0 ./system/src/newlib/assert.o
                               0x7ebd (size before relaxing)
 .debug_str     0x00057e5c      0x883 ./system/src/diag/Trace.o
                               0x7b9e (size before relaxing)
 .debug_str     0x000586df      0x37b ./system/src/diag/trace_impl.o
                              0x523bd (size before relaxing)
 .debug_str     0x00058a5a       0x5e ./system/src/cortexm/_initialize_hardware.o
                              0x4e4dd (size before relaxing)
 .debug_str     0x00058ab8      0x19d ./system/src/cortexm/exception_handlers.o
                              0x53555 (size before relaxing)
 .debug_str     0x00058c55       0x96 ./system/src/cmsis/system_stm32f10x.o
                              0x4e577 (size before relaxing)
 .debug_str     0x00058ceb       0x57 ./system/src/cmsis/vectors_stm32f10x.o
                               0x30f9 (size before relaxing)
 .debug_str     0x00058d42     0x21a6 ./src/ff9/bsp_sdio_sdcard.o
                              0x50bbb (size before relaxing)
 .debug_str     0x0005aee8      0x566 ./src/ff9/cc936.o
                               0x2b6c (size before relaxing)
 .debug_str     0x0005b44e      0x20b ./src/ff9/diskio.o
                              0x4f4e2 (size before relaxing)
 .debug_str     0x0005b659      0xa7d ./src/ff9/ff.o
                               0x3808 (size before relaxing)
 .debug_str     0x0005c0d6      0x800 ./src/8285_download_protocol.o
                              0x53008 (size before relaxing)
 .debug_str     0x0005c8d6       0x6f ./src/Data_pool.o
                              0x4e4ed (size before relaxing)
 .debug_str     0x0005c945       0x1c ./src/bsp_iwdg.o
                              0x4e49b (size before relaxing)
 .debug_str     0x0005c961       0xce ./src/bsp_time_delay.o
                              0x5302a (size before relaxing)
 .debug_str     0x0005ca2f       0xde ./src/bsp_usart.o
                              0x53120 (size before relaxing)
 .debug_str     0x0005cb0d       0xdf ./src/clib.o
                               0x319d (size before relaxing)
 .debug_str     0x0005cbec       0x1d ./src/download_data_array.o
                              0x4e454 (size before relaxing)
 .debug_str     0x0005cc09      0x102 ./src/main.o
                              0x55207 (size before relaxing)

.debug_loc      0x00000000     0xc433
 *(.debug_loc)
 .debug_loc     0x00000000      0x16a ./system/src/stm32f1-stdperiph/misc.o
 .debug_loc     0x0000016a      0x36d ./system/src/stm32f1-stdperiph/stm32f10x_dma.o
 .debug_loc     0x000004d7      0x8ae ./system/src/stm32f1-stdperiph/stm32f10x_gpio.o
 .debug_loc     0x00000d85       0xfa ./system/src/stm32f1-stdperiph/stm32f10x_iwdg.o
 .debug_loc     0x00000e7f      0x9cf ./system/src/stm32f1-stdperiph/stm32f10x_rcc.o
 .debug_loc     0x0000184e      0x448 ./system/src/stm32f1-stdperiph/stm32f10x_sdio.o
 .debug_loc     0x00001c96     0x2635 ./system/src/stm32f1-stdperiph/stm32f10x_tim.o
 .debug_loc     0x000042cb      0xc98 ./system/src/stm32f1-stdperiph/stm32f10x_usart.o
 .debug_loc     0x00004f63       0x85 ./system/src/newlib/_sbrk.o
 .debug_loc     0x00004fe8      0x19e ./system/src/newlib/_startup.o
 .debug_loc     0x00005186       0x63 ./system/src/newlib/_syscalls.o
 .debug_loc     0x000051e9      0x134 ./system/src/newlib/assert.o
 .debug_loc     0x0000531d       0xf6 ./system/src/diag/Trace.o
 .debug_loc     0x00005413      0x121 ./system/src/diag/trace_impl.o
 .debug_loc     0x00005534      0x291 ./system/src/cortexm/exception_handlers.o
 .debug_loc     0x000057c5       0xdf ./system/src/cmsis/system_stm32f10x.o
 .debug_loc     0x000058a4     0x1324 ./src/ff9/bsp_sdio_sdcard.o
 .debug_loc     0x00006bc8      0x18b ./src/ff9/cc936.o
 .debug_loc     0x00006d53      0x264 ./src/ff9/diskio.o
 .debug_loc     0x00006fb7     0x35eb ./src/ff9/ff.o
 .debug_loc     0x0000a5a2      0xf2a ./src/8285_download_protocol.o
 .debug_loc     0x0000b4cc      0x28d ./src/Data_pool.o
 .debug_loc     0x0000b759       0x79 ./src/bsp_time_delay.o
 .debug_loc     0x0000b7d2      0x317 ./src/bsp_usart.o
 .debug_loc     0x0000bae9      0x855 ./src/clib.o
 .debug_loc     0x0000c33e       0xf5 ./src/main.o

.debug_macinfo
 *(.debug_macinfo)

.debug_weaknames
 *(.debug_weaknames)

.debug_funcnames
 *(.debug_funcnames)

.debug_typenames
 *(.debug_typenames)

.debug_varnames
 *(.debug_varnames)
OUTPUT(stm32_offline_download_rst.elf elf32-littlearm)

.debug_ranges   0x00000000      0xea8
 .debug_ranges  0x00000000       0x30 ./system/src/stm32f1-stdperiph/misc.o
 .debug_ranges  0x00000030       0x60 ./system/src/stm32f1-stdperiph/stm32f10x_dma.o
 .debug_ranges  0x00000090       0x98 ./system/src/stm32f1-stdperiph/stm32f10x_gpio.o
 .debug_ranges  0x00000128       0x38 ./system/src/stm32f1-stdperiph/stm32f10x_iwdg.o
 .debug_ranges  0x00000160      0x108 ./system/src/stm32f1-stdperiph/stm32f10x_rcc.o
 .debug_ranges  0x00000268       0xf8 ./system/src/stm32f1-stdperiph/stm32f10x_sdio.o
 .debug_ranges  0x00000360      0x2e0 ./system/src/stm32f1-stdperiph/stm32f10x_tim.o
 .debug_ranges  0x00000640       0xf0 ./system/src/stm32f1-stdperiph/stm32f10x_usart.o
 .debug_ranges  0x00000730       0x18 ./system/src/newlib/_exit.o
 .debug_ranges  0x00000748       0x10 ./system/src/newlib/_sbrk.o
 .debug_ranges  0x00000758       0x78 ./system/src/newlib/_startup.o
 .debug_ranges  0x000007d0       0x20 ./system/src/newlib/_syscalls.o
 .debug_ranges  0x000007f0       0x18 ./system/src/newlib/assert.o
 .debug_ranges  0x00000808       0x28 ./system/src/diag/Trace.o
 .debug_ranges  0x00000830       0x38 ./system/src/diag/trace_impl.o
 .debug_ranges  0x00000868       0x18 ./system/src/cortexm/_initialize_hardware.o
 .debug_ranges  0x00000880       0x80 ./system/src/cortexm/exception_handlers.o
 .debug_ranges  0x00000900       0x28 ./system/src/cmsis/system_stm32f10x.o
 .debug_ranges  0x00000928       0x10 ./system/src/cmsis/vectors_stm32f10x.o
 .debug_ranges  0x00000938      0x138 ./src/ff9/bsp_sdio_sdcard.o
 .debug_ranges  0x00000a70       0x18 ./src/ff9/cc936.o
 .debug_ranges  0x00000a88       0x38 ./src/ff9/diskio.o
 .debug_ranges  0x00000ac0      0x170 ./src/ff9/ff.o