Archive member included to satisfy reference by file (symbol)

c:/program files (x86)/gnu tools arm embedded/6.2 2016q4/bin/../lib/gcc/arm-none-eabi/6.2.1/thumb/v7-m\libgcc.a(_arm_muldivdf3.o)
                              ./src/clib.o (__aeabi_dmul)
c:/program files (x86)/gnu tools arm embedded/6.2 2016q4/bin/../lib/gcc/arm-none-eabi/6.2.1/thumb/v7-m\libgcc.a(_arm_fixunsdfsi.o)
                              ./src/clib.o (__aeabi_d2uiz)
c:/program files (x86)/gnu tools arm embedded/6.2 2016q4/bin/../lib/gcc/arm-none-eabi/6.2.1/../../../../arm-none-eabi/lib/thumb/v7-m\libg_nano.a(lib_a-errno.o)
                              ./system/src/newlib/_sbrk.o (__errno)
c:/program files (x86)/gnu tools arm embedded/6.2 2016q4/bin/../lib/gcc/arm-none-eabi/6.2.1/../../../../arm-none-eabi/lib/thumb/v7-m\libg_nano.a(lib_a-impure.o)
                              c:/program files (x86)/gnu tools arm embedded/6.2 2016q4/bin/../lib/gcc/arm-none-eabi/6.2.1/../../../../arm-none-eabi/lib/thumb/v7-m\libg_nano.a(lib_a-errno.o) (_impure_ptr)
c:/program files (x86)/gnu tools arm embedded/6.2 2016q4/bin/../lib/gcc/arm-none-eabi/6.2.1/../../../../arm-none-eabi/lib/thumb/v7-m\libg_nano.a(lib_a-memset.o)
                              ./src/8285_download_protocol.o (memset)
c:/program files (x86)/gnu tools arm embedded/6.2 2016q4/bin/../lib/gcc/arm-none-eabi/6.2.1/../../../../arm-none-eabi/lib/thumb/v7-m\libg_nano.a(lib_a-strlen.o)
                              ./system/src/diag/Trace.o (strlen)
c:/program files (x86)/gnu tools arm embedded/6.2 2016q4/bin/../lib/gcc/arm-none-eabi/6.2.1/../../../../arm-none-eabi/lib/thumb/v7-m\libg_nano.a(lib_a-vsnprintf.o)
                              ./system/src/diag/Trace.o (vsnprintf)
c:/program files (x86)/gnu tools arm embedded/6.2 2016q4/bin/../lib/gcc/arm-none-eabi/6.2.1/../../../../arm-none-eabi/lib/thumb/v7-m\libg_nano.a(lib_a-nano-svfprintf.o)
                              c:/program files (x86)/gnu tools arm embedded/6.2 2016q4/bin/../lib/gcc/arm-none-eabi/6.2.1/../../../../arm-none-eabi/lib/thumb/v7-m\libg_nano.a(lib_a-vsnprintf.o) (_svfprintf_r)
c:/program files (x86)/gnu tools arm embedded/6.2 2016q4/bin/../lib/gcc/arm-none-eabi/6.2.1/../../../../arm-none-eabi/lib/thumb/v7-m\libg_nano.a(lib_a-nano-vfprintf_i.o)
                              c:/program files (x86)/gnu tools arm embedded/6.2 2016q4/bin/../lib/gcc/arm-none-eabi/6.2.1/../../../../arm-none-eabi/lib/thumb/v7-m\libg_nano.a(lib_a-nano-svfprintf.o) (_printf_i)
c:/program files (x86)/gnu tools arm embedded/6.2 2016q4/bin/../lib/gcc/arm-none-eabi/6.2.1/../../../../arm-none-eabi/lib/thumb/v7-m\libg_nano.a(lib_a-memchr-stub.o)
                              c:/program files (x86)/gnu tools arm embedded/6.2 2016q4/bin/../lib/gcc/arm-none-eabi/6.2.1/../../../../arm-none-eabi/lib/thumb/v7-m\libg_nano.a(lib_a-nano-svfprintf.o) (memchr)
c:/program files (x86)/gnu tools arm embedded/6.2 2016q4/bin/../lib/gcc/arm-none-eabi/6.2.1/../../../../arm-none-eabi/lib/thumb/v7-m\libg_nano.a(lib_a-memcpy-stub.o)
                              c:/program files (x86)/gnu tools arm embedded/6.2 2016q4/bin/../lib/gcc/arm-none-eabi/6.2.1/../../../../arm-none-eabi/lib/thumb/v7-m\libg_nano.a(lib_a-nano-svfprintf.o) (memcpy)
c:/program files (x86)/gnu tools arm embedded/6.2 2016q4/bin/../lib/gcc/arm-none-eabi/6.2.1/../../../../arm-none-eabi/lib/thumb/v7-m\libg_nano.a(lib_a-memmove.o)
                              c:/program files (x86)/gnu tools arm embedded/6.2 2016q4/bin/../lib/gcc/arm-none-eabi/6.2.1/../../../../arm-none-eabi/lib/thumb/v7-m\libg_nano.a(lib_a-nano-svfprintf.o) (memmove)
c:/program files (x86)/gnu tools arm embedded/6.2 2016q4/bin/../lib/gcc/arm-none-eabi/6.2.1/../../../../arm-none-eabi/lib/thumb/v7-m\libg_nano.a(lib_a-nano-freer.o)
                              c:/program files (x86)/gnu tools arm embedded/6.2 2016q4/bin/../lib/gcc/arm-none-eabi/6.2.1/../../../../arm-none-eabi/lib/thumb/v7-m\libg_nano.a(lib_a-nano-svfprintf.o) (_free_r)
c:/program files (x86)/gnu tools arm embedded/6.2 2016q4/bin/../lib/gcc/arm-none-eabi/6.2.1/../../../../arm-none-eabi/lib/thumb/v7-m\libg_nano.a(lib_a-nano-mallocr.o)
                              c:/program files (x86)/gnu tools arm embedded/6.2 2016q4/bin/../lib/gcc/arm-none-eabi/6.2.1/../../../../arm-none-eabi/lib/thumb/v7-m\libg_nano.a(lib_a-nano-svfprintf.o) (_malloc_r)
c:/program files (x86)/gnu tools arm embedded/6.2 2016q4/bin/../lib/gcc/arm-none-eabi/6.2.1/../../../../arm-none-eabi/lib/thumb/v7-m\libg_nano.a(lib_a-nano-reallocr.o)
                              c:/program files (x86)/gnu tools arm embedded/6.2 2016q4/bin/../lib/gcc/arm-none-eabi/6.2.1/../../../../arm-none-eabi/lib/thumb/v7-m\libg_nano.a(lib_a-nano-svfprintf.o) (_realloc_r)
c:/program files (x86)/gnu tools arm embedded/6.2 2016q4/bin/../lib/gcc/arm-none-eabi/6.2.1/../../../../arm-none-eabi/lib/thumb/v7-m\libg_nano.a(lib_a-sbrkr.o)
[...]
Memory Configuration

Name             Origin             Length             Attributes
RAM              0x20000000         0x0000c000         xrw
CCMRAM           0x00000000         0x00000000         xrw
FLASH            0x08000000         0x00040000         xr
FLASHB1          0x00000000         0x00000000         xr
EXTMEMB0         0x00000000         0x00000000         xr
EXTMEMB1         0x00000000         0x00000000         xr
EXTMEMB2         0x00000000         0x00000000         xr
EXTMEMB3         0x00000000         0x00000000         xr
MEMORY_ARRAY     0x00000000         0x00000000         xrw
*default*        0x00000000         0xffffffff

Linker script and memory map

LOAD ./system/src/stm32f1-stdperiph/misc.o
LOAD ./system/src/stm32f1-stdperiph/stm32f10x_dma.o
LOAD ./system/src/stm32f1-stdperiph/stm32f10x_gpio.o
LOAD ./system/src/stm32f1-stdperiph/stm32f10x_iwdg.o
LOAD ./system/src/stm32f1-stdperiph/stm32f10x_rcc.o
LOAD ./system/src/stm32f1-stdperiph/stm32f10x_sdio.o
LOAD ./system/src/stm32f1-stdperiph/stm32f10x_tim.o
LOAD ./system/src/stm32f1-stdperiph/stm32f10x_usart.o
LOAD ./system/src/newlib/_cxx.o
LOAD ./system/src/newlib/_exit.o
LOAD ./system/src/newlib/_sbrk.o
LOAD ./system/src/newlib/_startup.o
LOAD ./system/src/newlib/_syscalls.o
LOAD ./system/src/newlib/assert.o
LOAD ./system/src/diag/Trace.o
LOAD ./system/src/diag/trace_impl.o
LOAD ./system/src/cortexm/_initialize_hardware.o
LOAD ./system/src/cortexm/_reset_hardware.o
LOAD ./system/src/cortexm/exception_handlers.o
LOAD ./system/src/cmsis/system_stm32f10x.o
LOAD ./system/src/cmsis/vectors_stm32f10x.o
LOAD ./src/ff9/bsp_sdio_sdcard.o
LOAD ./src/ff9/cc936.o
LOAD ./src/ff9/diskio.o
LOAD ./src/ff9/ff.o
LOAD ./src/8285_download_protocol.o
LOAD ./src/Data_pool.o
LOAD ./src/_write.o
LOAD ./src/bsp_iwdg.o
LOAD ./src/bsp_time_delay.o
LOAD ./src/bsp_usart.o
LOAD ./src/clib.o
LOAD ./src/download_data_array.o
LOAD ./src/main.o
LOAD c:/program files (x86)/gnu tools arm embedded/6.2 2016q4/bin/../lib/gcc/arm-none-eabi/6.2.1/../../../../arm-none-eabi/lib/thumb/v7-m\libstdc++_nano.a
LOAD c:/program files (x86)/gnu tools arm embedded/6.2 2016q4/bin/../lib/gcc/arm-none-eabi/6.2.1/../../../../arm-none-eabi/lib/thumb/v7-m\libm.a
START GROUP
LOAD c:/program files (x86)/gnu tools arm embedded/6.2 2016q4/bin/../lib/gcc/arm-none-eabi/6.2.1/thumb/v7-m\libgcc.a
LOAD c:/program files (x86)/gnu tools arm embedded/6.2 2016q4/bin/../lib/gcc/arm-none-eabi/6.2.1/../../../../arm-none-eabi/lib/thumb/v7-m\libg_nano.a
LOAD c:/program files (x86)/gnu tools arm embedded/6.2 2016q4/bin/../lib/gcc/arm-none-eabi/6.2.1/../../../../arm-none-eabi/lib/thumb/v7-m\libc_nano.a
END GROUP
START GROUP
LOAD c:/program files (x86)/gnu tools arm embedded/6.2 2016q4/bin/../lib/gcc/arm-none-eabi/6.2.1/thumb/v7-m\libgcc.a
LOAD c:/program files (x86)/gnu tools arm embedded/6.2 2016q4/bin/../lib/gcc/arm-none-eabi/6.2.1/../../../../arm-none-eabi/lib/thumb/v7-m\libc_nano.a
END GROUP
                0x2000c000                __stack = (ORIGIN (RAM) + LENGTH (RAM))
                0x2000c000                _estack = __stack
                0x00000400                __Main_Stack_Size = 0x400
                [!provide]                PROVIDE (_Main_Stack_Size, __Main_Stack_Size)
                0x2000bc00                __Main_Stack_Limit = (__stack - __Main_Stack_Size)
                [!provide]                PROVIDE (_Main_Stack_Limit, __Main_Stack_Limit)
                0x00000100                _Minimum_Stack_Size = 0x100
                0x200083c4                PROVIDE (_Heap_Begin, _end_noinit)
                0x2000bc00                PROVIDE (_Heap_Limit, (__stack - __Main_Stack_Size))

.isr_vector     0x08000000      0x428
 FILL mask 0xff
                0x08000000                __vectors_start = ABSOLUTE (.)
                0x08000000                __vectors_start__ = ABSOLUTE (.)
 *(.isr_vector)
 .isr_vector    0x08000000      0x1e4 ./system/src/cmsis/vectors_stm32f10x.o
                0x08000000                __isr_vectors
 *(.cfmconfig)
 *(.after_vectors .after_vectors.*)
 .after_vectors
                0x080001e4      0x114 ./system/src/newlib/_startup.o
                0x080001e4                _start
 .after_vectors
                0x080002f8      0x12c ./system/src/cortexm/exception_handlers.o
                0x080002f8                Reset_Handler
                0x080002fe                NMI_Handler
                0x08000302                HardFault_Handler
                0x08000316                HardFault_Handler_C
                0x08000374                MemManage_Handler
                0x08000378                BusFault_Handler
                0x0800038c                BusFault_Handler_C
                0x080003c0                UsageFault_Handler
                0x080003d4                UsageFault_Handler_C
                0x08000408                SVC_Handler
                0x0800040c                DebugMon_Handler
                0x08000410                PendSV_Handler
                0x08000414                SysTick_Handler
 .after_vectors
                0x08000424        0x4 ./system/src/cmsis/vectors_stm32f10x.o
                0x08000424                EXTI2_IRQHandler
                0x08000424                TIM8_TRG_COM_IRQHandler
                0x08000424                TIM8_CC_IRQHandler
                0x08000424                TIM1_CC_IRQHandler
                0x08000424                TIM6_IRQHandler
                0x08000424                PVD_IRQHandler
                0x08000424                CAN2_RX1_IRQHandler
                0x08000424                EXTI3_IRQHandler
                0x08000424                TIM8_TRG_COM_TIM14_IRQHandler
                0x08000424                TIM1_UP_TIM10_IRQHandler
                0x08000424                TIM8_UP_TIM13_IRQHandler
                0x08000424                EXTI0_IRQHandler
                0x08000424                I2C2_EV_IRQHandler
                0x08000424                CAN1_RX0_IRQHandler
                0x08000424                TIM1_UP_TIM16_IRQHandler
                0x08000424                CAN2_SCE_IRQHandler
                0x08000424                ADC1_2_IRQHandler
                0x08000424                SPI1_IRQHandler
                0x08000424                TAMPER_IRQHandler
                0x08000424                TIM6_DAC_IRQHandler
                0x08000424                TIM1_BRK_TIM9_IRQHandler
                0x08000424                CAN2_RX0_IRQHandler
                0x08000424                TIM8_UP_IRQHandler
                0x08000424                DMA2_Channel2_IRQHandler
                0x08000424                DMA1_Channel4_IRQHandler
                0x08000424                USART3_IRQHandler
                0x08000424                RTC_IRQHandler
                0x08000424                DMA1_Channel7_IRQHandler
                0x08000424                CAN1_RX1_IRQHandler
                0x08000424                UART5_IRQHandler
                0x08000424                ADC3_IRQHandler
                0x08000424                TIM4_IRQHandler
                0x08000424                DMA2_Channel1_IRQHandler
                0x08000424                I2C1_EV_IRQHandler
                0x08000424                DMA1_Channel6_IRQHandler
                0x08000424                UART4_IRQHandler
                0x08000424                DMA2_Channel4_IRQHandler
                0x08000424                TIM3_IRQHandler
                0x08000424                RCC_IRQHandler
                0x08000424                TIM8_BRK_TIM12_IRQHandler
                0x08000424                TIM1_TRG_COM_IRQHandler
                0x08000424                DMA1_Channel1_IRQHandler
                0x08000424                Default_Handler
                0x08000424                CEC_IRQHandler
                0x08000424                EXTI15_10_IRQHandler
                0x08000424                TIM14_IRQHandler
                0x08000424                TIM13_IRQHandler
                0x08000424                TIM12_IRQHandler
                0x08000424                TIM7_IRQHandler
                0x08000424                CAN2_TX_IRQHandler
                0x08000424                TIM5_IRQHandler
                0x08000424                EXTI9_5_IRQHandler
                0x08000424                ETH_WKUP_IRQHandler
                0x08000424                SPI2_IRQHandler
                0x08000424                CAN1_TX_IRQHandler
                0x08000424                DMA2_Channel5_IRQHandler
                0x08000424                DMA1_Channel5_IRQHandler
                0x08000424                EXTI4_IRQHandler
                0x08000424                USB_LP_CAN1_RX0_IRQHandler
                0x08000424                TIM1_TRG_COM_TIM17_IRQHandler
                0x08000424                USB_HP_CAN1_TX_IRQHandler
                0x08000424                DMA1_Channel3_IRQHandler
                0x08000424                FSMC_IRQHandler
                0x08000424                ETH_IRQHandler
                0x08000424                TIM1_UP_IRQHandler
                0x08000424                WWDG_IRQHandler
                0x08000424                OTG_FS_WKUP_IRQHandler
                0x08000424                TIM1_TRG_COM_TIM11_IRQHandler
                0x08000424                TIM1_BRK_IRQHandler
                0x08000424                EXTI1_IRQHandler
                0x08000424                RTCAlarm_IRQHandler
                0x08000424                DMA2_Channel4_5_IRQHandler
                0x08000424                I2C2_ER_IRQHandler
                0x08000424                DMA1_Channel2_IRQHandler
                0x08000424                TIM8_BRK_IRQHandler
                0x08000424                CAN1_SCE_IRQHandler
                0x08000424                FLASH_IRQHandler
                0x08000424                OTG_FS_IRQHandler
                0x08000424                SPI3_IRQHandler
                0x08000424                I2C1_ER_IRQHandler
                0x08000424                USBWakeUp_IRQHandler
                0x08000424                DMA2_Channel3_IRQHandler
                0x08000424                TIM1_BRK_TIM15_IRQHandler

.inits          0x08000428       0x28
                0x08000428                __data_regions_array_start = .
                0x08000428        0x4 LONG 0x8032018 LOADADDR (.data)
                0x0800042c        0x4 LONG 0x20000000 ADDR (.data)
                0x08000430        0x4 LONG 0x200041c4 (ADDR (.data) + SIZEOF (.data))
                0x08000434        0x4 LONG 0x8032018 LOADADDR (.data_CCMRAM)
                0x08000438        0x4 LONG 0x0 ADDR (.data_CCMRAM)
                0x0800043c        0x4 LONG 0x0 (ADDR (.data_CCMRAM) + SIZEOF (.data_CCMRAM))
                0x08000440                __data_regions_array_end = .
                0x08000440                __bss_regions_array_start = .
                0x08000440        0x4 LONG 0x200041c4 ADDR (.bss)
                0x08000444        0x4 LONG 0x200083c4 (ADDR (.bss) + SIZEOF (.bss))
                0x08000448        0x4 LONG 0x0 ADDR (.bss_CCMRAM)
                0x0800044c        0x4 LONG 0x0 (ADDR (.bss_CCMRAM) + SIZEOF (.bss_CCMRAM))
                0x08000450                __bss_regions_array_end = .
 *(.init)
 *(.fini)
                0x08000450                . = ALIGN (0x4)
                0x08000450                PROVIDE (__preinit_array_start, .)
 *(.preinit_array_sysinit .preinit_array_sysinit.*)
 *(.preinit_array_platform .preinit_array_platform.*)
 *(.preinit_array .preinit_array.*)
                0x08000450                PROVIDE (__preinit_array_end, .)
                0x08000450                . = ALIGN (0x4)
                0x08000450                PROVIDE (__init_array_start, .)
 *(SORT(.init_array.*))
 *(.init_array)
                0x08000450                PROVIDE (__init_array_end, .)
                0x08000450                . = ALIGN (0x4)
                0x08000450                PROVIDE (__fini_array_start, .)
 *(SORT(.fini_array.*))
 *(.fini_array)
                0x08000450                PROVIDE (__fini_array_end, .)

.flashtext
 *(.flashtext .flashtext.*)

.text           0x08000450    0x31bc7
 *(.text .text.*)
 .text.NVIC_PriorityGroupConfig
                0x08000450       0x40 ./system/src/stm32f1-stdperiph/misc.o
                0x08000450                NVIC_PriorityGroupConfig
 .text.NVIC_Init
                0x08000490       0x9c ./system/src/stm32f1-stdperiph/misc.o
                0x08000490                NVIC_Init
 .text.DMA_Init
                0x0800052c      0x168 ./system/src/stm32f1-stdperiph/stm32f10x_dma.o
                0x0800052c                DMA_Init
 .text.DMA_Cmd  0x08000694       0x8c ./system/src/stm32f1-stdperiph/stm32f10x_dma.o
                0x08000694                DMA_Cmd
 .text.DMA_GetFlagStatus
                0x08000720      0x170 ./system/src/stm32f1-stdperiph/stm32f10x_dma.o
                0x08000720                DMA_GetFlagStatus
 .text.DMA_ClearFlag
                0x08000890       0x40 ./system/src/stm32f1-stdperiph/stm32f10x_dma.o
                0x08000890                DMA_ClearFlag
 .text.GPIO_Init
                0x080008d0      0x130 ./system/src/stm32f1-stdperiph/stm32f10x_gpio.o
                0x080008d0                GPIO_Init
 .text.GPIO_ReadInputDataBit
                0x08000a00       0xb8 ./system/src/stm32f1-stdperiph/stm32f10x_gpio.o
                0x08000a00                GPIO_ReadInputDataBit
 .text.GPIO_SetBits
                0x08000ab8       0x60 ./system/src/stm32f1-stdperiph/stm32f10x_gpio.o
                0x08000ab8                GPIO_SetBits
 .text.GPIO_ResetBits
                0x08000b18       0x60 ./system/src/stm32f1-stdperiph/stm32f10x_gpio.o
                0x08000b18                GPIO_ResetBits
 .text.IWDG_WriteAccessCmd
                0x08000b78       0x28 ./system/src/stm32f1-stdperiph/stm32f10x_iwdg.o
                0x08000b78                IWDG_WriteAccessCmd
 .text.IWDG_SetPrescaler
                0x08000ba0       0x20 ./system/src/stm32f1-stdperiph/stm32f10x_iwdg.o
                0x08000ba0                IWDG_SetPrescaler
 .text.IWDG_SetReload
                0x08000bc0       0x24 ./system/src/stm32f1-stdperiph/stm32f10x_iwdg.o
                0x08000bc0                IWDG_SetReload
 .text.IWDG_ReloadCounter
                0x08000be4       0x10 ./system/src/stm32f1-stdperiph/stm32f10x_iwdg.o
                0x08000be4                IWDG_ReloadCounter
 .text.IWDG_Enable
                0x08000bf4       0x10 ./system/src/stm32f1-stdperiph/stm32f10x_iwdg.o
                0x08000bf4                IWDG_Enable
 .text.RCC_DeInit
                0x08000c04       0x40 ./system/src/stm32f1-stdperiph/stm32f10x_rcc.o
                0x08000c04                RCC_DeInit
 .text.RCC_HSEConfig
                0x08000c44       0x5c ./system/src/stm32f1-stdperiph/stm32f10x_rcc.o
                0x08000c44                RCC_HSEConfig
 .text.RCC_PLLConfig
                0x08000ca0       0x98 ./system/src/stm32f1-stdperiph/stm32f10x_rcc.o
                0x08000ca0                RCC_PLLConfig
 .text.RCC_PLLCmd
                0x08000d38       0x20 ./system/src/stm32f1-stdperiph/stm32f10x_rcc.o
                0x08000d38                RCC_PLLCmd
 .text.RCC_SYSCLKConfig
                0x08000d58       0x2c ./system/src/stm32f1-stdperiph/stm32f10x_rcc.o
                0x08000d58                RCC_SYSCLKConfig
 .text.RCC_GetSYSCLKSource
                0x08000d84       0x10 ./system/src/stm32f1-stdperiph/stm32f10x_rcc.o
                0x08000d84                RCC_GetSYSCLKSource
 .text.RCC_HCLKConfig
                0x08000d94       0x48 ./system/src/stm32f1-stdperiph/stm32f10x_rcc.o
                0x08000d94                RCC_HCLKConfig
 .text.RCC_PCLK1Config
                0x08000ddc       0x40 ./system/src/stm32f1-stdperiph/stm32f10x_rcc.o
                0x08000ddc                RCC_PCLK1Config
 .text.RCC_PCLK2Config
                0x08000e1c       0x40 ./system/src/stm32f1-stdperiph/stm32f10x_rcc.o
                0x08000e1c                RCC_PCLK2Config
 .text.RCC_LSICmd
                0x08000e5c       0x20 ./system/src/stm32f1-stdperiph/stm32f10x_rcc.o
                0x08000e5c                RCC_LSICmd
 .text.RCC_GetClocksFreq
                0x08000e7c       0xbc ./system/src/stm32f1-stdperiph/stm32f10x_rcc.o
                0x08000e7c                RCC_GetClocksFreq
 .text.RCC_AHBPeriphClockCmd
                0x08000f38       0x4c ./system/src/stm32f1-stdperiph/stm32f10x_rcc.o
                0x08000f38                RCC_AHBPeriphClockCmd
 .text.RCC_APB2PeriphClockCmd
                0x08000f84       0x4c ./system/src/stm32f1-stdperiph/stm32f10x_rcc.o
                0x08000f84                RCC_APB2PeriphClockCmd
 .text.RCC_APB1PeriphClockCmd
                0x08000fd0       0x4c ./system/src/stm32f1-stdperiph/stm32f10x_rcc.o
                0x08000fd0                RCC_APB1PeriphClockCmd
 .text.RCC_GetFlagStatus
                0x0800101c       0x74 ./system/src/stm32f1-stdperiph/stm32f10x_rcc.o
                0x0800101c                RCC_GetFlagStatus
 .text.RCC_WaitForHSEStartUp
                0x08001090       0x34 ./system/src/stm32f1-stdperiph/stm32f10x_rcc.o
                0x08001090                RCC_WaitForHSEStartUp
 .text.SDIO_DeInit
                0x080010c4       0x24 ./system/src/stm32f1-stdperiph/stm32f10x_sdio.o
                0x080010c4                SDIO_DeInit
 .text.SDIO_Init
                0x080010e8       0x94 ./system/src/stm32f1-stdperiph/stm32f10x_sdio.o
                0x080010e8                SDIO_Init
 .text.SDIO_ClockCmd
                0x0800117c       0x20 ./system/src/stm32f1-stdperiph/stm32f10x_sdio.o
                0x0800117c                SDIO_ClockCmd
 .text.SDIO_SetPowerState
                0x0800119c       0x2c ./system/src/stm32f1-stdperiph/stm32f10x_sdio.o
                0x0800119c                SDIO_SetPowerState
 .text.SDIO_GetPowerState
                0x080011c8       0x10 ./system/src/stm32f1-stdperiph/stm32f10x_sdio.o
                0x080011c8                SDIO_GetPowerState
 .text.SDIO_ITConfig
                0x080011d8       0x48 ./system/src/stm32f1-stdperiph/stm32f10x_sdio.o
                0x080011d8                SDIO_ITConfig
 .text.SDIO_DMACmd
                0x08001220       0x20 ./system/src/stm32f1-stdperiph/stm32f10x_sdio.o
                0x08001220                SDIO_DMACmd
 .text.SDIO_SendCommand
                0x08001240       0x88 ./system/src/stm32f1-stdperiph/stm32f10x_sdio.o
                0x08001240                SDIO_SendCommand
 .text.SDIO_GetCommandResponse
                0x080012c8        0xc ./system/src/stm32f1-stdperiph/stm32f10x_sdio.o
                0x080012c8                SDIO_GetCommandResponse
 .text.SDIO_GetResponse
                0x080012d4       0x38 ./system/src/stm32f1-stdperiph/stm32f10x_sdio.o
                0x080012d4                SDIO_GetResponse
 .text.SDIO_DataConfig
                0x0800130c       0xc0 ./system/src/stm32f1-stdperiph/stm32f10x_sdio.o
                0x0800130c                SDIO_DataConfig
 .text.SDIO_ReadData
                0x080013cc        0xc ./system/src/stm32f1-stdperiph/stm32f10x_sdio.o
                0x080013cc                SDIO_ReadData
 .text.SDIO_GetFlagStatus
                0x080013d8       0xa4 ./system/src/stm32f1-stdperiph/stm32f10x_sdio.o
                0x080013d8                SDIO_GetFlagStatus
 .text.SDIO_ClearFlag
                0x0800147c       0x28 ./system/src/stm32f1-stdperiph/stm32f10x_sdio.o
                0x0800147c                SDIO_ClearFlag
 .text.SDIO_ClearITPendingBit
                0x080014a4       0x28 ./system/src/stm32f1-stdperiph/stm32f10x_sdio.o
                0x080014a4                SDIO_ClearITPendingBit
 .text.TIM_TimeBaseInit
                0x080014cc      0x15c ./system/src/stm32f1-stdperiph/stm32f10x_tim.o
                0x080014cc                TIM_TimeBaseInit
 .text.TIM_Cmd  0x08001628       0xc8 ./system/src/stm32f1-stdperiph/stm32f10x_tim.o
                0x08001628                TIM_Cmd
 .text.TIM_ITConfig
                0x080016f0       0xd8 ./system/src/stm32f1-stdperiph/stm32f10x_tim.o
                0x080016f0                TIM_ITConfig
 .text.TIM_ClearFlag
                0x080017c8       0xb8 ./system/src/stm32f1-stdperiph/stm32f10x_tim.o
                0x080017c8                TIM_ClearFlag
 .text.TIM_GetITStatus
                0x08001880       0xe0 ./system/src/stm32f1-stdperiph/stm32f10x_tim.o
                0x08001880                TIM_GetITStatus
 .text.TIM_ClearITPendingBit
                0x08001960       0xb8 ./system/src/stm32f1-stdperiph/stm32f10x_tim.o
                0x08001960                TIM_ClearITPendingBit
 .text.USART_Init
                0x08001a18      0x1b0 ./system/src/stm32f1-stdperiph/stm32f10x_usart.o
                0x08001a18                USART_Init
 .text.USART_Cmd
                0x08001bc8       0x68 ./system/src/stm32f1-stdperiph/stm32f10x_usart.o
                0x08001bc8                USART_Cmd
 .text.USART_ITConfig
                0x08001c30       0xf0 ./system/src/stm32f1-stdperiph/stm32f10x_usart.o
                0x08001c30                USART_ITConfig
 .text.USART_SendData
                0x08001d20       0x58 ./system/src/stm32f1-stdperiph/stm32f10x_usart.o
                0x08001d20                USART_SendData
 .text.USART_ReceiveData
                0x08001d78       0x44 ./system/src/stm32f1-stdperiph/stm32f10x_usart.o
                0x08001d78                USART_ReceiveData
 .text.USART_GetFlagStatus
                0x08001dbc       0xac ./system/src/stm32f1-stdperiph/stm32f10x_usart.o
                0x08001dbc                USART_GetFlagStatus
 .text.USART_GetITStatus
                0x08001e68      0x100 ./system/src/stm32f1-stdperiph/stm32f10x_usart.o
                0x08001e68                USART_GetITStatus
 .text.USART_ClearITPendingBit
                0x08001f68       0xa4 ./system/src/stm32f1-stdperiph/stm32f10x_usart.o
                0x08001f68                USART_ClearITPendingBit
 .text._exit    0x0800200c        0x2 ./system/src/newlib/_exit.o
                0x0800200c                _exit
 *fill*         0x0800200e        0x2 
 .text.abort    0x08002010       0x14 ./system/src/newlib/_exit.o
                0x08002010                abort
 .text._sbrk    0x08002024       0x44 ./system/src/newlib/_sbrk.o
                0x08002024                _sbrk
 .text.__initialize_args
                0x08002068       0x10 ./system/src/newlib/_syscalls.o
                0x08002068                __initialize_args
 .text.assert_failed
                0x08002078       0x14 ./system/src/newlib/assert.o
                0x08002078                assert_failed
 .text.trace_printf
                0x0800208c       0x30 ./system/src/diag/Trace.o
                0x0800208c                trace_printf
 .text.trace_puts
                0x080020bc       0x20 ./system/src/diag/Trace.o
                0x080020bc                trace_puts
 .text._trace_write_semihosting_debug
                0x080020dc       0x60 ./system/src/diag/trace_impl.o
 .text.trace_write
                0x0800213c        0x8 ./system/src/diag/trace_impl.o
                0x0800213c                trace_write
 .text.__initialize_hardware_early
                0x08002144       0x18 ./system/src/cortexm/_initialize_hardware.o
                0x08002144                __initialize_hardware_early
 .text.__initialize_hardware
                0x0800215c        0x8 ./system/src/cortexm/_initialize_hardware.o
                0x0800215c                __initialize_hardware
 .text.dumpExceptionStack
                0x08002164       0xf4 ./system/src/cortexm/exception_handlers.o
                0x08002164                dumpExceptionStack
 .text.isSemihosting
                0x08002258       0x20 ./system/src/cortexm/exception_handlers.o
                0x08002258                isSemihosting
 .text.SetSysClockTo72
                0x08002278       0xc4 ./system/src/cmsis/system_stm32f10x.o
 .text.SetSysClock
                0x0800233c        0x8 ./system/src/cmsis/system_stm32f10x.o
 .text.SystemInit
                0x08002344       0x50 ./system/src/cmsis/system_stm32f10x.o
                0x08002344                SystemInit
 .text.SystemCoreClockUpdate
                0x08002394       0x94 ./system/src/cmsis/system_stm32f10x.o
                0x08002394                SystemCoreClockUpdate
 .text.CmdResp1Error
                0x08002428       0x20 ./src/ff9/bsp_sdio_sdcard.o
 .text.GPIO_Configuration
                0x08002448       0x58 ./src/ff9/bsp_sdio_sdcard.o
 .text.CmdError
                0x080024a0       0x28 ./src/ff9/bsp_sdio_sdcard.o
 .text.CmdResp7Error
                0x080024c8       0x48 ./src/ff9/bsp_sdio_sdcard.o
 .text.CmdResp3Error
                0x08002510       0x34 ./src/ff9/bsp_sdio_sdcard.o
 .text.CmdResp2Error
                0x08002544       0x44 ./src/ff9/bsp_sdio_sdcard.o
 .text.CmdResp6Error
                0x08002588       0x84 ./src/ff9/bsp_sdio_sdcard.o
 .text.FindSCR  0x0800260c      0x168 ./src/ff9/bsp_sdio_sdcard.o
 .text.SDEnWideBus
                0x08002774       0xf4 ./src/ff9/bsp_sdio_sdcard.o
 .text.SD_DMA_RxConfig
                0x08002868       0x64 ./src/ff9/bsp_sdio_sdcard.o
 .text.SD_DMA_TxConfig
                0x080028cc       0x64 ./src/ff9/bsp_sdio_sdcard.o
 .text.SD_DMAEndOfTransferStatus
                0x08002930       0x10 ./src/ff9/bsp_sdio_sdcard.o
 .text.NVIC_Configuration
                0x08002940       0x2e ./src/ff9/bsp_sdio_sdcard.o
                0x08002940                NVIC_Configuration
 *fill*         0x0800296e        0x2 
 .text.SD_PowerON
                0x08002970      0x150 ./src/ff9/bsp_sdio_sdcard.o
                0x08002970                SD_PowerON
 .text.SD_InitializeCards
                0x08002ac0      0x110 ./src/ff9/bsp_sdio_sdcard.o
                0x08002ac0                SD_InitializeCards
 .text.SD_GetCardInfo
                0x08002bd0      0x284 ./src/ff9/bsp_sdio_sdcard.o
                0x08002bd0                SD_GetCardInfo
 .text.SD_EnableWideBusOperation
                0x08002e54       0x78 ./src/ff9/bsp_sdio_sdcard.o
                0x08002e54                SD_EnableWideBusOperation
 .text.SD_SelectDeselect
                0x08002ecc       0x2c ./src/ff9/bsp_sdio_sdcard.o
                0x08002ecc                SD_SelectDeselect
 .text.SD_Init  0x08002ef8       0x68 ./src/ff9/bsp_sdio_sdcard.o
                0x08002ef8                SD_Init
 .text.SD_ReadBlock
                0x08002f60       0xd0 ./src/ff9/bsp_sdio_sdcard.o
                0x08002f60                SD_ReadBlock
 .text.SD_ReadMultiBlocks
                0x08003030       0xd8 ./src/ff9/bsp_sdio_sdcard.o
                0x08003030                SD_ReadMultiBlocks
 .text.SD_WaitReadOperation
                0x08003108       0x30 ./src/ff9/bsp_sdio_sdcard.o
                0x08003108                SD_WaitReadOperation
 .text.SD_WriteBlock
                0x08003138       0xcc ./src/ff9/bsp_sdio_sdcard.o
                0x08003138                SD_WriteBlock
 .text.SD_WriteMultiBlocks
                0x08003204      0x134 ./src/ff9/bsp_sdio_sdcard.o
                0x08003204                SD_WriteMultiBlocks
 .text.SD_WaitWriteOperation
                0x08003338       0x38 ./src/ff9/bsp_sdio_sdcard.o
                0x08003338                SD_WaitWriteOperation
 .text.SD_SendStatus
                0x08003370       0x30 ./src/ff9/bsp_sdio_sdcard.o
                0x08003370                SD_SendStatus
 .text.SD_GetState
                0x080033a0       0x22 ./src/ff9/bsp_sdio_sdcard.o
                0x080033a0                SD_GetState
 .text.SD_GetStatus
                0x080033c2       0x1a ./src/ff9/bsp_sdio_sdcard.o
                0x080033c2                SD_GetStatus
 .text.SD_ProcessIRQSrc
                0x080033dc       0x58 ./src/ff9/bsp_sdio_sdcard.o
                0x080033dc                SD_ProcessIRQSrc
 .text.ff_convert
                0x08003434       0x50 ./src/ff9/cc936.o
                0x08003434                ff_convert
 .text.ff_wtoupper
                0x08003484       0x24 ./src/ff9/cc936.o
                0x08003484                ff_wtoupper
 .text.disk_initialize
                0x080034a8       0x16 ./src/ff9/diskio.o
                0x080034a8                disk_initialize
 .text.disk_status
                0x080034be        0x4 ./src/ff9/diskio.o
                0x080034be                disk_status
 .text.disk_read
                0x080034c2       0x3c ./src/ff9/diskio.o
                0x080034c2                disk_read
 .text.disk_write
                0x080034fe       0x3c ./src/ff9/diskio.o
                0x080034fe                disk_write
 .text.disk_ioctl
                0x0800353a        0x4 ./src/ff9/diskio.o
                0x0800353a                disk_ioctl
 .text.get_fattime
                0x0800353e        0x4 ./src/ff9/diskio.o
                0x0800353e                get_fattime
 .text.mem_cpy  0x08003542       0x14 ./src/ff9/ff.o
 .text.mem_set  0x08003556       0x10 ./src/ff9/ff.o
 .text.mem_cmp  0x08003566       0x22 ./src/ff9/ff.o
 .text.chk_chr  0x08003588       0x12 ./src/ff9/ff.o
 *fill*         0x0800359a        0x2 
 .text.fit_lfn  0x0800359c       0x64 ./src/ff9/ff.o
 .text.sum_sfn  0x08003600       0x1c ./src/ff9/ff.o
 .text.move_window
                0x0800361c       0x80 ./src/ff9/ff.o
 .text.check_fs
                0x0800369c       0x90 ./src/ff9/ff.o
 .text.validate
                0x0800372c       0x2e ./src/ff9/ff.o
 *fill*         0x0800375a        0x2 
 .text.chk_mounted
                0x0800375c      0x338 ./src/ff9/ff.o
 .text.create_name
                0x08003a94      0x274 ./src/ff9/ff.o
 .text.cmp_lfn  0x08003d08       0x98 ./src/ff9/ff.o
 .text.sync     0x08003da0       0xbc ./src/ff9/ff.o
 .text.clust2sect
                0x08003e5c       0x18 ./src/ff9/ff.o
                0x08003e5c                clust2sect
 .text.get_fat  0x08003e74       0xe8 ./src/ff9/ff.o
                0x08003e74                get_fat
 .text.dir_sdi  0x08003f5c       0x96 ./src/ff9/ff.o
 .text.put_fat  0x08003ff2      0x11c ./src/ff9/ff.o
                0x08003ff2                put_fat
 .text.create_chain
                0x0800410e       0xb2 ./src/ff9/ff.o
 .text.dir_next
                0x080041c0      0x11a ./src/ff9/ff.o
 .text.dir_find
                0x080042da       0xca ./src/ff9/ff.o
 .text.follow_path
                0x080043a4       0x8e ./src/ff9/ff.o
 .text.remove_chain
                0x08004432       0x64 ./src/ff9/ff.o
 .text.gen_numname
                0x08004496       0x9e ./src/ff9/ff.o
                0x08004496                gen_numname
 .text.dir_register
                0x08004534      0x174 ./src/ff9/ff.o
 .text.f_mount  0x080046a8       0x28 ./src/ff9/ff.o
                0x080046a8                f_mount
 .text.f_open   0x080046d0      0x16e ./src/ff9/ff.o
                0x080046d0                f_open
 .text.f_read   0x0800483e      0x1ae ./src/ff9/ff.o
                0x0800483e                f_read
 .text.f_write  0x080049ec      0x1e8 ./src/ff9/ff.o
                0x080049ec                f_write
 .text.f_sync   0x08004bd4       0xac ./src/ff9/ff.o
                0x08004bd4                f_sync
 .text.f_close  0x08004c80       0x14 ./src/ff9/ff.o
                0x08004c80                f_close
 .text.f_lseek  0x08004c94      0x1aa ./src/ff9/ff.o
                0x08004c94                f_lseek
 .text.Data_formatt_write
                0x08004e3e      0x208 ./src/8285_download_protocol.o
                0x08004e3e                Data_formatt_write
 *fill*         0x08005046        0x2 
 .text.Data_formatt_read
                0x08005048       0x84 ./src/8285_download_protocol.o
                0x08005048                Data_formatt_read
 .text.wait_rxdata_available
                0x080050cc       0x2c ./src/8285_download_protocol.o
                0x080050cc                wait_rxdata_available
 .text.wait_baud_change
                0x080050f8       0x18 ./src/8285_download_protocol.o
                0x080050f8                wait_baud_change
 .text.device_sync
                0x08005110       0x94 ./src/8285_download_protocol.o
                0x08005110                device_sync
 .text.Change_baud_command
                0x080051a4       0x94 ./src/8285_download_protocol.o
                0x080051a4                Change_baud_command
 .text.Erasing_data_command
                0x08005238       0xf0 ./src/8285_download_protocol.o
                0x08005238                Erasing_data_command
 .text.stub_mem_finish
                0x08005328       0x80 ./src/8285_download_protocol.o
                0x08005328                stub_mem_finish
 .text.stub_mem_begin
                0x080053a8       0xb4 ./src/8285_download_protocol.o
                0x080053a8                stub_mem_begin
 .text.stub_mem_block
                0x0800545c       0xa8 ./src/8285_download_protocol.o
                0x0800545c                stub_mem_block
 .text.run_stub
                0x08005504       0x46 ./src/8285_download_protocol.o
                0x08005504                run_stub
 *fill*         0x0800554a        0x2 
 .text.checksum
                0x0800554c       0x48 ./src/8285_download_protocol.o
                0x0800554c                checksum
 .text.send_data_command
                0x08005594      0x134 ./src/8285_download_protocol.o
                0x08005594                send_data_command
 .text.download_bin_operate
                0x080056c8      0x118 ./src/8285_download_protocol.o
                0x080056c8                download_bin_operate
 .text.change_datacsv_info
                0x080057e0       0xac ./src/8285_download_protocol.o
                0x080057e0                change_datacsv_info
 .text.download_data_operate
                0x0800588c      0x1cc ./src/8285_download_protocol.o
                0x0800588c                download_data_operate
 .text.change_sign_info
                0x08005a58       0x20 ./src/8285_download_protocol.o
                0x08005a58                change_sign_info
 .text.download_sign_operate
                0x08005a78       0x68 ./src/8285_download_protocol.o
                0x08005a78                download_sign_operate
 .text.download_data_command
                0x08005ae0       0x30 ./src/8285_download_protocol.o
                0x08005ae0                download_data_command
 .text.update_light_status
                0x08005b10        0xc ./src/8285_download_protocol.o
                0x08005b10                update_light_status
 .text.rst_8266
                0x08005b1c       0x64 ./src/8285_download_protocol.o
                0x08005b1c                rst_8266
 .text.download_start
                0x08005b80      0x108 ./src/8285_download_protocol.o
                0x08005b80                download_start
 .text.initDataPool
                0x08005c88       0x22 ./src/Data_pool.o
                0x08005c88                initDataPool
 .text.updateRing
                0x08005caa        0xe ./src/Data_pool.o
                0x08005caa                updateRing
 .text.write_one_data_to_datapool
                0x08005cb8       0x26 ./src/Data_pool.o
                0x08005cb8                write_one_data_to_datapool
 .text.read_one_data_to_datapool
                0x08005cde       0x2c ./src/Data_pool.o
                0x08005cde                read_one_data_to_datapool
 .text.read_more_data_to_datapool
                0x08005d0a       0x26 ./src/Data_pool.o
                0x08005d0a                read_more_data_to_datapool
 .text.iwdg_init
                0x08005d30       0x32 ./src/bsp_iwdg.o
                0x08005d30                iwdg_init
 .text.iwdg_reload
                0x08005d62        0x8 ./src/bsp_iwdg.o
                0x08005d62                iwdg_reload
 .text.TIM2_Configuration
                0x08005d6a       0x5a ./src/bsp_time_delay.o
                0x08005d6a                TIM2_Configuration
 .text.TIM2_NVIC_Configuration
                0x08005dc4       0x30 ./src/bsp_time_delay.o
                0x08005dc4                TIM2_NVIC_Configuration
 .text.change_light_status
                0x08005df4       0x8c ./src/bsp_time_delay.o
                0x08005df4                change_light_status
 .text.TIM2_IRQHandler
                0x08005e80       0x84 ./src/bsp_time_delay.o
                0x08005e80                TIM2_IRQHandler
 .text.tim_init
                0x08005f04       0x14 ./src/bsp_time_delay.o
                0x08005f04                tim_init
 .text.usart1_change_baud
                0x08005f18       0x44 ./src/bsp_usart.o
                0x08005f18                usart1_change_baud
 .text.usart1_gpio_init
                0x08005f5c       0x4c ./src/bsp_usart.o
                0x08005f5c                usart1_gpio_init
 .text.usart1_nvic_init
                0x08005fa8       0x2e ./src/bsp_usart.o
                0x08005fa8                usart1_nvic_init
 *fill*         0x08005fd6        0x2 
 .text.usart1_init
                0x08005fd8       0x5c ./src/bsp_usart.o
                0x08005fd8                usart1_init
 .text.usart1_write
                0x08006034       0x2c ./src/bsp_usart.o
                0x08006034                usart1_write
 .text.Debug_usart_gpio_init
                0x08006060       0x48 ./src/bsp_usart.o
                0x08006060                Debug_usart_gpio_init
 .text.Debug_usart_nvic_init
                0x080060a8       0x2a ./src/bsp_usart.o
                0x080060a8                Debug_usart_nvic_init
 *fill*         0x080060d2        0x2 
 .text.Debug_usart_init
                0x080060d4       0x5c ./src/bsp_usart.o
                0x080060d4                Debug_usart_init
 .text.Debug_usart_write
                0x08006130       0x30 ./src/bsp_usart.o
                0x08006130                Debug_usart_write
 .text.USART1_IRQHandler
                0x08006160       0x34 ./src/bsp_usart.o
                0x08006160                USART1_IRQHandler
 .text.USART2_IRQHandler
                0x08006194       0x3c ./src/bsp_usart.o
                0x08006194                USART2_IRQHandler
 .text.hex_to_str
                0x080061d0       0x24 ./src/clib.o
                0x080061d0                hex_to_str
 .text.str_to_hex
                0x080061f4       0x6a ./src/clib.o
                0x080061f4                str_to_hex
 *fill*         0x0800625e        0x2 
 .text.system_clk_init
                0x08006260       0x60 ./src/main.o
                0x08006260                system_clk_init
 .text.light_init
                0x080062c0       0x60 ./src/main.o
                0x080062c0                light_init
 .text.input_init
                0x08006320       0x3c ./src/main.o
                0x08006320                input_init
 .text.main     0x0800635c       0xac ./src/main.o
                0x0800635c                main
 .text.SDIO_IRQHandler
                0x08006408        0x8 ./src/main.o
                0x08006408                SDIO_IRQHandler
 .text.__errno  0x08006410        0xc c:/program files (x86)/gnu tools arm embedded/6.2 2016q4/bin/../lib/gcc/arm-none-eabi/6.2.1/../../../../arm-none-eabi/lib/thumb/v7-m\libg_nano.a(lib_a-errno.o)
                0x08006410                __errno
 .text.memset   0x0800641c       0x10 c:/program files (x86)/gnu tools arm embedded/6.2 2016q4/bin/../lib/gcc/arm-none-eabi/6.2.1/../../../../arm-none-eabi/lib/thumb/v7-m\libg_nano.a(lib_a-memset.o)
                0x0800641c                memset
 .text          0x0800642c       0x10 c:/program files (x86)/gnu tools arm embedded/6.2 2016q4/bin/../lib/gcc/arm-none-eabi/6.2.1/../../../../arm-none-eabi/lib/thumb/v7-m\libg_nano.a(lib_a-strlen.o)
                0x0800642c                strlen
 .text._vsnprintf_r
                0x0800643c       0x58 c:/program files (x86)/gnu tools arm embedded/6.2 2016q4/bin/../lib/gcc/arm-none-eabi/6.2.1/../../../../arm-none-eabi/lib/thumb/v7-m\libg_nano.a(lib_a-vsnprintf.o)
                0x0800643c                _vsniprintf_r
                0x0800643c                _vsnprintf_r
 .text.vsnprintf
                0x08006494       0x1c c:/program files (x86)/gnu tools arm embedded/6.2 2016q4/bin/../lib/gcc/arm-none-eabi/6.2.1/../../../../arm-none-eabi/lib/thumb/v7-m\libg_nano.a(lib_a-vsnprintf.o)
                0x08006494                vsniprintf
                0x08006494                vsnprintf
 .text.__ssputs_r
                0x080064b0       0xb6 c:/program files (x86)/gnu tools arm embedded/6.2 2016q4/bin/../lib/gcc/arm-none-eabi/6.2.1/../../../../arm-none-eabi/lib/thumb/v7-m\libg_nano.a(lib_a-nano-svfprintf.o)
                0x080064b0                __ssputs_r
 *fill*         0x08006566        0x2 
 .text._svfprintf_r
                0x08006568      0x1e8 c:/program files (x86)/gnu tools arm embedded/6.2 2016q4/bin/../lib/gcc/arm-none-eabi/6.2.1/../../../../arm-none-eabi/lib/thumb/v7-m\libg_nano.a(lib_a-nano-svfprintf.o)
                0x08006568                _svfiprintf_r
                0x08006568                _svfprintf_r
 .text._printf_common
                0x08006750       0xee c:/program files (x86)/gnu tools arm embedded/6.2 2016q4/bin/../lib/gcc/arm-none-eabi/6.2.1/../../../../arm-none-eabi/lib/thumb/v7-m\libg_nano.a(lib_a-nano-vfprintf_i.o)
                0x08006750                _printf_common
 *fill*         0x0800683e        0x2 
 .text._printf_i
                0x08006840      0x240 c:/program files (x86)/gnu tools arm embedded/6.2 2016q4/bin/../lib/gcc/arm-none-eabi/6.2.1/../../../../arm-none-eabi/lib/thumb/v7-m\libg_nano.a(lib_a-nano-vfprintf_i.o)
                0x08006840                _printf_i
 .text.memchr   0x08006a80       0x1c c:/program files (x86)/gnu tools arm embedded/6.2 2016q4/bin/../lib/gcc/arm-none-eabi/6.2.1/../../../../arm-none-eabi/lib/thumb/v7-m\libg_nano.a(lib_a-memchr-stub.o)
                0x08006a80                memchr
 .text.memcpy   0x08006a9c       0x16 c:/program files (x86)/gnu tools arm embedded/6.2 2016q4/bin/../lib/gcc/arm-none-eabi/6.2.1/../../../../arm-none-eabi/lib/thumb/v7-m\libg_nano.a(lib_a-memcpy-stub.o)
                0x08006a9c                memcpy
 .text.memmove  0x08006ab2       0x34 c:/program files (x86)/gnu tools arm embedded/6.2 2016q4/bin/../lib/gcc/arm-none-eabi/6.2.1/../../../../arm-none-eabi/lib/thumb/v7-m\libg_nano.a(lib_a-memmove.o)
                0x08006ab2                memmove
 *fill*         0x08006ae6        0x2 
 .text._free_r  0x08006ae8       0x98 c:/program files (x86)/gnu tools arm embedded/6.2 2016q4/bin/../lib/gcc/arm-none-eabi/6.2.1/../../../../arm-none-eabi/lib/thumb/v7-m\libg_nano.a(lib_a-nano-freer.o)
                0x08006ae8                _free_r
 .text._malloc_r
                0x08006b80       0xbc c:/program files (x86)/gnu tools arm embedded/6.2 2016q4/bin/../lib/gcc/arm-none-eabi/6.2.1/../../../../arm-none-eabi/lib/thumb/v7-m\libg_nano.a(lib_a-nano-mallocr.o)
                0x08006b80                _malloc_r
 .text._realloc_r
                0x08006c3c       0x4c c:/program files (x86)/gnu tools arm embedded/6.2 2016q4/bin/../lib/gcc/arm-none-eabi/6.2.1/../../../../arm-none-eabi/lib/thumb/v7-m\libg_nano.a(lib_a-nano-reallocr.o)
                0x08006c3c                _realloc_r
 .text._sbrk_r  0x08006c88       0x20 c:/program files (x86)/gnu tools arm embedded/6.2 2016q4/bin/../lib/gcc/arm-none-eabi/6.2.1/../../../../arm-none-eabi/lib/thumb/v7-m\libg_nano.a(lib_a-sbrkr.o)
                0x08006c88                _sbrk_r
 .text.__malloc_lock
                0x08006ca8        0x2 c:/program files (x86)/gnu tools arm embedded/6.2 2016q4/bin/../lib/gcc/arm-none-eabi/6.2.1/../../../../arm-none-eabi/lib/thumb/v7-m\libg_nano.a(lib_a-mlock.o)
                0x08006ca8                __malloc_lock
 .text.__malloc_unlock
                0x08006caa        0x2 c:/program files (x86)/gnu tools arm embedded/6.2 2016q4/bin/../lib/gcc/arm-none-eabi/6.2.1/../../../../arm-none-eabi/lib/thumb/v7-m\libg_nano.a(lib_a-mlock.o)
                0x08006caa                __malloc_unlock
 .text._malloc_usable_size_r
                0x08006cac       0x12 c:/program files (x86)/gnu tools arm embedded/6.2 2016q4/bin/../lib/gcc/arm-none-eabi/6.2.1/../../../../arm-none-eabi/lib/thumb/v7-m\libg_nano.a(lib_a-nano-msizer.o)
                0x08006cac                _malloc_usable_size_r
 *(.rodata .rodata.* .constdata .constdata.*)
 *fill*         0x08006cbe        0x2 
 .rodata.NVIC_PriorityGroupConfig.str1.4
                0x08006cc0       0x27 ./system/src/stm32f1-stdperiph/misc.o
 *fill*         0x08006ce7        0x1 
 .rodata.DMA_DeInit.str1.4
                0x08006ce8       0x30 ./system/src/stm32f1-stdperiph/stm32f10x_dma.o
 .rodata.GPIO_DeInit.str1.4
                0x08006d18       0x31 ./system/src/stm32f1-stdperiph/stm32f10x_gpio.o
 *fill*         0x08006d49        0x3 
 .rodata.IWDG_WriteAccessCmd.str1.4
                0x08006d4c       0x31 ./system/src/stm32f1-stdperiph/stm32f10x_iwdg.o
 *fill*         0x08006d7d        0x3 
 .rodata.RCC_HSEConfig.str1.4
                0x08006d80       0x30 ./system/src/stm32f1-stdperiph/stm32f10x_rcc.o
 .rodata.SDIO_Init.str1.4
                0x08006db0       0x31 ./system/src/stm32f1-stdperiph/stm32f10x_sdio.o
 *fill*         0x08006de1        0x3 
 .rodata.TIM_DeInit.str1.4
                0x08006de4       0x30 ./system/src/stm32f1-stdperiph/stm32f10x_tim.o
 .rodata.USART_DeInit.str1.4
                0x08006e14       0x32 ./system/src/stm32f1-stdperiph/stm32f10x_usart.o
 *fill*         0x08006e46        0x2 
 .rodata.abort.str1.4
                0x08006e48       0x14 ./system/src/newlib/_exit.o
 .rodata.assert_failed.str1.4
                0x08006e5c       0x2b ./system/src/newlib/assert.o
 .rodata.trace_puts.str1.4
                0x08006e87       0x2b ./system/src/diag/Trace.o
                                  0x2 (size before relaxing)
 *fill*         0x08006e87        0x1 
 .rodata.dumpExceptionStack.str1.4
                0x08006e88      0x11a ./system/src/cortexm/exception_handlers.o
 *fill*         0x08006fa2        0x2 
 .rodata.str1.4
                0x08006fa4       0x2a ./system/src/cortexm/exception_handlers.o
 *fill*         0x08006fce        0x2 
 .rodata.oem2uni
                0x08006fd0    0x15484 ./src/ff9/cc936.o
 .rodata.tbl_lower.3835
                0x0801c454      0x1e0 ./src/ff9/cc936.o
 .rodata.tbl_upper.3836
                0x0801c634      0x1e0 ./src/ff9/cc936.o
 .rodata.uni2oem
                0x0801c814    0x15484 ./src/ff9/cc936.o
 .rodata.LfnOfs
                0x08031c98        0xd ./src/ff9/ff.o
 *fill*         0x08031ca5        0x3 
 .rodata.create_name.str1.4
                0x08031ca8       0x13 ./src/ff9/ff.o
 *fill*         0x08031cbb        0x1 
 .rodata        0x08031cbc       0xb6 ./src/8285_download_protocol.o
 *fill*         0x08031d72        0x2 
 .rodata.Change_baud_command.str1.4
                0x08031d74       0x12 ./src/8285_download_protocol.o
 *fill*         0x08031d86        0x2 
 .rodata.device_sync.str1.4
                0x08031d88        0xb ./src/8285_download_protocol.o
 *fill*         0x08031d93        0x1 
 .rodata.download_bin_operate.str1.4
                0x08031d94       0xab ./src/8285_download_protocol.o
                                 0xaf (size before relaxing)
 *fill*         0x08031e3f        0x1 
 .rodata.download_data_operate.str1.4
                0x08031e40       0xeb ./src/8285_download_protocol.o
 *fill*         0x08031f2b        0x1 
 .rodata.download_sign_operate.str1.4
                0x08031f2c       0x40 ./src/8285_download_protocol.o
 .rodata.download_start.str1.4
                0x08031f6c       0x29 ./src/8285_download_protocol.o
 *fill*         0x08031f95        0x3 
 .rodata.rst_8266.str1.4
                0x08031f98       0x17 ./src/8285_download_protocol.o
 *fill*         0x08031faf        0x1 
 .rodata.wait_rxdata_available.str1.4
                0x08031fb0       0x14 ./src/8285_download_protocol.o
 .rodata.main.str1.4
                0x08031fc4       0x20 ./src/main.o
 .rodata._svfprintf_r.str1.1
                0x08031fe4       0x11 c:/program files (x86)/gnu tools arm embedded/6.2 2016q4/bin/../lib/gcc/arm-none-eabi/6.2.1/../../../../arm-none-eabi/lib/thumb/v7-m\libg_nano.a(lib_a-nano-svfprintf.o)
 .rodata._printf_i.str1.1
                0x08031ff5       0x22 c:/program files (x86)/gnu tools arm embedded/6.2 2016q4/bin/../lib/gcc/arm-none-eabi/6.2.1/../../../../arm-none-eabi/lib/thumb/v7-m\libg_nano.a(lib_a-nano-vfprintf_i.o)
 *(vtable)
 *(.eh_frame*)
 *(.glue_7)
 .glue_7        0x08032017        0x0 linker stubs
 *(.glue_7t)
 .glue_7t       0x08032017        0x0 linker stubs

.vfp11_veneer   0x08032018        0x0
 .vfp11_veneer  0x08032018        0x0 linker stubs

.v4_bx          0x08032018        0x0
 .v4_bx         0x08032018        0x0 linker stubs

.iplt           0x08032018        0x0
 .iplt          0x08032018        0x0 ./system/src/stm32f1-stdperiph/misc.o

.rel.dyn        0x08032018        0x0
 .rel.iplt      0x08032018        0x0 ./system/src/stm32f1-stdperiph/misc.o

.ARM.extab
 *(.ARM.extab* .gnu.linkonce.armextab.*)
                0x08032018                . = ALIGN (0x4)
                0x08032018                __exidx_start = .

.ARM.exidx
 *(.ARM.exidx* .gnu.linkonce.armexidx.*)
                0x08032018                __exidx_end = .
                0x08032018                . = ALIGN (0x4)
                0x08032018                _etext = .
                0x08032018                __etext = .

.data_CCMRAM    0x00000000        0x0 load address 0x08032018
 FILL mask 0xff
 *(.data.CCMRAM .data.CCMRAM.*)
                0x00000000                . = ALIGN (0x4)
                0x08032018                _sidata = LOADADDR (.data)

.data           0x20000000     0x41c4 load address 0x08032018
 FILL mask 0xff
                0x20000000                _sdata = .
                0x20000000                __data_start__ = .
 *(.data_begin .data_begin.*)
 .data_begin    0x20000000        0x4 ./system/src/newlib/_startup.o
 *(.data .data.*)
 .data.ADCPrescTable
                0x20000004        0x4 ./system/src/stm32f1-stdperiph/stm32f10x_rcc.o
 .data.APBAHBPrescTable
                0x20000008       0x10 ./system/src/stm32f1-stdperiph/stm32f10x_rcc.o
 .data.argv.4243
                0x20000018        0x8 ./system/src/newlib/_syscalls.o
 .data.AHBPrescTable
                0x20000020       0x10 ./system/src/cmsis/system_stm32f10x.o
                0x20000020                AHBPrescTable
 .data.SystemCoreClock
                0x20000030        0x4 ./system/src/cmsis/system_stm32f10x.o
                0x20000030                SystemCoreClock
 .data.data_sector_data
                0x20000034      0xfff ./src/download_data_array.o
                0x20000034                data_sector_data
 *fill*         0x20001033        0x1 ff
 .data.sign_sector_data
                0x20001034      0xfff ./src/download_data_array.o
                0x20001034                sign_sector_data
 *fill*         0x20002033        0x1 ff
 .data.stub_data
                0x20002034      0x318 ./src/download_data_array.o
                0x20002034                stub_data
 .data.stub_text_down
                0x2000234c      0x5f8 ./src/download_data_array.o
                0x2000234c                stub_text_down
 .data.stub_text_up
                0x20002944     0x1818 ./src/download_data_array.o
                0x20002944                stub_text_up
 .data._impure_ptr
                0x2000415c        0x4 c:/program files (x86)/gnu tools arm embedded/6.2 2016q4/bin/../lib/gcc/arm-none-eabi/6.2.1/../../../../arm-none-eabi/lib/thumb/v7-m\libg_nano.a(lib_a-impure.o)
                0x2000415c                _impure_ptr
 .data.impure_data
                0x20004160       0x60 c:/program files (x86)/gnu tools arm embedded/6.2 2016q4/bin/../lib/gcc/arm-none-eabi/6.2.1/../../../../arm-none-eabi/lib/thumb/v7-m\libg_nano.a(lib_a-impure.o)
 *(.data_end .data_end.*)
 .data_end      0x200041c0        0x4 ./system/src/newlib/_startup.o
                0x200041c4                . = ALIGN (0x4)
                0x200041c4                _edata = .
                0x200041c4                __data_end__ = .

.igot.plt       0x200041c4        0x0 load address 0x080361dc
 .igot.plt      0x200041c4        0x0 ./system/src/stm32f1-stdperiph/misc.o

.bss_CCMRAM     0x00000000        0x0
 *(.bss.CCMRAM .bss.CCMRAM.*)

.bss            0x200041c4     0x4200
                0x200041c4                __bss_start__ = .
                0x200041c4                _sbss = .
 *(.bss_begin .bss_begin.*)
 .bss_begin     0x200041c4        0x4 ./system/src/newlib/_startup.o
 *(.bss .bss.*)
 .bss.current_heap_end.3927
                0x200041c8        0x4 ./system/src/newlib/_sbrk.o
 .bss.name.4242
                0x200041cc        0x1 ./system/src/newlib/_syscalls.o
 *fill*         0x200041cd        0x3 
 .bss.buf.5132  0x200041d0       0x80 ./system/src/diag/Trace.o
 .bss.CID_Tab   0x20004250       0x10 ./src/ff9/bsp_sdio_sdcard.o
 .bss.CSD_Tab   0x20004260       0x10 ./src/ff9/bsp_sdio_sdcard.o
 .bss.CardType  0x20004270        0x4 ./src/ff9/bsp_sdio_sdcard.o
 .bss.RCA       0x20004274        0x4 ./src/ff9/bsp_sdio_sdcard.o
 .bss.StopCondition
                0x20004278        0x4 ./src/ff9/bsp_sdio_sdcard.o
                0x20004278                StopCondition
 .bss.TransferEnd
                0x2000427c        0x4 ./src/ff9/bsp_sdio_sdcard.o
                0x2000427c                TransferEnd
 .bss.TransferError
                0x20004280        0x1 ./src/ff9/bsp_sdio_sdcard.o
                0x20004280                TransferError
 *fill*         0x20004281        0x3 
 .bss.FatFs     0x20004284        0x4 ./src/ff9/ff.o
 .bss.Fsid      0x20004288        0x2 ./src/ff9/ff.o
 *fill*         0x2000428a        0x2 
 .bss.origin_buf
                0x2000428c     0x4000 ./src/8285_download_protocol.o
                0x2000428c                origin_buf
 .bss.rst_flag  0x2000828c        0x1 ./src/8285_download_protocol.o
 .bss.sync_error_cnt
                0x2000828d        0x1 ./src/8285_download_protocol.o
                0x2000828d                sync_error_cnt
 .bss.update_status
                0x2000828e        0x1 ./src/8285_download_protocol.o
                0x2000828e                update_status
 .bss.wait_baud_flag
                0x2000828f        0x1 ./src/8285_download_protocol.o
                0x2000828f                wait_baud_flag
 .bss.cnt_time  0x20008290        0x4 ./src/bsp_time_delay.o
                0x20008290                cnt_time
 .bss.data_cnt  0x20008294        0x4 ./src/bsp_time_delay.o
                0x20008294                data_cnt
 .bss.nodata_time
                0x20008298        0x4 ./src/bsp_time_delay.o
                0x20008298                nodata_time
 .bss.recv_time_out
                0x2000829c        0x4 ./src/bsp_time_delay.o
                0x2000829c                recv_time_out
 .bss.__malloc_free_list
                0x200082a0        0x4 c:/program files (x86)/gnu tools arm embedded/6.2 2016q4/bin/../lib/gcc/arm-none-eabi/6.2.1/../../../../arm-none-eabi/lib/thumb/v7-m\libg_nano.a(lib_a-nano-mallocr.o)
                0x200082a0                __malloc_free_list
 .bss.__malloc_sbrk_start
                0x200082a4        0x4 c:/program files (x86)/gnu tools arm embedded/6.2 2016q4/bin/../lib/gcc/arm-none-eabi/6.2.1/../../../../arm-none-eabi/lib/thumb/v7-m\libg_nano.a(lib_a-nano-mallocr.o)
                0x200082a4                __malloc_sbrk_start
 *(COMMON)
 COMMON         0x200082a8        0x4 ./system/src/newlib/_syscalls.o
                0x200082a8                errno
 COMMON         0x200082ac       0x94 ./src/ff9/bsp_sdio_sdcard.o
                0x200082ac                SDIO_CmdInitStructure
                0x200082c0                SDCardInfo
                0x20008310                SDIO_InitStructure
                0x20008328                SDIO_DataInitStructure
 COMMON         0x20008340       0x7c ./src/8285_download_protocol.o
                0x20008340                nodata_flag
                0x20008344                stm32rx
 COMMON         0x200083bc        0x1 ./src/main.o
                0x200083bc                HSEStartUpStatus
 *(.bss_end .bss_end.*)
 *fill*         0x200083bd        0x3 
 .bss_end       0x200083c0        0x4 ./system/src/newlib/_startup.o
                0x200083c4                . = ALIGN (0x4)
                0x200083c4                __bss_end__ = .
                0x200083c4                _ebss = .

.noinit_CCMRAM
 *(.noinit.CCMRAM .noinit.CCMRAM.*)

.noinit         0x200083c4        0x0
                0x200083c4                _noinit = .
 *(.noinit .noinit.*)
                0x200083c4                . = ALIGN (0x4)
                0x200083c4                _end_noinit = .
                [!provide]                PROVIDE (end, _end_noinit)
                [!provide]                PROVIDE (_end, _end_noinit)
                [!provide]                PROVIDE (__end, _end_noinit)
                [!provide]                PROVIDE (__end__, _end_noinit)

._check_stack   0x200083c4      0x100
                0x200084c4                . = (. + _Minimum_Stack_Size)
 *fill*         0x200083c4      0x100 

.b1text
 *(.b1text)
 *(.b1rodata)
 *(.b1rodata.*)

.eb0text
 *(.eb0text)
 *(.eb0rodata)
 *(.eb0rodata.*)

.eb1text
 *(.eb1text)
 *(.eb1rodata)
 *(.eb1rodata.*)

.eb2text
 *(.eb2text)
 *(.eb2rodata)
 *(.eb2rodata.*)

.eb3text
 *(.eb3text)
 *(.eb3rodata)
 *(.eb3rodata.*)

.stab
 *(.stab)

.stabstr
 *(.stabstr)

.stab.excl
 *(.stab.excl)

.stab.exclstr
 *(.stab.exclstr)

.stab.index
 *(.stab.index)

.stab.indexstr
 *(.stab.indexstr)

.comment        0x00000000       0x6e
 *(.comment)
 .comment       0x00000000       0x6e ./system/src/stm32f1-stdperiph/misc.o
                                 0x6f (size before relaxing)
 .comment       0x0000006e       0x6f ./system/src/stm32f1-stdperiph/stm32f10x_dma.o
 .comment       0x0000006e       0x6f ./system/src/stm32f1-stdperiph/stm32f10x_gpio.o
 .comment       0x0000006e       0x6f ./system/src/stm32f1-stdperiph/stm32f10x_iwdg.o
 .comment       0x0000006e       0x6f ./system/src/stm32f1-stdperiph/stm32f10x_rcc.o
 .comment       0x0000006e       0x6f ./system/src/stm32f1-stdperiph/stm32f10x_sdio.o
 .comment       0x0000006e       0x6f ./system/src/stm32f1-stdperiph/stm32f10x_tim.o
 .comment       0x0000006e       0x6f ./system/src/stm32f1-stdperiph/stm32f10x_usart.o
 .comment       0x0000006e       0x6f ./system/src/newlib/_exit.o
 .comment       0x0000006e       0x6f ./system/src/newlib/_sbrk.o
 .comment       0x0000006e       0x6f ./system/src/newlib/_startup.o
 .comment       0x0000006e       0x6f ./system/src/newlib/_syscalls.o
 .comment       0x0000006e       0x6f ./system/src/newlib/assert.o
 .comment       0x0000006e       0x6f ./system/src/diag/Trace.o
 .comment       0x0000006e       0x6f ./system/src/diag/trace_impl.o
 .comment       0x0000006e       0x6f ./system/src/cortexm/_initialize_hardware.o
 .comment       0x0000006e       0x6f ./system/src/cortexm/exception_handlers.o
 .comment       0x0000006e       0x6f ./system/src/cmsis/system_stm32f10x.o
 .comment       0x0000006e       0x6f ./system/src/cmsis/vectors_stm32f10x.o
 .comment       0x0000006e       0x6f ./src/ff9/bsp_sdio_sdcard.o
 .comment       0x0000006e       0x6f ./src/ff9/cc936.o
 .comment       0x0000006e       0x6f ./src/ff9/diskio.o
 .comment       0x0000006e       0x6f ./src/ff9/ff.o
 .comment       0x0000006e       0x6f ./src/8285_download_protocol.o
 .comment       0x0000006e       0x6f ./src/Data_pool.o
 .comment       0x0000006e       0x6f ./src/bsp_iwdg.o
 .comment       0x0000006e       0x6f ./src/bsp_time_delay.o
 .comment       0x0000006e       0x6f ./src/bsp_usart.o
 .comment       0x0000006e       0x6f ./src/clib.o
 .comment       0x0000006e       0x6f ./src/download_data_array.o
 .comment       0x0000006e       0x6f ./src/main.o

.ARM.attributes
                0x00000000       0x31
 .ARM.attributes
                0x00000000       0x33 ./system/src/stm32f1-stdperiph/misc.o
 .ARM.attributes
                0x00000033       0x33 ./system/src/stm32f1-stdperiph/stm32f10x_dma.o
 .ARM.attributes
                0x00000066       0x33 ./system/src/stm32f1-stdperiph/stm32f10x_gpio.o
 .ARM.attributes
                0x00000099       0x33 ./system/src/stm32f1-stdperiph/stm32f10x_iwdg.o
 .ARM.attributes
                0x000000cc       0x33 ./system/src/stm32f1-stdperiph/stm32f10x_rcc.o
 .ARM.attributes
                0x000000ff       0x33 ./system/src/stm32f1-stdperiph/stm32f10x_sdio.o
 .ARM.attributes
                0x00000132       0x33 ./system/src/stm32f1-stdperiph/stm32f10x_tim.o
 .ARM.attributes
                0x00000165       0x33 ./system/src/stm32f1-stdperiph/stm32f10x_usart.o
 .ARM.attributes
                0x00000198       0x33 ./system/src/newlib/_exit.o
 .ARM.attributes
                0x000001cb       0x33 ./system/src/newlib/_sbrk.o
 .ARM.attributes
                0x000001fe       0x33 ./system/src/newlib/_startup.o
 .ARM.attributes
                0x00000231       0x33 ./system/src/newlib/_syscalls.o
 .ARM.attributes
                0x00000264       0x33 ./system/src/newlib/assert.o
 .ARM.attributes
                0x00000297       0x33 ./system/src/diag/Trace.o
 .ARM.attributes
                0x000002ca       0x33 ./system/src/diag/trace_impl.o
 .ARM.attributes
                0x000002fd       0x33 ./system/src/cortexm/_initialize_hardware.o
 .ARM.attributes
                0x00000330       0x33 ./system/src/cortexm/exception_handlers.o
 .ARM.attributes
                0x00000363       0x33 ./system/src/cmsis/system_stm32f10x.o
 .ARM.attributes
                0x00000396       0x33 ./system/src/cmsis/vectors_stm32f10x.o
 .ARM.attributes
                0x000003c9       0x33 ./src/ff9/bsp_sdio_sdcard.o
 .ARM.attributes
                0x000003fc       0x33 ./src/ff9/cc936.o
 .ARM.attributes
                0x0000042f       0x33 ./src/ff9/diskio.o
 .ARM.attributes
                0x00000462       0x33 ./src/ff9/ff.o
 .ARM.attributes
                0x00000495       0x33 ./src/8285_download_protocol.o
 .ARM.attributes
                0x000004c8       0x33 ./src/Data_pool.o
 .ARM.attributes
                0x000004fb       0x33 ./src/bsp_iwdg.o
 .ARM.attributes
                0x0000052e       0x33 ./src/bsp_time_delay.o
 .ARM.attributes
                0x00000561       0x33 ./src/bsp_usart.o
 .ARM.attributes
                0x00000594       0x33 ./src/clib.o
 .ARM.attributes
                0x000005c7       0x33 ./src/download_data_array.o
 .ARM.attributes
                0x000005fa       0x33 ./src/main.o
 .ARM.attributes
                0x0000062d       0x2d c:/program files (x86)/gnu tools arm embedded/6.2 2016q4/bin/../lib/gcc/arm-none-eabi/6.2.1/../../../../arm-none-eabi/lib/thumb/v7-m\libg_nano.a(lib_a-errno.o)
 .ARM.attributes
                0x0000065a       0x2d c:/program files (x86)/gnu tools arm embedded/6.2 2016q4/bin/../lib/gcc/arm-none-eabi/6.2.1/../../../../arm-none-eabi/lib/thumb/v7-m\libg_nano.a(lib_a-impure.o)
 .ARM.attributes
                0x00000687       0x2d c:/program files (x86)/gnu tools arm embedded/6.2 2016q4/bin/../lib/gcc/arm-none-eabi/6.2.1/../../../../arm-none-eabi/lib/thumb/v7-m\libg_nano.a(lib_a-memset.o)
 .ARM.attributes
                0x000006b4       0x17 c:/program files (x86)/gnu tools arm embedded/6.2 2016q4/bin/../lib/gcc/arm-none-eabi/6.2.1/../../../../arm-none-eabi/lib/thumb/v7-m\libg_nano.a(lib_a-strlen.o)
 .ARM.attributes
                0x000006cb       0x2d c:/program files (x86)/gnu tools arm embedded/6.2 2016q4/bin/../lib/gcc/arm-none-eabi/6.2.1/../../../../arm-none-eabi/lib/thumb/v7-m\libg_nano.a(lib_a-vsnprintf.o)
 .ARM.attributes
                0x000006f8       0x2d c:/program files (x86)/gnu tools arm embedded/6.2 2016q4/bin/../lib/gcc/arm-none-eabi/6.2.1/../../../../arm-none-eabi/lib/thumb/v7-m\libg_nano.a(lib_a-nano-svfprintf.o)
 .ARM.attributes
                0x00000725       0x2d c:/program files (x86)/gnu tools arm embedded/6.2 2016q4/bin/../lib/gcc/arm-none-eabi/6.2.1/../../../../arm-none-eabi/lib/thumb/v7-m\libg_nano.a(lib_a-nano-vfprintf_i.o)
 .ARM.attributes
                0x00000752       0x2d c:/program files (x86)/gnu tools arm embedded/6.2 2016q4/bin/../lib/gcc/arm-none-eabi/6.2.1/../../../../arm-none-eabi/lib/thumb/v7-m\libg_nano.a(lib_a-memchr-stub.o)
 .ARM.attributes
                0x0000077f       0x2d c:/program files (x86)/gnu tools arm embedded/6.2 2016q4/bin/../lib/gcc/arm-none-eabi/6.2.1/../../../../arm-none-eabi/lib/thumb/v7-m\libg_nano.a(lib_a-memcpy-stub.o)
 .ARM.attributes
                0x000007ac       0x2d c:/program files (x86)/gnu tools arm embedded/6.2 2016q4/bin/../lib/gcc/arm-none-eabi/6.2.1/../../../../arm-none-eabi/lib/thumb/v7-m\libg_nano.a(lib_a-memmove.o)
 .ARM.attributes
                0x000007d9       0x2d c:/program files (x86)/gnu tools arm embedded/6.2 2016q4/bin/../lib/gcc/arm-none-eabi/6.2.1/../../../../arm-none-eabi/lib/thumb/v7-m\libg_nano.a(lib_a-nano-freer.o)
 .ARM.attributes
                0x00000806       0x2d c:/program files (x86)/gnu tools arm embedded/6.2 2016q4/bin/../lib/gcc/arm-none-eabi/6.2.1/../../../../arm-none-eabi/lib/thumb/v7-m\libg_nano.a(lib_a-nano-mallocr.o)
 .ARM.attributes
                0x00000833       0x2d c:/program files (x86)/gnu tools arm embedded/6.2 2016q4/bin/../lib/gcc/arm-none-eabi/6.2.1/../../../../arm-none-eabi/lib/thumb/v7-m\libg_nano.a(lib_a-nano-reallocr.o)
 .ARM.attributes
                0x00000860       0x2d c:/program files (x86)/gnu tools arm embedded/6.2 2016q4/bin/../lib/gcc/arm-none-eabi/6.2.1/../../../../arm-none-eabi/lib/thumb/v7-m\libg_nano.a(lib_a-sbrkr.o)
 .ARM.attributes
                0x0000088d       0x2d c:/program files (x86)/gnu tools arm embedded/6.2 2016q4/bin/../lib/gcc/arm-none-eabi/6.2.1/../../../../arm-none-eabi/lib/thumb/v7-m\libg_nano.a(lib_a-mlock.o)
 .ARM.attributes
                0x000008ba       0x2d c:/program files (x86)/gnu tools arm embedded/6.2 2016q4/bin/../lib/gcc/arm-none-eabi/6.2.1/../../../../arm-none-eabi/lib/thumb/v7-m\libg_nano.a(lib_a-nano-msizer.o)

.debug
 *(.debug)

.line
 *(.line)

.debug_srcinfo
 *(.debug_srcinfo)

.debug_sfnames
 *(.debug_sfnames)

.debug_aranges  0x00000000      0xfd0
 *(.debug_aranges)
 .debug_aranges
                0x00000000       0x40 ./system/src/stm32f1-stdperiph/misc.o
 .debug_aranges
                0x00000040       0x70 ./system/src/stm32f1-stdperiph/stm32f10x_dma.o
 .debug_aranges
                0x000000b0       0xa8 ./system/src/stm32f1-stdperiph/stm32f10x_gpio.o
 .debug_aranges
                0x00000158       0x48 ./system/src/stm32f1-stdperiph/stm32f10x_iwdg.o
 .debug_aranges
                0x000001a0      0x118 ./system/src/stm32f1-stdperiph/stm32f10x_rcc.o
 .debug_aranges
                0x000002b8      0x108 ./system/src/stm32f1-stdperiph/stm32f10x_sdio.o
 .debug_aranges
                0x000003c0      0x2f0 ./system/src/stm32f1-stdperiph/stm32f10x_tim.o
 .debug_aranges
                0x000006b0      0x100 ./system/src/stm32f1-stdperiph/stm32f10x_usart.o
 .debug_aranges
                0x000007b0       0x28 ./system/src/newlib/_exit.o
 .debug_aranges
                0x000007d8       0x20 ./system/src/newlib/_sbrk.o
 .debug_aranges
                0x000007f8       0x40 ./system/src/newlib/_startup.o
 .debug_aranges
                0x00000838       0x30 ./system/src/newlib/_syscalls.o
 .debug_aranges
                0x00000868       0x28 ./system/src/newlib/assert.o
 .debug_aranges
                0x00000890       0x38 ./system/src/diag/Trace.o
 .debug_aranges
                0x000008c8       0x30 ./system/src/diag/trace_impl.o
 .debug_aranges
                0x000008f8       0x28 ./system/src/cortexm/_initialize_hardware.o
 .debug_aranges
                0x00000920       0x90 ./system/src/cortexm/exception_handlers.o
 .debug_aranges
                0x000009b0       0x38 ./system/src/cmsis/system_stm32f10x.o
 .debug_aranges
                0x000009e8       0x20 ./system/src/cmsis/vectors_stm32f10x.o
 .debug_aranges
                0x00000a08      0x148 ./src/ff9/bsp_sdio_sdcard.o
 .debug_aranges
                0x00000b50       0x28 ./src/ff9/cc936.o
 .debug_aranges
                0x00000b78       0x48 ./src/ff9/diskio.o
 .debug_aranges
                0x00000bc0      0x138 ./src/ff9/ff.o
 .debug_aranges
                0x00000cf8       0xc8 ./src/8285_download_protocol.o
 .debug_aranges
                0x00000dc0       0x48 ./src/Data_pool.o
 .debug_aranges
                0x00000e08       0x28 ./src/bsp_iwdg.o
 .debug_aranges
                0x00000e30       0x50 ./src/bsp_time_delay.o
 .debug_aranges
                0x00000e80       0x80 ./src/bsp_usart.o
 .debug_aranges
                0x00000f00       0x70 ./src/clib.o
 .debug_aranges
                0x00000f70       0x18 ./src/download_data_array.o
 .debug_aranges
                0x00000f88       0x48 ./src/main.o

.debug_pubnames
 *(.debug_pubnames)

.debug_info     0x00000000    0x17207
 *(.debug_info .gnu.linkonce.wi.*)
 .debug_info    0x00000000      0x63a ./system/src/stm32f1-stdperiph/misc.o
 .debug_info    0x0000063a      0x6f7 ./system/src/stm32f1-stdperiph/stm32f10x_dma.o
 .debug_info    0x00000d31      0xbd6 ./system/src/stm32f1-stdperiph/stm32f10x_gpio.o
 .debug_info    0x00001907      0x269 ./system/src/stm32f1-stdperiph/stm32f10x_iwdg.o
 .debug_info    0x00001b70      0xc7b ./system/src/stm32f1-stdperiph/stm32f10x_rcc.o
 .debug_info    0x000027eb      0xb6f ./system/src/stm32f1-stdperiph/stm32f10x_sdio.o
 .debug_info    0x0000335a     0x3931 ./system/src/stm32f1-stdperiph/stm32f10x_tim.o
 .debug_info    0x00006c8b     0x128b ./system/src/stm32f1-stdperiph/stm32f10x_usart.o
 .debug_info    0x00007f16      0x952 ./system/src/newlib/_exit.o
 .debug_info    0x00008868      0x93e ./system/src/newlib/_sbrk.o
 .debug_info    0x000091a6      0x434 ./system/src/newlib/_startup.o
 .debug_info    0x000095da      0xa15 ./system/src/newlib/_syscalls.o
 .debug_info    0x00009fef      0x9fb ./system/src/newlib/assert.o
 .debug_info    0x0000a9ea      0xb26 ./system/src/diag/Trace.o
 .debug_info    0x0000b510      0x36c ./system/src/diag/trace_impl.o
 .debug_info    0x0000b87c      0x2bc ./system/src/cortexm/_initialize_hardware.o
 .debug_info    0x0000bb38     0x113b ./system/src/cortexm/exception_handlers.o
 .debug_info    0x0000cc73      0x49a ./system/src/cmsis/system_stm32f10x.o
 .debug_info    0x0000d10d       0xd1 ./system/src/cmsis/vectors_stm32f10x.o
 .debug_info    0x0000d1de     0x26ad ./src/ff9/bsp_sdio_sdcard.o
 .debug_info    0x0000f88b      0x1c6 ./src/ff9/cc936.o
 .debug_info    0x0000fa51      0x4f4 ./src/ff9/diskio.o
 .debug_info    0x0000ff45     0x1fb5 ./src/ff9/ff.o
 .debug_info    0x00011efa     0x1d8f ./src/8285_download_protocol.o
 .debug_info    0x00013c89      0x330 ./src/Data_pool.o
 .debug_info    0x00013fb9      0x206 ./src/bsp_iwdg.o
 .debug_info    0x000141bf      0xae4 ./src/bsp_time_delay.o
 .debug_info    0x00014ca3      0xd65 ./src/bsp_usart.o
 .debug_info    0x00015a08      0x3e9 ./src/clib.o
 .debug_info    0x00015df1      0x16a ./src/download_data_array.o
 .debug_info    0x00015f5b     0x12ac ./src/main.o

.debug_abbrev   0x00000000     0x3725
 *(.debug_abbrev)
 .debug_abbrev  0x00000000      0x192 ./system/src/stm32f1-stdperiph/misc.o
 .debug_abbrev  0x00000192      0x1b1 ./system/src/stm32f1-stdperiph/stm32f10x_dma.o
 .debug_abbrev  0x00000343      0x205 ./system/src/stm32f1-stdperiph/stm32f10x_gpio.o
 .debug_abbrev  0x00000548      0x141 ./system/src/stm32f1-stdperiph/stm32f10x_iwdg.o
 .debug_abbrev  0x00000689      0x209 ./system/src/stm32f1-stdperiph/stm32f10x_rcc.o
 .debug_abbrev  0x00000892      0x21a ./system/src/stm32f1-stdperiph/stm32f10x_sdio.o
 .debug_abbrev  0x00000aac      0x1e9 ./system/src/stm32f1-stdperiph/stm32f10x_tim.o
 .debug_abbrev  0x00000c95      0x1de ./system/src/stm32f1-stdperiph/stm32f10x_usart.o
 .debug_abbrev  0x00000e73      0x1f3 ./system/src/newlib/_exit.o
 .debug_abbrev  0x00001066      0x1fc ./system/src/newlib/_sbrk.o
 .debug_abbrev  0x00001262      0x1c4 ./system/src/newlib/_startup.o
 .debug_abbrev  0x00001426      0x234 ./system/src/newlib/_syscalls.o
 .debug_abbrev  0x0000165a      0x1f3 ./system/src/newlib/assert.o
 .debug_abbrev  0x0000184d      0x276 ./system/src/diag/Trace.o
 .debug_abbrev  0x00001ac3      0x1d3 ./system/src/diag/trace_impl.o
 .debug_abbrev  0x00001c96       0xea ./system/src/cortexm/_initialize_hardware.o
 .debug_abbrev  0x00001d80      0x329 ./system/src/cortexm/exception_handlers.o
 .debug_abbrev  0x000020a9      0x175 ./system/src/cmsis/system_stm32f10x.o
 .debug_abbrev  0x0000221e       0x9d ./system/src/cmsis/vectors_stm32f10x.o
 .debug_abbrev  0x000022bb      0x28c ./src/ff9/bsp_sdio_sdcard.o
 .debug_abbrev  0x00002547       0xbd ./src/ff9/cc936.o
 .debug_abbrev  0x00002604      0x139 ./src/ff9/diskio.o
 .debug_abbrev  0x0000273d      0x21c ./src/ff9/ff.o
 .debug_abbrev  0x00002959      0x2c9 ./src/8285_download_protocol.o
 .debug_abbrev  0x00002c22      0x141 ./src/Data_pool.o
 .debug_abbrev  0x00002d63      0x11a ./src/bsp_iwdg.o
 .debug_abbrev  0x00002e7d      0x1d2 ./src/bsp_time_delay.o
 .debug_abbrev  0x0000304f      0x245 ./src/bsp_usart.o
 .debug_abbrev  0x00003294       0xf8 ./src/clib.o
 .debug_abbrev  0x0000338c       0x8b ./src/download_data_array.o
 .debug_abbrev  0x00003417      0x30e ./src/main.o

.debug_line     0x00000000     0xc523
 *(.debug_line)
 .debug_line    0x00000000      0x40d ./system/src/stm32f1-stdperiph/misc.o
 .debug_line    0x0000040d      0x870 ./system/src/stm32f1-stdperiph/stm32f10x_dma.o
 .debug_line    0x00000c7d      0x8ee ./system/src/stm32f1-stdperiph/stm32f10x_gpio.o
 .debug_line    0x0000156b      0x3cf ./system/src/stm32f1-stdperiph/stm32f10x_iwdg.o
 .debug_line    0x0000193a      0x84c ./system/src/stm32f1-stdperiph/stm32f10x_rcc.o
 .debug_line    0x00002186      0x809 ./system/src/stm32f1-stdperiph/stm32f10x_sdio.o
 .debug_line    0x0000298f     0x2585 ./system/src/stm32f1-stdperiph/stm32f10x_tim.o
 .debug_line    0x00004f14      0xae8 ./system/src/stm32f1-stdperiph/stm32f10x_usart.o
 .debug_line    0x000059fc      0x34f ./system/src/newlib/_exit.o
 .debug_line    0x00005d4b      0x304 ./system/src/newlib/_sbrk.o
 .debug_line    0x0000604f      0x3be ./system/src/newlib/_startup.o
 .debug_line    0x0000640d      0x41c ./system/src/newlib/_syscalls.o
 .debug_line    0x00006829      0x38a ./system/src/newlib/assert.o
 .debug_line    0x00006bb3      0x3bb ./system/src/diag/Trace.o
 .debug_line    0x00006f6e      0x635 ./system/src/diag/trace_impl.o
 .debug_line    0x000075a3      0x373 ./system/src/cortexm/_initialize_hardware.o
 .debug_line    0x00007916      0x6ec ./system/src/cortexm/exception_handlers.o
 .debug_line    0x00008002      0x3e7 ./system/src/cmsis/system_stm32f10x.o
 .debug_line    0x000083e9      0x103 ./system/src/cmsis/vectors_stm32f10x.o
 .debug_line    0x000084ec      0xa2e ./src/ff9/bsp_sdio_sdcard.o
 .debug_line    0x00008f1a       0xc0 ./src/ff9/cc936.o
 .debug_line    0x00008fda      0x3e7 ./src/ff9/diskio.o
 .debug_line    0x000093c1      0xadd ./src/ff9/ff.o
 .debug_line    0x00009e9e      0x855 ./src/8285_download_protocol.o
 .debug_line    0x0000a6f3      0x3df ./src/Data_pool.o
 .debug_line    0x0000aad2      0x35c ./src/bsp_iwdg.o
 .debug_line    0x0000ae2e      0x4a5 ./src/bsp_time_delay.o
 .debug_line    0x0000b2d3      0x53f ./src/bsp_usart.o
 .debug_line    0x0000b812      0x27d ./src/clib.o
 .debug_line    0x0000ba8f      0x348 ./src/download_data_array.o
 .debug_line    0x0000bdd7      0x74c ./src/main.o

.debug_frame    0x00000000     0x2fec
 *(.debug_frame)
 .debug_frame   0x00000000       0x90 ./system/src/stm32f1-stdperiph/misc.o
 .debug_frame   0x00000090      0x120 ./system/src/stm32f1-stdperiph/stm32f10x_dma.o
 .debug_frame   0x000001b0      0x1e8 ./system/src/stm32f1-stdperiph/stm32f10x_gpio.o
 .debug_frame   0x00000398       0x90 ./system/src/stm32f1-stdperiph/stm32f10x_iwdg.o
 .debug_frame   0x00000428      0x320 ./system/src/stm32f1-stdperiph/stm32f10x_rcc.o
 .debug_frame   0x00000748      0x29c ./system/src/stm32f1-stdperiph/stm32f10x_sdio.o
 .debug_frame   0x000009e4      0x9fc ./system/src/stm32f1-stdperiph/stm32f10x_tim.o
 .debug_frame   0x000013e0      0x320 ./system/src/stm32f1-stdperiph/stm32f10x_usart.o
 .debug_frame   0x00001700       0x38 ./system/src/newlib/_exit.o
 .debug_frame   0x00001738       0x28 ./system/src/newlib/_sbrk.o
 .debug_frame   0x00001760       0x7c ./system/src/newlib/_startup.o
 .debug_frame   0x000017dc       0x50 ./system/src/newlib/_syscalls.o
 .debug_frame   0x0000182c       0x40 ./system/src/newlib/assert.o
 .debug_frame   0x0000186c       0x94 ./system/src/diag/Trace.o
 .debug_frame   0x00001900       0x64 ./system/src/diag/trace_impl.o
 .debug_frame   0x00001964       0x40 ./system/src/cortexm/_initialize_hardware.o
 .debug_frame   0x000019a4      0x158 ./system/src/cortexm/exception_handlers.o
 .debug_frame   0x00001afc       0x6c ./system/src/cmsis/system_stm32f10x.o
 .debug_frame   0x00001b68       0x20 ./system/src/cmsis/vectors_stm32f10x.o
 .debug_frame   0x00001b88      0x430 ./src/ff9/bsp_sdio_sdcard.o
 .debug_frame   0x00001fb8       0x48 ./src/ff9/cc936.o
 .debug_frame   0x00002000       0x88 ./src/ff9/diskio.o
 .debug_frame   0x00002088      0x494 ./src/ff9/ff.o
 .debug_frame   0x0000251c      0x2b4 ./src/8285_download_protocol.o
 .debug_frame   0x000027d0       0xac ./src/Data_pool.o
 .debug_frame   0x0000287c       0x40 ./src/bsp_iwdg.o
 .debug_frame   0x000028bc       0xc4 ./src/bsp_time_delay.o
 .debug_frame   0x00002980      0x190 ./src/bsp_usart.o
 .debug_frame   0x00002b10      0x120 ./src/clib.o
 .debug_frame   0x00002c30       0xac ./src/main.o
 .debug_frame   0x00002cdc       0x20 c:/program files (x86)/gnu tools arm embedded/6.2 2016q4/bin/../lib/gcc/arm-none-eabi/6.2.1/../../../../arm-none-eabi/lib/thumb/v7-m\libg_nano.a(lib_a-errno.o)
 .debug_frame   0x00002cfc       0x20 c:/program files (x86)/gnu tools arm embedded/6.2 2016q4/bin/../lib/gcc/arm-none-eabi/6.2.1/../../../../arm-none-eabi/lib/thumb/v7-m\libg_nano.a(lib_a-memset.o)
 .debug_frame   0x00002d1c       0x4c c:/program files (x86)/gnu tools arm embedded/6.2 2016q4/bin/../lib/gcc/arm-none-eabi/6.2.1/../../../../arm-none-eabi/lib/thumb/v7-m\libg_nano.a(lib_a-vsnprintf.o)
 .debug_frame   0x00002d68       0x90 c:/program files (x86)/gnu tools arm embedded/6.2 2016q4/bin/../lib/gcc/arm-none-eabi/6.2.1/../../../../arm-none-eabi/lib/thumb/v7-m\libg_nano.a(lib_a-nano-svfprintf.o)
 .debug_frame   0x00002df8       0x60 c:/program files (x86)/gnu tools arm embedded/6.2 2016q4/bin/../lib/gcc/arm-none-eabi/6.2.1/../../../../arm-none-eabi/lib/thumb/v7-m\libg_nano.a(lib_a-nano-vfprintf_i.o)
 .debug_frame   0x00002e58       0x28 c:/program files (x86)/gnu tools arm embedded/6.2 2016q4/bin/../lib/gcc/arm-none-eabi/6.2.1/../../../../arm-none-eabi/lib/thumb/v7-m\libg_nano.a(lib_a-memchr-stub.o)
 .debug_frame   0x00002e80       0x28 c:/program files (x86)/gnu tools arm embedded/6.2 2016q4/bin/../lib/gcc/arm-none-eabi/6.2.1/../../../../arm-none-eabi/lib/thumb/v7-m\libg_nano.a(lib_a-memcpy-stub.o)
 .debug_frame   0x00002ea8       0x28 c:/program files (x86)/gnu tools arm embedded/6.2 2016q4/bin/../lib/gcc/arm-none-eabi/6.2.1/../../../../arm-none-eabi/lib/thumb/v7-m\libg_nano.a(lib_a-memmove.o)
 .debug_frame   0x00002ed0       0x38 c:/program files (x86)/gnu tools arm embedded/6.2 2016q4/bin/../lib/gcc/arm-none-eabi/6.2.1/../../../../arm-none-eabi/lib/thumb/v7-m\libg_nano.a(lib_a-nano-freer.o)
 .debug_frame   0x00002f08       0x2c c:/program files (x86)/gnu tools arm embedded/6.2 2016q4/bin/../lib/gcc/arm-none-eabi/6.2.1/../../../../arm-none-eabi/lib/thumb/v7-m\libg_nano.a(lib_a-nano-mallocr.o)
 .debug_frame   0x00002f34       0x3c c:/program files (x86)/gnu tools arm embedded/6.2 2016q4/bin/../lib/gcc/arm-none-eabi/6.2.1/../../../../arm-none-eabi/lib/thumb/v7-m\libg_nano.a(lib_a-nano-reallocr.o)
 .debug_frame   0x00002f70       0x2c c:/program files (x86)/gnu tools arm embedded/6.2 2016q4/bin/../lib/gcc/arm-none-eabi/6.2.1/../../../../arm-none-eabi/lib/thumb/v7-m\libg_nano.a(lib_a-sbrkr.o)
 .debug_frame   0x00002f9c       0x30 c:/program files (x86)/gnu tools arm embedded/6.2 2016q4/bin/../lib/gcc/arm-none-eabi/6.2.1/../../../../arm-none-eabi/lib/thumb/v7-m\libg_nano.a(lib_a-mlock.o)
 .debug_frame   0x00002fcc       0x20 c:/program files (x86)/gnu tools arm embedded/6.2 2016q4/bin/../lib/gcc/arm-none-eabi/6.2.1/../../../../arm-none-eabi/lib/thumb/v7-m\libg_nano.a(lib_a-nano-msizer.o)

.debug_str      0x00000000    0x5cb6e
 *(.debug_str)
 .debug_str     0x00000000    0x4e4ec ./system/src/stm32f1-stdperiph/misc.o
                              0x4e675 (size before relaxing)
 .debug_str     0x0004e4ec      0x6ef ./system/src/stm32f1-stdperiph/stm32f10x_dma.o
                              0x4eb1e (size before relaxing)
 .debug_str     0x0004ebdb      0x5c3 ./system/src/stm32f1-stdperiph/stm32f10x_gpio.o
                              0x4e9f3 (size before relaxing)
 .debug_str     0x0004f19e      0x111 ./system/src/stm32f1-stdperiph/stm32f10x_iwdg.o
                              0x4e520 (size before relaxing)
 .debug_str     0x0004f2af      0xb4a ./system/src/stm32f1-stdperiph/stm32f10x_rcc.o
                              0x4efc2 (size before relaxing)
 .debug_str     0x0004fdf9      0x9c3 ./system/src/stm32f1-stdperiph/stm32f10x_sdio.o
                              0x4ee0e (size before relaxing)
 .debug_str     0x000507bc      0xc13 ./system/src/stm32f1-stdperiph/stm32f10x_tim.o
                              0x4f10e (size before relaxing)
 .debug_str     0x000513cf      0x7f8 ./system/src/stm32f1-stdperiph/stm32f10x_usart.o
                              0x4ed2c (size before relaxing)
 .debug_str     0x00051bc7     0x4c49 ./system/src/newlib/_exit.o
                               0x73b8 (size before relaxing)
 .debug_str     0x00056810      0x4f5 ./system/src/newlib/_sbrk.o
                               0x6783 (size before relaxing)
 .debug_str     0x00056d05      0x25b ./system/src/newlib/_startup.o
                               0x5f42 (size before relaxing)
 .debug_str     0x00056f60      0xe2c ./system/src/newlib/_syscalls.o
                               0x75ff (size before relaxing)
 .debug_str     0x00057d8c       0xd0 ./system/src/newlib/assert.o
                               0x7ebd (size before relaxing)
 .debug_str     0x00057e5c      0x883 ./system/src/diag/Trace.o
                               0x7b9e (size before relaxing)
 .debug_str     0x000586df      0x37b ./system/src/diag/trace_impl.o
                              0x523bd (size before relaxing)
 .debug_str     0x00058a5a       0x5e ./system/src/cortexm/_initialize_hardware.o
                              0x4e4dd (size before relaxing)
 .debug_str     0x00058ab8      0x19d ./system/src/cortexm/exception_handlers.o
                              0x53555 (size before relaxing)
 .debug_str     0x00058c55       0x96 ./system/src/cmsis/system_stm32f10x.o
                              0x4e577 (size before relaxing)
 .debug_str     0x00058ceb       0x57 ./system/src/cmsis/vectors_stm32f10x.o
                               0x30f9 (size before relaxing)
 .debug_str     0x00058d42     0x21ae ./src/ff9/bsp_sdio_sdcard.o
                              0x50bbb (size before relaxing)
 .debug_str     0x0005aef0      0x566 ./src/ff9/cc936.o
                               0x2b6c (size before relaxing)
 .debug_str     0x0005b456      0x20b ./src/ff9/diskio.o
                              0x4f4e2 (size before relaxing)
 .debug_str     0x0005b661      0xa4d ./src/ff9/ff.o
                               0x37d8 (size before relaxing)
 .debug_str     0x0005c0ae      0x703 ./src/8285_download_protocol.o
                              0x4fd6f (size before relaxing)
 .debug_str     0x0005c7b1       0x6f ./src/Data_pool.o
                              0x4e4ed (size before relaxing)
 .debug_str     0x0005c820       0x1c ./src/bsp_iwdg.o
                              0x4e49b (size before relaxing)
 .debug_str     0x0005c83c       0xc5 ./src/bsp_time_delay.o
                              0x4fec7 (size before relaxing)
 .debug_str     0x0005c901       0xde ./src/bsp_usart.o
                              0x4ffd8 (size before relaxing)
 .debug_str     0x0005c9df       0xdf ./src/clib.o
                               0x3184 (size before relaxing)
 .debug_str     0x0005cabe       0x1d ./src/download_data_array.o
                              0x4e454 (size before relaxing)
 .debug_str     0x0005cadb       0x93 ./src/main.o
                              0x55112 (size before relaxing)

.debug_loc      0x00000000     0xbcf4
 *(.debug_loc)
 .debug_loc     0x00000000      0x16a ./system/src/stm32f1-stdperiph/misc.o
 .debug_loc     0x0000016a      0x36d ./system/src/stm32f1-stdperiph/stm32f10x_dma.o
 .debug_loc     0x000004d7      0x8ae ./system/src/stm32f1-stdperiph/stm32f10x_gpio.o
 .debug_loc     0x00000d85       0xfa ./system/src/stm32f1-stdperiph/stm32f10x_iwdg.o
 .debug_loc     0x00000e7f      0x9cf ./system/src/stm32f1-stdperiph/stm32f10x_rcc.o
 .debug_loc     0x0000184e      0x448 ./system/src/stm32f1-stdperiph/stm32f10x_sdio.o
 .debug_loc     0x00001c96     0x2635 ./system/src/stm32f1-stdperiph/stm32f10x_tim.o
 .debug_loc     0x000042cb      0xc98 ./system/src/stm32f1-stdperiph/stm32f10x_usart.o
 .debug_loc     0x00004f63       0x85 ./system/src/newlib/_sbrk.o
 .debug_loc     0x00004fe8      0x19e ./system/src/newlib/_startup.o
 .debug_loc     0x00005186       0x63 ./system/src/newlib/_syscalls.o
 .debug_loc     0x000051e9      0x134 ./system/src/newlib/assert.o
 .debug_loc     0x0000531d       0xf6 ./system/src/diag/Trace.o
 .debug_loc     0x00005413      0x121 ./system/src/diag/trace_impl.o
 .debug_loc     0x00005534      0x291 ./system/src/cortexm/exception_handlers.o
 .debug_loc     0x000057c5       0xdf ./system/src/cmsis/system_stm32f10x.o
 .debug_loc     0x000058a4     0x1324 ./src/ff9/bsp_sdio_sdcard.o
 .debug_loc     0x00006bc8      0x18b ./src/ff9/cc936.o
 .debug_loc     0x00006d53      0x264 ./src/ff9/diskio.o
 .debug_loc     0x00006fb7     0x3358 ./src/ff9/ff.o
 .debug_loc     0x0000a30f      0xc0d ./src/8285_download_protocol.o
 .debug_loc     0x0000af1c      0x28d ./src/Data_pool.o
 .debug_loc     0x0000b1a9       0x79 ./src/bsp_time_delay.o
 .debug_loc     0x0000b222      0x2b3 ./src/bsp_usart.o
 .debug_loc     0x0000b4d5      0x76c ./src/clib.o
 .debug_loc     0x0000bc41       0xb3 ./src/main.o

.debug_macinfo
 *(.debug_macinfo)

.debug_weaknames
 *(.debug_weaknames)

.debug_funcnames
 *(.debug_funcnames)

.debug_typenames
 *(.debug_typenames)

.debug_varnames
 *(.debug_varnames)
OUTPUT(stm32_offline_download_rst.elf elf32-littlearm)

.debug_ranges   0x00000000      0xe68
 .debug_ranges  0x00000000       0x30 ./system/src/stm32f1-stdperiph/misc.o
 .debug_ranges  0x00000030       0x60 ./system/src/stm32f1-stdperiph/stm32f10x_dma.o
 .debug_ranges  0x00000090       0x98 ./system/src/stm32f1-stdperiph/stm32f10x_gpio.o
 .debug_ranges  0x00000128       0x38 ./system/src/stm32f1-stdperiph/stm32f10x_iwdg.o
 .debug_ranges  0x00000160      0x108 ./system/src/stm32f1-stdperiph/stm32f10x_rcc.o
 .debug_ranges  0x00000268       0xf8 ./system/src/stm32f1-stdperiph/stm32f10x_sdio.o
 .debug_ranges  0x00000360      0x2e0 ./system/src/stm32f1-stdperiph/stm32f10x_tim.o
 .debug_ranges  0x00000640       0xf0 ./system/src/stm32f1-stdperiph/stm32f10x_usart.o
 .debug_ranges  0x00000730       0x18 ./system/src/newlib/_exit.o
 .debug_ranges  0x00000748       0x10 ./system/src/newlib/_sbrk.o
 .debug_ranges  0x00000758       0x78 ./system/src/newlib/_startup.o
 .debug_ranges  0x000007d0       0x20 ./system/src/newlib/_syscalls.o
 .debug_ranges  0x000007f0       0x18 ./system/src/newlib/assert.o
 .debug_ranges  0x00000808       0x28 ./system/src/diag/Trace.o
 .debug_ranges  0x00000830       0x38 ./system/src/diag/trace_impl.o
 .debug_ranges  0x00000868       0x18 ./system/src/cortexm/_initialize_hardware.o
 .debug_ranges  0x00000880       0x80 ./system/src/cortexm/exception_handlers.o
 .debug_ranges  0x00000900       0x28 ./system/src/cmsis/system_stm32f10x.o
 .debug_ranges  0x00000928       0x10 ./system/src/cmsis/vectors_stm32f10x.o
 .debug_ranges  0x00000938      0x138 ./src/ff9/bsp_sdio_sdcard.o
 .debug_ranges  0x00000a70       0x18 ./src/ff9/cc936.o
 .debug_ranges  0x00000a88       0x38 ./src/ff9/diskio.o
 .debug_ranges  0x00000ac0      0x158 ./src/ff9/ff.o
 .debug_ranges  0x00000c18       0xb8 ./src/8285_download_protocol.o
 .debug_ranges  0x00000cd0       0x38 ./src/Data_pool.o
 .debug_ranges  0x00000d08       0x18 ./src/bsp_iwdg.o
 .debug_ranges  0x00000d20       0x40 ./src/bsp_time_delay.o
 .debug_ranges  0x00000d60       0x70 ./src/bsp_usart.o
 .debug_ranges  0x00000dd0       0x60 ./src/clib.o
 .debug_ranges  0x00000e30       0x38 ./src/main.o

.debug_macro    0x00000000    0x1305f
 .debug_macro   0x00000000      0x171 ./system/src/stm32f1-stdperiph/misc.o
 .debug_macro   0x00000171      0x8c2 ./system/src/stm32f1-stdperiph/misc.o
 .debug_macro   0x00000a33       0x50 ./system/src/stm32f1-stdperiph/misc.o
 .debug_macro   0x00000a83      0x34e ./system/src/stm32f1-stdperiph/misc.o
 .debug_macro   0x00000dd1       0x35 ./system/src/stm32f1-stdperiph/misc.o
 .debug_macro   0x00000e06       0x34 ./system/src/stm32f1-stdperiph/misc.o
 .debug_macro   0x00000e3a      0xb8e ./system/src/stm32f1-stdperiph/misc.o
 .debug_macro   0x000019c8     0x7e6d ./system/src/stm32f1-stdperiph/misc.o
 .debug_macro   0x00009835      0x2e4 ./system/src/stm32f1-stdperiph/misc.o
 .debug_macro   0x00009b19      0x144 ./system/src/stm32f1-stdperiph/misc.o
 .debug_macro   0x00009c5d      0x3cf ./system/src/stm32f1-stdperiph/misc.o
 .debug_macro   0x0000a02c       0xc8 ./system/src/stm32f1-stdperiph/misc.o
 .debug_macro   0x0000a0f4      0x17a ./system/src/stm32f1-stdperiph/misc.o
 .debug_macro   0x0000a26e       0xac ./system/src/stm32f1-stdperiph/misc.o
 .debug_macro   0x0000a31a      0x3ad ./system/src/stm32f1-stdperiph/misc.o
 .debug_macro   0x0000a6c7       0x9d ./system/src/stm32f1-stdperiph/misc.o
 .debug_macro   0x0000a764      0x2cf ./system/src/stm32f1-stdperiph/misc.o
 .debug_macro   0x0000aa33      0x279 ./system/src/stm32f1-stdperiph/misc.o
 .debug_macro   0x0000acac      0x2ac ./system/src/stm32f1-stdperiph/misc.o
 .debug_macro   0x0000af58      0x2b4 ./system/src/stm32f1-stdperiph/misc.o
 .debug_macro   0x0000b20c       0x64 ./system/src/stm32f1-stdperiph/misc.o
 .debug_macro   0x0000b270       0x82 ./system/src/stm32f1-stdperiph/misc.o
 .debug_macro   0x0000b2f2      0x3e2 ./system/src/stm32f1-stdperiph/misc.o
 .debug_macro   0x0000b6d4       0x58 ./system/src/stm32f1-stdperiph/misc.o
 .debug_macro   0x0000b72c      0x344 ./system/src/stm32f1-stdperiph/misc.o
 .debug_macro   0x0000ba70      0x2c4 ./system/src/stm32f1-stdperiph/misc.o
 .debug_macro   0x0000bd34      0x711 ./system/src/stm32f1-stdperiph/misc.o
 .debug_macro   0x0000c445      0x222 ./system/src/stm32f1-stdperiph/misc.o
 .debug_macro   0x0000c667       0x34 ./system/src/stm32f1-stdperiph/misc.o
 .debug_macro   0x0000c69b       0x35 ./system/src/stm32f1-stdperiph/misc.o
 .debug_macro   0x0000c6d0       0x85 ./system/src/stm32f1-stdperiph/misc.o
 .debug_macro   0x0000c755      0x1bf ./system/src/stm32f1-stdperiph/stm32f10x_dma.o
 .debug_macro   0x0000c914       0x8b ./system/src/stm32f1-stdperiph/stm32f10x_dma.o
 .debug_macro   0x0000c99f      0x3a7 ./system/src/stm32f1-stdperiph/stm32f10x_dma.o
 .debug_macro   0x0000cd46      0x1b9 ./system/src/stm32f1-stdperiph/stm32f10x_gpio.o
 .debug_macro   0x0000ceff      0x2a6 ./system/src/stm32f1-stdperiph/stm32f10x_gpio.o
 .debug_macro   0x0000d1a5      0x177 ./system/src/stm32f1-stdperiph/stm32f10x_iwdg.o
 .debug_macro   0x0000d31c       0x5e ./system/src/stm32f1-stdperiph/stm32f10x_iwdg.o
 .debug_macro   0x0000d37a      0x287 ./system/src/stm32f1-stdperiph/stm32f10x_rcc.o
 .debug_macro   0x0000d601      0x3dc ./system/src/stm32f1-stdperiph/stm32f10x_rcc.o
 .debug_macro   0x0000d9dd      0x219 ./system/src/stm32f1-stdperiph/stm32f10x_sdio.o
 .debug_macro   0x0000dbf6      0x33e ./system/src/stm32f1-stdperiph/stm32f10x_sdio.o
 .debug_macro   0x0000df34      0x183 ./system/src/stm32f1-stdperiph/stm32f10x_tim.o
 .debug_macro   0x0000e0b7      0x70b ./system/src/stm32f1-stdperiph/stm32f10x_tim.o
 .debug_macro   0x0000e7c2      0x21f ./system/src/stm32f1-stdperiph/stm32f10x_usart.o